#-----------------------------------------------------------
# Vivado v2020.1 (64-bit)
# SW Build 2902540 on Wed May 27 19:54:49 MDT 2020
# IP Build 2902112 on Wed May 27 22:43:36 MDT 2020
# Start of session at: Wed Feb  3 02:58:09 2021
# Process ID: 14256
# Current directory: C:/Users/javig/OneDrive/Documentos/sistemas-electronicos-digitales/Micro/FPGA/audio_recorder
# Command line: vivado.exe -gui_launcher_event rodinguilauncherevent3236 C:\Users\javig\OneDrive\Documentos\sistemas-electronicos-digitales\Micro\FPGA\audio_recorder\audio_recorder.xpr
# Log file: C:/Users/javig/OneDrive/Documentos/sistemas-electronicos-digitales/Micro/FPGA/audio_recorder/vivado.log
# Journal file: C:/Users/javig/OneDrive/Documentos/sistemas-electronicos-digitales/Micro/FPGA/audio_recorder\vivado.jou
#-----------------------------------------------------------
start_gui
open_project C:/Users/javig/OneDrive/Documentos/sistemas-electronicos-digitales/Micro/FPGA/audio_recorder/audio_recorder.xpr
update_compile_order -fileset sources_1
set_property -name {xsim.simulate.runtime} -value {14000ns} -objects [get_filesets sim_1]
launch_simulation
source audio_recorder_tb.tcl
update_compile_order -fileset sources_1
close_sim
