Archive member included to satisfy reference by file (symbol)

c:/st/stm32cubeide_1.4.0/stm32cubeide/plugins/com.st.stm32cube.ide.mcu.externaltools.gnu-tools-for-stm32.7-2018-q2-update.win32_1.5.0.202011040924/tools/bin/../lib/gcc/arm-none-eabi/7.3.1/../../../../arm-none-eabi/lib/thumb/v7e-m/fpv4-sp/hard\libc_nano.a(lib_a-errno.o)
                              Core/Src/syscalls.o (__errno)
c:/st/stm32cubeide_1.4.0/stm32cubeide/plugins/com.st.stm32cube.ide.mcu.externaltools.gnu-tools-for-stm32.7-2018-q2-update.win32_1.5.0.202011040924/tools/bin/../lib/gcc/arm-none-eabi/7.3.1/../../../../arm-none-eabi/lib/thumb/v7e-m/fpv4-sp/hard\libc_nano.a(lib_a-exit.o)
                              c:/st/stm32cubeide_1.4.0/stm32cubeide/plugins/com.st.stm32cube.ide.mcu.externaltools.gnu-tools-for-stm32.7-2018-q2-update.win32_1.5.0.202011040924/tools/bin/../lib/gcc/arm-none-eabi/7.3.1/../../../../arm-none-eabi/lib/thumb/v7e-m/fpv4-sp/hard/crt0.o (exit)
c:/st/stm32cubeide_1.4.0/stm32cubeide/plugins/com.st.stm32cube.ide.mcu.externaltools.gnu-tools-for-stm32.7-2018-q2-update.win32_1.5.0.202011040924/tools/bin/../lib/gcc/arm-none-eabi/7.3.1/../../../../arm-none-eabi/lib/thumb/v7e-m/fpv4-sp/hard\libc_nano.a(lib_a-impure.o)
                              c:/st/stm32cubeide_1.4.0/stm32cubeide/plugins/com.st.stm32cube.ide.mcu.externaltools.gnu-tools-for-stm32.7-2018-q2-update.win32_1.5.0.202011040924/tools/bin/../lib/gcc/arm-none-eabi/7.3.1/../../../../arm-none-eabi/lib/thumb/v7e-m/fpv4-sp/hard\libc_nano.a(lib_a-exit.o) (_global_impure_ptr)
c:/st/stm32cubeide_1.4.0/stm32cubeide/plugins/com.st.stm32cube.ide.mcu.externaltools.gnu-tools-for-stm32.7-2018-q2-update.win32_1.5.0.202011040924/tools/bin/../lib/gcc/arm-none-eabi/7.3.1/../../../../arm-none-eabi/lib/thumb/v7e-m/fpv4-sp/hard\libc_nano.a(lib_a-init.o)
                              c:/st/stm32cubeide_1.4.0/stm32cubeide/plugins/com.st.stm32cube.ide.mcu.externaltools.gnu-tools-for-stm32.7-2018-q2-update.win32_1.5.0.202011040924/tools/bin/../lib/gcc/arm-none-eabi/7.3.1/../../../../arm-none-eabi/lib/thumb/v7e-m/fpv4-sp/hard/crt0.o (__libc_init_array)
c:/st/stm32cubeide_1.4.0/stm32cubeide/plugins/com.st.stm32cube.ide.mcu.externaltools.gnu-tools-for-stm32.7-2018-q2-update.win32_1.5.0.202011040924/tools/bin/../lib/gcc/arm-none-eabi/7.3.1/../../../../arm-none-eabi/lib/thumb/v7e-m/fpv4-sp/hard\libc_nano.a(lib_a-malloc.o)
                              Middlewares/ST/STM32_USB_Host_Library/Class/MSC/Src/usbh_msc.o (malloc)
c:/st/stm32cubeide_1.4.0/stm32cubeide/plugins/com.st.stm32cube.ide.mcu.externaltools.gnu-tools-for-stm32.7-2018-q2-update.win32_1.5.0.202011040924/tools/bin/../lib/gcc/arm-none-eabi/7.3.1/../../../../arm-none-eabi/lib/thumb/v7e-m/fpv4-sp/hard\libc_nano.a(lib_a-memcpy-stub.o)
                              Audio/MY_CS43L22.o (memcpy)
c:/st/stm32cubeide_1.4.0/stm32cubeide/plugins/com.st.stm32cube.ide.mcu.externaltools.gnu-tools-for-stm32.7-2018-q2-update.win32_1.5.0.202011040924/tools/bin/../lib/gcc/arm-none-eabi/7.3.1/../../../../arm-none-eabi/lib/thumb/v7e-m/fpv4-sp/hard\libc_nano.a(lib_a-memset.o)
                              c:/st/stm32cubeide_1.4.0/stm32cubeide/plugins/com.st.stm32cube.ide.mcu.externaltools.gnu-tools-for-stm32.7-2018-q2-update.win32_1.5.0.202011040924/tools/bin/../lib/gcc/arm-none-eabi/7.3.1/../../../../arm-none-eabi/lib/thumb/v7e-m/fpv4-sp/hard/crt0.o (memset)
c:/st/stm32cubeide_1.4.0/stm32cubeide/plugins/com.st.stm32cube.ide.mcu.externaltools.gnu-tools-for-stm32.7-2018-q2-update.win32_1.5.0.202011040924/tools/bin/../lib/gcc/arm-none-eabi/7.3.1/../../../../arm-none-eabi/lib/thumb/v7e-m/fpv4-sp/hard\libc_nano.a(lib_a-nano-freer.o)
                              c:/st/stm32cubeide_1.4.0/stm32cubeide/plugins/com.st.stm32cube.ide.mcu.externaltools.gnu-tools-for-stm32.7-2018-q2-update.win32_1.5.0.202011040924/tools/bin/../lib/gcc/arm-none-eabi/7.3.1/../../../../arm-none-eabi/lib/thumb/v7e-m/fpv4-sp/hard\libc_nano.a(lib_a-malloc.o) (_free_r)
c:/st/stm32cubeide_1.4.0/stm32cubeide/plugins/com.st.stm32cube.ide.mcu.externaltools.gnu-tools-for-stm32.7-2018-q2-update.win32_1.5.0.202011040924/tools/bin/../lib/gcc/arm-none-eabi/7.3.1/../../../../arm-none-eabi/lib/thumb/v7e-m/fpv4-sp/hard\libc_nano.a(lib_a-nano-mallocr.o)
                              c:/st/stm32cubeide_1.4.0/stm32cubeide/plugins/com.st.stm32cube.ide.mcu.externaltools.gnu-tools-for-stm32.7-2018-q2-update.win32_1.5.0.202011040924/tools/bin/../lib/gcc/arm-none-eabi/7.3.1/../../../../arm-none-eabi/lib/thumb/v7e-m/fpv4-sp/hard\libc_nano.a(lib_a-malloc.o) (_malloc_r)
c:/st/stm32cubeide_1.4.0/stm32cubeide/plugins/com.st.stm32cube.ide.mcu.externaltools.gnu-tools-for-stm32.7-2018-q2-update.win32_1.5.0.202011040924/tools/bin/../lib/gcc/arm-none-eabi/7.3.1/../../../../arm-none-eabi/lib/thumb/v7e-m/fpv4-sp/hard\libc_nano.a(lib_a-sbrkr.o)
[...]
Memory Configuration

Name             Origin             Length             Attributes
CCMRAM           0x0000000010000000 0x0000000000010000 xrw
RAM              0x0000000020000000 0x0000000000020000 xrw
FLASH            0x0000000008000000 0x0000000000100000 xr
*default*        0x0000000000000000 0xffffffffffffffff

Linker script and memory map

LOAD c:/st/stm32cubeide_1.4.0/stm32cubeide/plugins/com.st.stm32cube.ide.mcu.externaltools.gnu-tools-for-stm32.7-2018-q2-update.win32_1.5.0.202011040924/tools/bin/../lib/gcc/arm-none-eabi/7.3.1/thumb/v7e-m/fpv4-sp/hard/crti.o
LOAD c:/st/stm32cubeide_1.4.0/stm32cubeide/plugins/com.st.stm32cube.ide.mcu.externaltools.gnu-tools-for-stm32.7-2018-q2-update.win32_1.5.0.202011040924/tools/bin/../lib/gcc/arm-none-eabi/7.3.1/thumb/v7e-m/fpv4-sp/hard/crtbegin.o
LOAD c:/st/stm32cubeide_1.4.0/stm32cubeide/plugins/com.st.stm32cube.ide.mcu.externaltools.gnu-tools-for-stm32.7-2018-q2-update.win32_1.5.0.202011040924/tools/bin/../lib/gcc/arm-none-eabi/7.3.1/../../../../arm-none-eabi/lib/thumb/v7e-m/fpv4-sp/hard/crt0.o
LOAD Audio/MY_CS43L22.o
LOAD Audio/audioI2S.o
LOAD Audio/wav_player.o
LOAD Core/Src/main.o
LOAD Core/Src/stm32f4xx_hal_msp.o
LOAD Core/Src/stm32f4xx_it.o
LOAD Core/Src/syscalls.o
LOAD Core/Src/sysmem.o
LOAD Core/Src/system_stm32f4xx.o
LOAD Core/Startup/startup_stm32f407vgtx.o
LOAD Drivers/STM32F4xx_HAL_Driver/Src/stm32f4xx_hal.o
LOAD Drivers/STM32F4xx_HAL_Driver/Src/stm32f4xx_hal_adc.o
LOAD Drivers/STM32F4xx_HAL_Driver/Src/stm32f4xx_hal_adc_ex.o
LOAD Drivers/STM32F4xx_HAL_Driver/Src/stm32f4xx_hal_cortex.o
LOAD Drivers/STM32F4xx_HAL_Driver/Src/stm32f4xx_hal_dma.o
LOAD Drivers/STM32F4xx_HAL_Driver/Src/stm32f4xx_hal_dma_ex.o
LOAD Drivers/STM32F4xx_HAL_Driver/Src/stm32f4xx_hal_exti.o
LOAD Drivers/STM32F4xx_HAL_Driver/Src/stm32f4xx_hal_flash.o
LOAD Drivers/STM32F4xx_HAL_Driver/Src/stm32f4xx_hal_flash_ex.o
LOAD Drivers/STM32F4xx_HAL_Driver/Src/stm32f4xx_hal_flash_ramfunc.o
LOAD Drivers/STM32F4xx_HAL_Driver/Src/stm32f4xx_hal_gpio.o
LOAD Drivers/STM32F4xx_HAL_Driver/Src/stm32f4xx_hal_hcd.o
LOAD Drivers/STM32F4xx_HAL_Driver/Src/stm32f4xx_hal_i2c.o
LOAD Drivers/STM32F4xx_HAL_Driver/Src/stm32f4xx_hal_i2c_ex.o
LOAD Drivers/STM32F4xx_HAL_Driver/Src/stm32f4xx_hal_i2s.o
LOAD Drivers/STM32F4xx_HAL_Driver/Src/stm32f4xx_hal_i2s_ex.o
LOAD Drivers/STM32F4xx_HAL_Driver/Src/stm32f4xx_hal_pwr.o
LOAD Drivers/STM32F4xx_HAL_Driver/Src/stm32f4xx_hal_pwr_ex.o
LOAD Drivers/STM32F4xx_HAL_Driver/Src/stm32f4xx_hal_rcc.o
LOAD Drivers/STM32F4xx_HAL_Driver/Src/stm32f4xx_hal_rcc_ex.o
LOAD Drivers/STM32F4xx_HAL_Driver/Src/stm32f4xx_hal_tim.o
LOAD Drivers/STM32F4xx_HAL_Driver/Src/stm32f4xx_hal_tim_ex.o
LOAD Drivers/STM32F4xx_HAL_Driver/Src/stm32f4xx_ll_usb.o
LOAD FATFS/App/fatfs.o
LOAD FATFS/Target/usbh_diskio.o
LOAD Middlewares/ST/STM32_USB_Host_Library/Class/MSC/Src/usbh_msc.o
LOAD Middlewares/ST/STM32_USB_Host_Library/Class/MSC/Src/usbh_msc_bot.o
LOAD Middlewares/ST/STM32_USB_Host_Library/Class/MSC/Src/usbh_msc_scsi.o
LOAD Middlewares/ST/STM32_USB_Host_Library/Core/Src/usbh_core.o
LOAD Middlewares/ST/STM32_USB_Host_Library/Core/Src/usbh_ctlreq.o
LOAD Middlewares/ST/STM32_USB_Host_Library/Core/Src/usbh_ioreq.o
LOAD Middlewares/ST/STM32_USB_Host_Library/Core/Src/usbh_pipes.o
LOAD Middlewares/Third_Party/FatFs/src/diskio.o
LOAD Middlewares/Third_Party/FatFs/src/ff.o
LOAD Middlewares/Third_Party/FatFs/src/ff_gen_drv.o
LOAD Middlewares/Third_Party/FatFs/src/option/syscall.o
LOAD USB_HOST/App/usb_host.o
LOAD USB_HOST/Target/usbh_conf.o
START GROUP
LOAD c:/st/stm32cubeide_1.4.0/stm32cubeide/plugins/com.st.stm32cube.ide.mcu.externaltools.gnu-tools-for-stm32.7-2018-q2-update.win32_1.5.0.202011040924/tools/bin/../lib/gcc/arm-none-eabi/7.3.1/../../../../arm-none-eabi/lib/thumb/v7e-m/fpv4-sp/hard\libc_nano.a
LOAD c:/st/stm32cubeide_1.4.0/stm32cubeide/plugins/com.st.stm32cube.ide.mcu.externaltools.gnu-tools-for-stm32.7-2018-q2-update.win32_1.5.0.202011040924/tools/bin/../lib/gcc/arm-none-eabi/7.3.1/../../../../arm-none-eabi/lib/thumb/v7e-m/fpv4-sp/hard\libm.a
END GROUP
START GROUP
LOAD c:/st/stm32cubeide_1.4.0/stm32cubeide/plugins/com.st.stm32cube.ide.mcu.externaltools.gnu-tools-for-stm32.7-2018-q2-update.win32_1.5.0.202011040924/tools/bin/../lib/gcc/arm-none-eabi/7.3.1/thumb/v7e-m/fpv4-sp/hard\libgcc.a
LOAD c:/st/stm32cubeide_1.4.0/stm32cubeide/plugins/com.st.stm32cube.ide.mcu.externaltools.gnu-tools-for-stm32.7-2018-q2-update.win32_1.5.0.202011040924/tools/bin/../lib/gcc/arm-none-eabi/7.3.1/../../../../arm-none-eabi/lib/thumb/v7e-m/fpv4-sp/hard\libc_nano.a
END GROUP
START GROUP
LOAD c:/st/stm32cubeide_1.4.0/stm32cubeide/plugins/com.st.stm32cube.ide.mcu.externaltools.gnu-tools-for-stm32.7-2018-q2-update.win32_1.5.0.202011040924/tools/bin/../lib/gcc/arm-none-eabi/7.3.1/thumb/v7e-m/fpv4-sp/hard\libgcc.a
LOAD c:/st/stm32cubeide_1.4.0/stm32cubeide/plugins/com.st.stm32cube.ide.mcu.externaltools.gnu-tools-for-stm32.7-2018-q2-update.win32_1.5.0.202011040924/tools/bin/../lib/gcc/arm-none-eabi/7.3.1/../../../../arm-none-eabi/lib/thumb/v7e-m/fpv4-sp/hard\libc_nano.a
LOAD c:/st/stm32cubeide_1.4.0/stm32cubeide/plugins/com.st.stm32cube.ide.mcu.externaltools.gnu-tools-for-stm32.7-2018-q2-update.win32_1.5.0.202011040924/tools/bin/../lib/gcc/arm-none-eabi/7.3.1/../../../../arm-none-eabi/lib/thumb/v7e-m/fpv4-sp/hard\libnosys.a
END GROUP
START GROUP
LOAD c:/st/stm32cubeide_1.4.0/stm32cubeide/plugins/com.st.stm32cube.ide.mcu.externaltools.gnu-tools-for-stm32.7-2018-q2-update.win32_1.5.0.202011040924/tools/bin/../lib/gcc/arm-none-eabi/7.3.1/thumb/v7e-m/fpv4-sp/hard\libgcc.a
LOAD c:/st/stm32cubeide_1.4.0/stm32cubeide/plugins/com.st.stm32cube.ide.mcu.externaltools.gnu-tools-for-stm32.7-2018-q2-update.win32_1.5.0.202011040924/tools/bin/../lib/gcc/arm-none-eabi/7.3.1/../../../../arm-none-eabi/lib/thumb/v7e-m/fpv4-sp/hard\libc_nano.a
LOAD c:/st/stm32cubeide_1.4.0/stm32cubeide/plugins/com.st.stm32cube.ide.mcu.externaltools.gnu-tools-for-stm32.7-2018-q2-update.win32_1.5.0.202011040924/tools/bin/../lib/gcc/arm-none-eabi/7.3.1/../../../../arm-none-eabi/lib/thumb/v7e-m/fpv4-sp/hard\libnosys.a
END GROUP
LOAD c:/st/stm32cubeide_1.4.0/stm32cubeide/plugins/com.st.stm32cube.ide.mcu.externaltools.gnu-tools-for-stm32.7-2018-q2-update.win32_1.5.0.202011040924/tools/bin/../lib/gcc/arm-none-eabi/7.3.1/thumb/v7e-m/fpv4-sp/hard/crtend.o
LOAD c:/st/stm32cubeide_1.4.0/stm32cubeide/plugins/com.st.stm32cube.ide.mcu.externaltools.gnu-tools-for-stm32.7-2018-q2-update.win32_1.5.0.202011040924/tools/bin/../lib/gcc/arm-none-eabi/7.3.1/thumb/v7e-m/fpv4-sp/hard/crtn.o
                0x0000000020020000                _estack = (ORIGIN (RAM) + LENGTH (RAM))
                0x0000000000002000                _Min_Heap_Size = 0x2000
                0x0000000000002000                _Min_Stack_Size = 0x2000

.isr_vector     0x0000000008000000      0x188
                0x0000000008000000                . = ALIGN (0x4)
 *(.isr_vector)
 .isr_vector    0x0000000008000000      0x188 Core/Startup/startup_stm32f407vgtx.o
                0x0000000008000000                g_pfnVectors
                0x0000000008000188                . = ALIGN (0x4)

.text           0x0000000008000188     0xeab4
                0x0000000008000188                . = ALIGN (0x4)
 *(.text)
 .text          0x0000000008000188       0x40 c:/st/stm32cubeide_1.4.0/stm32cubeide/plugins/com.st.stm32cube.ide.mcu.externaltools.gnu-tools-for-stm32.7-2018-q2-update.win32_1.5.0.202011040924/tools/bin/../lib/gcc/arm-none-eabi/7.3.1/thumb/v7e-m/fpv4-sp/hard/crtbegin.o
 .text          0x00000000080001c8       0x30 c:/st/stm32cubeide_1.4.0/stm32cubeide/plugins/com.st.stm32cube.ide.mcu.externaltools.gnu-tools-for-stm32.7-2018-q2-update.win32_1.5.0.202011040924/tools/bin/../lib/gcc/arm-none-eabi/7.3.1/thumb/v7e-m/fpv4-sp/hard\libgcc.a(_aeabi_uldivmod.o)
                0x00000000080001c8                __aeabi_uldivmod
 .text          0x00000000080001f8      0x2cc c:/st/stm32cubeide_1.4.0/stm32cubeide/plugins/com.st.stm32cube.ide.mcu.externaltools.gnu-tools-for-stm32.7-2018-q2-update.win32_1.5.0.202011040924/tools/bin/../lib/gcc/arm-none-eabi/7.3.1/thumb/v7e-m/fpv4-sp/hard\libgcc.a(_udivmoddi4.o)
                0x00000000080001f8                __udivmoddi4
 .text          0x00000000080004c4        0x4 c:/st/stm32cubeide_1.4.0/stm32cubeide/plugins/com.st.stm32cube.ide.mcu.externaltools.gnu-tools-for-stm32.7-2018-q2-update.win32_1.5.0.202011040924/tools/bin/../lib/gcc/arm-none-eabi/7.3.1/thumb/v7e-m/fpv4-sp/hard\libgcc.a(_dvmd_tls.o)
                0x00000000080004c4                __aeabi_idiv0
                0x00000000080004c4                __aeabi_ldiv0
 *(.text*)
 .text.write_register
                0x00000000080004c8       0x34 Audio/MY_CS43L22.o
 .text.read_register
                0x00000000080004fc       0x40 Audio/MY_CS43L22.o
 .text.CS43_Init
                0x000000000800053c      0x20c Audio/MY_CS43L22.o
                0x000000000800053c                CS43_Init
 .text.CS43_Enable_RightLeft
                0x0000000008000748       0x94 Audio/MY_CS43L22.o
                0x0000000008000748                CS43_Enable_RightLeft
 .text.CS43_SetVolume
                0x00000000080007dc       0x36 Audio/MY_CS43L22.o
                0x00000000080007dc                CS43_SetVolume
 .text.CS43_SetMute
                0x0000000008000812       0x7e Audio/MY_CS43L22.o
                0x0000000008000812                CS43_SetMute
 .text.CS43_Start
                0x0000000008000890       0x98 Audio/MY_CS43L22.o
                0x0000000008000890                CS43_Start
 .text.CS43_Stop
                0x0000000008000928       0x34 Audio/MY_CS43L22.o
                0x0000000008000928                CS43_Stop
 .text.audioI2S_pllClockConfig
                0x000000000800095c       0x98 Audio/audioI2S.o
 .text.I2S3_freqUpdate
                0x00000000080009f4       0x88 Audio/audioI2S.o
 .text.audioI2S_setHandle
                0x0000000008000a7c       0x20 Audio/audioI2S.o
                0x0000000008000a7c                audioI2S_setHandle
 .text.audioI2S_init
                0x0000000008000a9c       0x1e Audio/audioI2S.o
                0x0000000008000a9c                audioI2S_init
 *fill*         0x0000000008000aba        0x2 
 .text.audioI2S_play
                0x0000000008000abc       0x3c Audio/audioI2S.o
                0x0000000008000abc                audioI2S_play
 .text.audioI2S_pause
                0x0000000008000af8       0x1c Audio/audioI2S.o
                0x0000000008000af8                audioI2S_pause
 .text.audioI2S_resume
                0x0000000008000b14       0x1c Audio/audioI2S.o
                0x0000000008000b14                audioI2S_resume
 .text.audioI2S_stop
                0x0000000008000b30       0x1c Audio/audioI2S.o
                0x0000000008000b30                audioI2S_stop
 .text.HAL_I2S_TxCpltCallback
                0x0000000008000b4c       0x24 Audio/audioI2S.o
                0x0000000008000b4c                HAL_I2S_TxCpltCallback
 .text.HAL_I2S_TxHalfCpltCallback
                0x0000000008000b70       0x24 Audio/audioI2S.o
                0x0000000008000b70                HAL_I2S_TxHalfCpltCallback
 .text.wavPlayer_reset
                0x0000000008000b94       0x24 Audio/wav_player.o
 .text.wavPlayer_fileSelect
                0x0000000008000bb8       0x54 Audio/wav_player.o
                0x0000000008000bb8                wavPlayer_fileSelect
 .text.wavPlayer_play
                0x0000000008000c0c       0x64 Audio/wav_player.o
                0x0000000008000c0c                wavPlayer_play
 .text.wavPlayer_process
                0x0000000008000c70       0xe4 Audio/wav_player.o
                0x0000000008000c70                wavPlayer_process
 .text.wavPlayer_stop
                0x0000000008000d54       0x18 Audio/wav_player.o
                0x0000000008000d54                wavPlayer_stop
 .text.wavPlayer_pause
                0x0000000008000d6c        0xc Audio/wav_player.o
                0x0000000008000d6c                wavPlayer_pause
 .text.wavPlayer_resume
                0x0000000008000d78        0xc Audio/wav_player.o
                0x0000000008000d78                wavPlayer_resume
 .text.wavPlayer_isFinished
                0x0000000008000d84       0x18 Audio/wav_player.o
                0x0000000008000d84                wavPlayer_isFinished
 .text.audioI2S_halfTransfer_Callback
                0x0000000008000d9c       0x18 Audio/wav_player.o
                0x0000000008000d9c                audioI2S_halfTransfer_Callback
 .text.audioI2S_fullTransfer_Callback
                0x0000000008000db4       0x18 Audio/wav_player.o
                0x0000000008000db4                audioI2S_fullTransfer_Callback
 .text.HAL_TIM_PeriodElapsedCallback
                0x0000000008000dcc       0x2c Core/Src/main.o
                0x0000000008000dcc                HAL_TIM_PeriodElapsedCallback
 .text.main     0x0000000008000df8      0x2c0 Core/Src/main.o
                0x0000000008000df8                main
 .text.SystemClock_Config
                0x00000000080010b8      0x104 Core/Src/main.o
                0x00000000080010b8                SystemClock_Config
 .text.MX_ADC1_Init
                0x00000000080011bc       0xa8 Core/Src/main.o
 .text.MX_I2C1_Init
                0x0000000008001264       0x5c Core/Src/main.o
 .text.MX_I2S3_Init
                0x00000000080012c0       0x5c Core/Src/main.o
 .text.MX_TIM2_Init
                0x000000000800131c       0x9c Core/Src/main.o
 .text.MX_DMA_Init
                0x00000000080013b8       0x40 Core/Src/main.o
 .text.MX_GPIO_Init
                0x00000000080013f8      0x13c Core/Src/main.o
 .text.Error_Handler
                0x0000000008001534        0xe Core/Src/main.o
                0x0000000008001534                Error_Handler
 *fill*         0x0000000008001542        0x2 
 .text.HAL_MspInit
                0x0000000008001544       0x50 Core/Src/stm32f4xx_hal_msp.o
                0x0000000008001544                HAL_MspInit
 .text.HAL_ADC_MspInit
                0x0000000008001594       0x88 Core/Src/stm32f4xx_hal_msp.o
                0x0000000008001594                HAL_ADC_MspInit
 .text.HAL_I2C_MspInit
                0x000000000800161c       0x90 Core/Src/stm32f4xx_hal_msp.o
                0x000000000800161c                HAL_I2C_MspInit
 .text.HAL_I2S_MspInit
                0x00000000080016ac      0x14c Core/Src/stm32f4xx_hal_msp.o
                0x00000000080016ac                HAL_I2S_MspInit
 .text.HAL_TIM_Base_MspInit
                0x00000000080017f8       0x4c Core/Src/stm32f4xx_hal_msp.o
                0x00000000080017f8                HAL_TIM_Base_MspInit
 .text.NMI_Handler
                0x0000000008001844        0x6 Core/Src/stm32f4xx_it.o
                0x0000000008001844                NMI_Handler
 .text.HardFault_Handler
                0x000000000800184a        0x6 Core/Src/stm32f4xx_it.o
                0x000000000800184a                HardFault_Handler
 .text.MemManage_Handler
                0x0000000008001850        0x6 Core/Src/stm32f4xx_it.o
                0x0000000008001850                MemManage_Handler
 .text.BusFault_Handler
                0x0000000008001856        0x6 Core/Src/stm32f4xx_it.o
                0x0000000008001856                BusFault_Handler
 .text.UsageFault_Handler
                0x000000000800185c        0x6 Core/Src/stm32f4xx_it.o
                0x000000000800185c                UsageFault_Handler
 .text.SVC_Handler
                0x0000000008001862        0xe Core/Src/stm32f4xx_it.o
                0x0000000008001862                SVC_Handler
 .text.DebugMon_Handler
                0x0000000008001870        0xe Core/Src/stm32f4xx_it.o
                0x0000000008001870                DebugMon_Handler
 .text.PendSV_Handler
                0x000000000800187e        0xe Core/Src/stm32f4xx_it.o
                0x000000000800187e                PendSV_Handler
 .text.SysTick_Handler
                0x000000000800188c        0xc Core/Src/stm32f4xx_it.o
                0x000000000800188c                SysTick_Handler
 .text.DMA1_Stream5_IRQHandler
                0x0000000008001898       0x14 Core/Src/stm32f4xx_it.o
                0x0000000008001898                DMA1_Stream5_IRQHandler
 .text.TIM2_IRQHandler
                0x00000000080018ac       0x14 Core/Src/stm32f4xx_it.o
                0x00000000080018ac                TIM2_IRQHandler
 .text.OTG_FS_IRQHandler
                0x00000000080018c0       0x14 Core/Src/stm32f4xx_it.o
                0x00000000080018c0                OTG_FS_IRQHandler
 .text._sbrk    0x00000000080018d4       0x6c Core/Src/sysmem.o
                0x00000000080018d4                _sbrk
 .text.SystemInit
                0x0000000008001940       0x2c Core/Src/system_stm32f4xx.o
                0x0000000008001940                SystemInit
 .text.Reset_Handler
                0x000000000800196c       0x50 Core/Startup/startup_stm32f407vgtx.o
                0x000000000800196c                Reset_Handler
 .text.Default_Handler
                0x00000000080019bc        0x2 Core/Startup/startup_stm32f407vgtx.o
                0x00000000080019bc                RTC_Alarm_IRQHandler
                0x00000000080019bc                HASH_RNG_IRQHandler
                0x00000000080019bc                EXTI2_IRQHandler
                0x00000000080019bc                TIM8_CC_IRQHandler
                0x00000000080019bc                TIM1_CC_IRQHandler
                0x00000000080019bc                DMA2_Stream5_IRQHandler
                0x00000000080019bc                PVD_IRQHandler
                0x00000000080019bc                SDIO_IRQHandler
                0x00000000080019bc                TAMP_STAMP_IRQHandler
                0x00000000080019bc                CAN2_RX1_IRQHandler
                0x00000000080019bc                EXTI3_IRQHandler
                0x00000000080019bc                TIM8_TRG_COM_TIM14_IRQHandler
                0x00000000080019bc                TIM1_UP_TIM10_IRQHandler
                0x00000000080019bc                TIM8_UP_TIM13_IRQHandler
                0x00000000080019bc                I2C3_ER_IRQHandler
                0x00000000080019bc                EXTI0_IRQHandler
                0x00000000080019bc                I2C2_EV_IRQHandler
                0x00000000080019bc                DMA1_Stream2_IRQHandler
                0x00000000080019bc                CAN1_RX0_IRQHandler
                0x00000000080019bc                FPU_IRQHandler
                0x00000000080019bc                OTG_HS_WKUP_IRQHandler
                0x00000000080019bc                CAN2_SCE_IRQHandler
                0x00000000080019bc                DMA2_Stream2_IRQHandler
                0x00000000080019bc                SPI1_IRQHandler
                0x00000000080019bc                TIM6_DAC_IRQHandler
                0x00000000080019bc                TIM1_BRK_TIM9_IRQHandler
                0x00000000080019bc                DCMI_IRQHandler
                0x00000000080019bc                CAN2_RX0_IRQHandler
                0x00000000080019bc                DMA2_Stream3_IRQHandler
                0x00000000080019bc                USART6_IRQHandler
                0x00000000080019bc                USART3_IRQHandler
                0x00000000080019bc                CAN1_RX1_IRQHandler
                0x00000000080019bc                UART5_IRQHandler
                0x00000000080019bc                DMA2_Stream0_IRQHandler
                0x00000000080019bc                TIM4_IRQHandler
                0x00000000080019bc                I2C1_EV_IRQHandler
                0x00000000080019bc                DMA1_Stream6_IRQHandler
                0x00000000080019bc                DMA1_Stream1_IRQHandler
                0x00000000080019bc                UART4_IRQHandler
                0x00000000080019bc                TIM3_IRQHandler
                0x00000000080019bc                RCC_IRQHandler
                0x00000000080019bc                TIM8_BRK_TIM12_IRQHandler
                0x00000000080019bc                Default_Handler
                0x00000000080019bc                EXTI15_10_IRQHandler
                0x00000000080019bc                ADC_IRQHandler
                0x00000000080019bc                DMA1_Stream7_IRQHandler
                0x00000000080019bc                TIM7_IRQHandler
                0x00000000080019bc                CAN2_TX_IRQHandler
                0x00000000080019bc                TIM5_IRQHandler
                0x00000000080019bc                DMA2_Stream7_IRQHandler
                0x00000000080019bc                I2C3_EV_IRQHandler
                0x00000000080019bc                EXTI9_5_IRQHandler
                0x00000000080019bc                RTC_WKUP_IRQHandler
                0x00000000080019bc                ETH_WKUP_IRQHandler
                0x00000000080019bc                SPI2_IRQHandler
                0x00000000080019bc                OTG_HS_EP1_IN_IRQHandler
                0x00000000080019bc                DMA1_Stream0_IRQHandler
                0x00000000080019bc                CAN1_TX_IRQHandler
                0x00000000080019bc                EXTI4_IRQHandler
                0x00000000080019bc                FSMC_IRQHandler
                0x00000000080019bc                ETH_IRQHandler
                0x00000000080019bc                OTG_HS_EP1_OUT_IRQHandler
                0x00000000080019bc                WWDG_IRQHandler
                0x00000000080019bc                OTG_FS_WKUP_IRQHandler
                0x00000000080019bc                TIM1_TRG_COM_TIM11_IRQHandler
                0x00000000080019bc                OTG_HS_IRQHandler
                0x00000000080019bc                EXTI1_IRQHandler
                0x00000000080019bc                USART2_IRQHandler
                0x00000000080019bc                I2C2_ER_IRQHandler
                0x00000000080019bc                DMA2_Stream1_IRQHandler
                0x00000000080019bc                CAN1_SCE_IRQHandler
                0x00000000080019bc                FLASH_IRQHandler
                0x00000000080019bc                DMA2_Stream4_IRQHandler
                0x00000000080019bc                USART1_IRQHandler
                0x00000000080019bc                SPI3_IRQHandler
                0x00000000080019bc                DMA1_Stream4_IRQHandler
                0x00000000080019bc                I2C1_ER_IRQHandler
                0x00000000080019bc                DMA2_Stream6_IRQHandler
                0x00000000080019bc                DMA1_Stream3_IRQHandler
 *fill*         0x00000000080019be        0x2 
 .text.HAL_Init
                0x00000000080019c0       0x44 Drivers/STM32F4xx_HAL_Driver/Src/stm32f4xx_hal.o
                0x00000000080019c0                HAL_Init
 .text.HAL_InitTick
                0x0000000008001a04       0x60 Drivers/STM32F4xx_HAL_Driver/Src/stm32f4xx_hal.o
                0x0000000008001a04                HAL_InitTick
 .text.HAL_IncTick
                0x0000000008001a64       0x28 Drivers/STM32F4xx_HAL_Driver/Src/stm32f4xx_hal.o
                0x0000000008001a64                HAL_IncTick
 .text.HAL_GetTick
                0x0000000008001a8c       0x18 Drivers/STM32F4xx_HAL_Driver/Src/stm32f4xx_hal.o
                0x0000000008001a8c                HAL_GetTick
 .text.HAL_Delay
                0x0000000008001aa4       0x44 Drivers/STM32F4xx_HAL_Driver/Src/stm32f4xx_hal.o
                0x0000000008001aa4                HAL_Delay
 .text.HAL_ADC_Init
                0x0000000008001ae8       0x86 Drivers/STM32F4xx_HAL_Driver/Src/stm32f4xx_hal_adc.o
                0x0000000008001ae8                HAL_ADC_Init
 *fill*         0x0000000008001b6e        0x2 
 .text.HAL_ADC_Start
                0x0000000008001b70      0x18c Drivers/STM32F4xx_HAL_Driver/Src/stm32f4xx_hal_adc.o
                0x0000000008001b70                HAL_ADC_Start
 .text.HAL_ADC_Stop
                0x0000000008001cfc       0x66 Drivers/STM32F4xx_HAL_Driver/Src/stm32f4xx_hal_adc.o
                0x0000000008001cfc                HAL_ADC_Stop
 .text.HAL_ADC_PollForConversion
                0x0000000008001d62      0x108 Drivers/STM32F4xx_HAL_Driver/Src/stm32f4xx_hal_adc.o
                0x0000000008001d62                HAL_ADC_PollForConversion
 .text.HAL_ADC_GetValue
                0x0000000008001e6a       0x1a Drivers/STM32F4xx_HAL_Driver/Src/stm32f4xx_hal_adc.o
                0x0000000008001e6a                HAL_ADC_GetValue
 .text.HAL_ADC_ConfigChannel
                0x0000000008001e84      0x244 Drivers/STM32F4xx_HAL_Driver/Src/stm32f4xx_hal_adc.o
                0x0000000008001e84                HAL_ADC_ConfigChannel
 .text.ADC_Init
                0x00000000080020c8      0x1f8 Drivers/STM32F4xx_HAL_Driver/Src/stm32f4xx_hal_adc.o
 .text.__NVIC_SetPriorityGrouping
                0x00000000080022c0       0x48 Drivers/STM32F4xx_HAL_Driver/Src/stm32f4xx_hal_cortex.o
 .text.__NVIC_GetPriorityGrouping
                0x0000000008002308       0x1c Drivers/STM32F4xx_HAL_Driver/Src/stm32f4xx_hal_cortex.o
 .text.__NVIC_EnableIRQ
                0x0000000008002324       0x3c Drivers/STM32F4xx_HAL_Driver/Src/stm32f4xx_hal_cortex.o
 .text.__NVIC_SetPriority
                0x0000000008002360       0x54 Drivers/STM32F4xx_HAL_Driver/Src/stm32f4xx_hal_cortex.o
 .text.NVIC_EncodePriority
                0x00000000080023b4       0x66 Drivers/STM32F4xx_HAL_Driver/Src/stm32f4xx_hal_cortex.o
 *fill*         0x000000000800241a        0x2 
 .text.SysTick_Config
                0x000000000800241c       0x44 Drivers/STM32F4xx_HAL_Driver/Src/stm32f4xx_hal_cortex.o
 .text.HAL_NVIC_SetPriorityGrouping
                0x0000000008002460       0x16 Drivers/STM32F4xx_HAL_Driver/Src/stm32f4xx_hal_cortex.o
                0x0000000008002460                HAL_NVIC_SetPriorityGrouping
 .text.HAL_NVIC_SetPriority
                0x0000000008002476       0x38 Drivers/STM32F4xx_HAL_Driver/Src/stm32f4xx_hal_cortex.o
                0x0000000008002476                HAL_NVIC_SetPriority
 .text.HAL_NVIC_EnableIRQ
                0x00000000080024ae       0x1c Drivers/STM32F4xx_HAL_Driver/Src/stm32f4xx_hal_cortex.o
                0x00000000080024ae                HAL_NVIC_EnableIRQ
 .text.HAL_SYSTICK_Config
                0x00000000080024ca       0x18 Drivers/STM32F4xx_HAL_Driver/Src/stm32f4xx_hal_cortex.o
                0x00000000080024ca                HAL_SYSTICK_Config
 *fill*         0x00000000080024e2        0x2 
 .text.HAL_DMA_Init
                0x00000000080024e4      0x15c Drivers/STM32F4xx_HAL_Driver/Src/stm32f4xx_hal_dma.o
                0x00000000080024e4                HAL_DMA_Init
 .text.HAL_DMA_Start_IT
                0x0000000008002640       0xb0 Drivers/STM32F4xx_HAL_Driver/Src/stm32f4xx_hal_dma.o
                0x0000000008002640                HAL_DMA_Start_IT
 .text.HAL_DMA_Abort
                0x00000000080026f0       0xe0 Drivers/STM32F4xx_HAL_Driver/Src/stm32f4xx_hal_dma.o
                0x00000000080026f0                HAL_DMA_Abort
 .text.HAL_DMA_IRQHandler
                0x00000000080027d0      0x314 Drivers/STM32F4xx_HAL_Driver/Src/stm32f4xx_hal_dma.o
                0x00000000080027d0                HAL_DMA_IRQHandler
 .text.DMA_SetConfig
                0x0000000008002ae4       0x5c Drivers/STM32F4xx_HAL_Driver/Src/stm32f4xx_hal_dma.o
 .text.DMA_CalcBaseAndBitshift
                0x0000000008002b40       0x6c Drivers/STM32F4xx_HAL_Driver/Src/stm32f4xx_hal_dma.o
 .text.DMA_CheckFifoParam
                0x0000000008002bac       0xf4 Drivers/STM32F4xx_HAL_Driver/Src/stm32f4xx_hal_dma.o
 .text.HAL_GPIO_Init
                0x0000000008002ca0      0x334 Drivers/STM32F4xx_HAL_Driver/Src/stm32f4xx_hal_gpio.o
                0x0000000008002ca0                HAL_GPIO_Init
 .text.HAL_GPIO_ReadPin
                0x0000000008002fd4       0x30 Drivers/STM32F4xx_HAL_Driver/Src/stm32f4xx_hal_gpio.o
                0x0000000008002fd4                HAL_GPIO_ReadPin
 .text.HAL_GPIO_WritePin
                0x0000000008003004       0x32 Drivers/STM32F4xx_HAL_Driver/Src/stm32f4xx_hal_gpio.o
                0x0000000008003004                HAL_GPIO_WritePin
 .text.HAL_HCD_Init
                0x0000000008003036       0xc4 Drivers/STM32F4xx_HAL_Driver/Src/stm32f4xx_hal_hcd.o
                0x0000000008003036                HAL_HCD_Init
 .text.HAL_HCD_HC_Init
                0x00000000080030fa      0x130 Drivers/STM32F4xx_HAL_Driver/Src/stm32f4xx_hal_hcd.o
                0x00000000080030fa                HAL_HCD_HC_Init
 .text.HAL_HCD_HC_Halt
                0x000000000800322a       0x46 Drivers/STM32F4xx_HAL_Driver/Src/stm32f4xx_hal_hcd.o
                0x000000000800322a                HAL_HCD_HC_Halt
 .text.HAL_HCD_HC_SubmitRequest
                0x0000000008003270      0x2e4 Drivers/STM32F4xx_HAL_Driver/Src/stm32f4xx_hal_hcd.o
                0x0000000008003270                HAL_HCD_HC_SubmitRequest
 .text.HAL_HCD_IRQHandler
                0x0000000008003554      0x208 Drivers/STM32F4xx_HAL_Driver/Src/stm32f4xx_hal_hcd.o
                0x0000000008003554                HAL_HCD_IRQHandler
 .text.HAL_HCD_Start
                0x000000000800375c       0x46 Drivers/STM32F4xx_HAL_Driver/Src/stm32f4xx_hal_hcd.o
                0x000000000800375c                HAL_HCD_Start
 .text.HAL_HCD_Stop
                0x00000000080037a2       0x3a Drivers/STM32F4xx_HAL_Driver/Src/stm32f4xx_hal_hcd.o
                0x00000000080037a2                HAL_HCD_Stop
 .text.HAL_HCD_ResetPort
                0x00000000080037dc       0x1c Drivers/STM32F4xx_HAL_Driver/Src/stm32f4xx_hal_hcd.o
                0x00000000080037dc                HAL_HCD_ResetPort
 .text.HAL_HCD_HC_GetURBState
                0x00000000080037f8       0x2a Drivers/STM32F4xx_HAL_Driver/Src/stm32f4xx_hal_hcd.o
                0x00000000080037f8                HAL_HCD_HC_GetURBState
 .text.HAL_HCD_HC_GetXferCount
                0x0000000008003822       0x2a Drivers/STM32F4xx_HAL_Driver/Src/stm32f4xx_hal_hcd.o
                0x0000000008003822                HAL_HCD_HC_GetXferCount
 .text.HAL_HCD_GetCurrentFrame
                0x000000000800384c       0x1c Drivers/STM32F4xx_HAL_Driver/Src/stm32f4xx_hal_hcd.o
                0x000000000800384c                HAL_HCD_GetCurrentFrame
 .text.HAL_HCD_GetCurrentSpeed
                0x0000000008003868       0x1c Drivers/STM32F4xx_HAL_Driver/Src/stm32f4xx_hal_hcd.o
                0x0000000008003868                HAL_HCD_GetCurrentSpeed
 .text.HCD_HC_IN_IRQHandler
                0x0000000008003884      0x86a Drivers/STM32F4xx_HAL_Driver/Src/stm32f4xx_hal_hcd.o
 .text.HCD_HC_OUT_IRQHandler
                0x00000000080040ee      0x6ea Drivers/STM32F4xx_HAL_Driver/Src/stm32f4xx_hal_hcd.o
 .text.HCD_RXQLVL_IRQHandler
                0x00000000080047d8      0x158 Drivers/STM32F4xx_HAL_Driver/Src/stm32f4xx_hal_hcd.o
 .text.HCD_Port_IRQHandler
                0x0000000008004930       0xe6 Drivers/STM32F4xx_HAL_Driver/Src/stm32f4xx_hal_hcd.o
 *fill*         0x0000000008004a16        0x2 
 .text.HAL_I2C_Init
                0x0000000008004a18      0x270 Drivers/STM32F4xx_HAL_Driver/Src/stm32f4xx_hal_i2c.o
                0x0000000008004a18                HAL_I2C_Init
 .text.HAL_I2C_Master_Transmit
                0x0000000008004c88      0x1fc Drivers/STM32F4xx_HAL_Driver/Src/stm32f4xx_hal_i2c.o
                0x0000000008004c88                HAL_I2C_Master_Transmit
 .text.HAL_I2C_Master_Receive
                0x0000000008004e84      0x44c Drivers/STM32F4xx_HAL_Driver/Src/stm32f4xx_hal_i2c.o
                0x0000000008004e84                HAL_I2C_Master_Receive
 .text.I2C_MasterRequestWrite
                0x00000000080052d0      0x104 Drivers/STM32F4xx_HAL_Driver/Src/stm32f4xx_hal_i2c.o
 .text.I2C_MasterRequestRead
                0x00000000080053d4      0x19c Drivers/STM32F4xx_HAL_Driver/Src/stm32f4xx_hal_i2c.o
 .text.I2C_WaitOnFlagUntilTimeout
                0x0000000008005570       0xae Drivers/STM32F4xx_HAL_Driver/Src/stm32f4xx_hal_i2c.o
 .text.I2C_WaitOnMasterAddressFlagUntilTimeout
                0x000000000800561e       0xfe Drivers/STM32F4xx_HAL_Driver/Src/stm32f4xx_hal_i2c.o
 .text.I2C_WaitOnTXEFlagUntilTimeout
                0x000000000800571c       0x82 Drivers/STM32F4xx_HAL_Driver/Src/stm32f4xx_hal_i2c.o
 .text.I2C_WaitOnBTFFlagUntilTimeout
                0x000000000800579e       0x82 Drivers/STM32F4xx_HAL_Driver/Src/stm32f4xx_hal_i2c.o
 .text.I2C_WaitOnRXNEFlagUntilTimeout
                0x0000000008005820       0xac Drivers/STM32F4xx_HAL_Driver/Src/stm32f4xx_hal_i2c.o
 .text.I2C_IsAcknowledgeFailed
                0x00000000080058cc       0x5e Drivers/STM32F4xx_HAL_Driver/Src/stm32f4xx_hal_i2c.o
 *fill*         0x000000000800592a        0x2 
 .text.HAL_I2S_Init
                0x000000000800592c      0x280 Drivers/STM32F4xx_HAL_Driver/Src/stm32f4xx_hal_i2s.o
                0x000000000800592c                HAL_I2S_Init
 .text.HAL_I2S_Transmit_DMA
                0x0000000008005bac      0x150 Drivers/STM32F4xx_HAL_Driver/Src/stm32f4xx_hal_i2s.o
                0x0000000008005bac                HAL_I2S_Transmit_DMA
 .text.HAL_I2S_DMAPause
                0x0000000008005cfc       0xc4 Drivers/STM32F4xx_HAL_Driver/Src/stm32f4xx_hal_i2s.o
                0x0000000008005cfc                HAL_I2S_DMAPause
 .text.HAL_I2S_DMAResume
                0x0000000008005dc0      0x128 Drivers/STM32F4xx_HAL_Driver/Src/stm32f4xx_hal_i2s.o
                0x0000000008005dc0                HAL_I2S_DMAResume
 .text.HAL_I2S_DMAStop
                0x0000000008005ee8      0x3b4 Drivers/STM32F4xx_HAL_Driver/Src/stm32f4xx_hal_i2s.o
                0x0000000008005ee8                HAL_I2S_DMAStop
 .text.HAL_I2S_RxCpltCallback
                0x000000000800629c       0x14 Drivers/STM32F4xx_HAL_Driver/Src/stm32f4xx_hal_i2s.o
                0x000000000800629c                HAL_I2S_RxCpltCallback
 .text.HAL_I2S_ErrorCallback
                0x00000000080062b0       0x14 Drivers/STM32F4xx_HAL_Driver/Src/stm32f4xx_hal_i2s.o
                0x00000000080062b0                HAL_I2S_ErrorCallback
 .text.I2S_DMATxCplt
                0x00000000080062c4       0x42 Drivers/STM32F4xx_HAL_Driver/Src/stm32f4xx_hal_i2s.o
 .text.I2S_DMATxHalfCplt
                0x0000000008006306       0x1c Drivers/STM32F4xx_HAL_Driver/Src/stm32f4xx_hal_i2s.o
 .text.I2S_DMAError
                0x0000000008006322       0x4c Drivers/STM32F4xx_HAL_Driver/Src/stm32f4xx_hal_i2s.o
 .text.I2S_Transmit_IT
                0x000000000800636e       0x5c Drivers/STM32F4xx_HAL_Driver/Src/stm32f4xx_hal_i2s.o
 .text.I2S_Receive_IT
                0x00000000080063ca       0x5e Drivers/STM32F4xx_HAL_Driver/Src/stm32f4xx_hal_i2s.o
 .text.I2S_IRQHandler
                0x0000000008006428      0x114 Drivers/STM32F4xx_HAL_Driver/Src/stm32f4xx_hal_i2s.o
 .text.I2S_WaitFlagStateUntilTimeout
                0x000000000800653c       0x72 Drivers/STM32F4xx_HAL_Driver/Src/stm32f4xx_hal_i2s.o
 *fill*         0x00000000080065ae        0x2 
 .text.HAL_I2SEx_FullDuplex_IRQHandler
                0x00000000080065b0      0x2a8 Drivers/STM32F4xx_HAL_Driver/Src/stm32f4xx_hal_i2s_ex.o
                0x00000000080065b0                HAL_I2SEx_FullDuplex_IRQHandler
 .text.HAL_I2SEx_TxRxCpltCallback
                0x0000000008006858       0x14 Drivers/STM32F4xx_HAL_Driver/Src/stm32f4xx_hal_i2s_ex.o
                0x0000000008006858                HAL_I2SEx_TxRxCpltCallback
 .text.I2SEx_TxISR_I2S
                0x000000000800686c       0x62 Drivers/STM32F4xx_HAL_Driver/Src/stm32f4xx_hal_i2s_ex.o
 *fill*         0x00000000080068ce        0x2 
 .text.I2SEx_TxISR_I2SExt
                0x00000000080068d0       0x98 Drivers/STM32F4xx_HAL_Driver/Src/stm32f4xx_hal_i2s_ex.o
 .text.I2SEx_RxISR_I2S
                0x0000000008006968       0x64 Drivers/STM32F4xx_HAL_Driver/Src/stm32f4xx_hal_i2s_ex.o
 .text.I2SEx_RxISR_I2SExt
                0x00000000080069cc       0x98 Drivers/STM32F4xx_HAL_Driver/Src/stm32f4xx_hal_i2s_ex.o
 .text.HAL_RCC_OscConfig
                0x0000000008006a64      0x4e0 Drivers/STM32F4xx_HAL_Driver/Src/stm32f4xx_hal_rcc.o
                0x0000000008006a64                HAL_RCC_OscConfig
 .text.HAL_RCC_ClockConfig
                0x0000000008006f44      0x1cc Drivers/STM32F4xx_HAL_Driver/Src/stm32f4xx_hal_rcc.o
                0x0000000008006f44                HAL_RCC_ClockConfig
 .text.HAL_RCC_GetSysClockFreq
                0x0000000008007110      0x1b0 Drivers/STM32F4xx_HAL_Driver/Src/stm32f4xx_hal_rcc.o
                0x0000000008007110                HAL_RCC_GetSysClockFreq
 .text.HAL_RCC_GetHCLKFreq
                0x00000000080072c0       0x18 Drivers/STM32F4xx_HAL_Driver/Src/stm32f4xx_hal_rcc.o
                0x00000000080072c0                HAL_RCC_GetHCLKFreq
 .text.HAL_RCC_GetPCLK1Freq
                0x00000000080072d8       0x28 Drivers/STM32F4xx_HAL_Driver/Src/stm32f4xx_hal_rcc.o
                0x00000000080072d8                HAL_RCC_GetPCLK1Freq
 .text.HAL_RCCEx_PeriphCLKConfig
                0x0000000008007300      0x1c4 Drivers/STM32F4xx_HAL_Driver/Src/stm32f4xx_hal_rcc_ex.o
                0x0000000008007300                HAL_RCCEx_PeriphCLKConfig
 .text.HAL_RCCEx_GetPeriphCLKConfig
                0x00000000080074c4       0x58 Drivers/STM32F4xx_HAL_Driver/Src/stm32f4xx_hal_rcc_ex.o
                0x00000000080074c4                HAL_RCCEx_GetPeriphCLKConfig
 .text.HAL_RCCEx_GetPeriphCLKFreq
                0x000000000800751c       0xb8 Drivers/STM32F4xx_HAL_Driver/Src/stm32f4xx_hal_rcc_ex.o
                0x000000000800751c                HAL_RCCEx_GetPeriphCLKFreq
 .text.HAL_TIM_Base_Init
                0x00000000080075d4       0x56 Drivers/STM32F4xx_HAL_Driver/Src/stm32f4xx_hal_tim.o
                0x00000000080075d4                HAL_TIM_Base_Init
 .text.HAL_TIM_Base_Start_IT
                0x000000000800762a       0x48 Drivers/STM32F4xx_HAL_Driver/Src/stm32f4xx_hal_tim.o
                0x000000000800762a                HAL_TIM_Base_Start_IT
 .text.HAL_TIM_Base_Stop_IT
                0x0000000008007672       0x56 Drivers/STM32F4xx_HAL_Driver/Src/stm32f4xx_hal_tim.o
                0x0000000008007672                HAL_TIM_Base_Stop_IT
 .text.HAL_TIM_IRQHandler
                0x00000000080076c8      0x210 Drivers/STM32F4xx_HAL_Driver/Src/stm32f4xx_hal_tim.o
                0x00000000080076c8                HAL_TIM_IRQHandler
 .text.HAL_TIM_ConfigClockSource
                0x00000000080078d8      0x16e Drivers/STM32F4xx_HAL_Driver/Src/stm32f4xx_hal_tim.o
                0x00000000080078d8                HAL_TIM_ConfigClockSource
 .text.HAL_TIM_OC_DelayElapsedCallback
                0x0000000008007a46       0x14 Drivers/STM32F4xx_HAL_Driver/Src/stm32f4xx_hal_tim.o
                0x0000000008007a46                HAL_TIM_OC_DelayElapsedCallback
 .text.HAL_TIM_IC_CaptureCallback
                0x0000000008007a5a       0x14 Drivers/STM32F4xx_HAL_Driver/Src/stm32f4xx_hal_tim.o
                0x0000000008007a5a                HAL_TIM_IC_CaptureCallback
 .text.HAL_TIM_PWM_PulseFinishedCallback
                0x0000000008007a6e       0x14 Drivers/STM32F4xx_HAL_Driver/Src/stm32f4xx_hal_tim.o
                0x0000000008007a6e                HAL_TIM_PWM_PulseFinishedCallback
 .text.HAL_TIM_TriggerCallback
                0x0000000008007a82       0x14 Drivers/STM32F4xx_HAL_Driver/Src/stm32f4xx_hal_tim.o
                0x0000000008007a82                HAL_TIM_TriggerCallback
 *fill*         0x0000000008007a96        0x2 
 .text.TIM_Base_SetConfig
                0x0000000008007a98      0x140 Drivers/STM32F4xx_HAL_Driver/Src/stm32f4xx_hal_tim.o
                0x0000000008007a98                TIM_Base_SetConfig
 .text.TIM_TI1_ConfigInputStage
                0x0000000008007bd8       0x5e Drivers/STM32F4xx_HAL_Driver/Src/stm32f4xx_hal_tim.o
 .text.TIM_TI2_ConfigInputStage
                0x0000000008007c36       0x60 Drivers/STM32F4xx_HAL_Driver/Src/stm32f4xx_hal_tim.o
 .text.TIM_ITRx_SetConfig
                0x0000000008007c96       0x36 Drivers/STM32F4xx_HAL_Driver/Src/stm32f4xx_hal_tim.o
 .text.TIM_ETR_SetConfig
                0x0000000008007ccc       0x40 Drivers/STM32F4xx_HAL_Driver/Src/stm32f4xx_hal_tim.o
                0x0000000008007ccc                TIM_ETR_SetConfig
 .text.HAL_TIMEx_MasterConfigSynchronization
                0x0000000008007d0c       0xf8 Drivers/STM32F4xx_HAL_Driver/Src/stm32f4xx_hal_tim_ex.o
                0x0000000008007d0c                HAL_TIMEx_MasterConfigSynchronization
 .text.HAL_TIMEx_CommutCallback
                0x0000000008007e04       0x14 Drivers/STM32F4xx_HAL_Driver/Src/stm32f4xx_hal_tim_ex.o
                0x0000000008007e04                HAL_TIMEx_CommutCallback
 .text.HAL_TIMEx_BreakCallback
                0x0000000008007e18       0x14 Drivers/STM32F4xx_HAL_Driver/Src/stm32f4xx_hal_tim_ex.o
                0x0000000008007e18                HAL_TIMEx_BreakCallback
 .text.USB_CoreInit
                0x0000000008007e2c       0xc2 Drivers/STM32F4xx_HAL_Driver/Src/stm32f4xx_ll_usb.o
                0x0000000008007e2c                USB_CoreInit
 .text.USB_EnableGlobalInt
                0x0000000008007eee       0x22 Drivers/STM32F4xx_HAL_Driver/Src/stm32f4xx_ll_usb.o
                0x0000000008007eee                USB_EnableGlobalInt
 .text.USB_DisableGlobalInt
                0x0000000008007f10       0x22 Drivers/STM32F4xx_HAL_Driver/Src/stm32f4xx_ll_usb.o
                0x0000000008007f10                USB_DisableGlobalInt
 .text.USB_SetCurrentMode
                0x0000000008007f32       0x54 Drivers/STM32F4xx_HAL_Driver/Src/stm32f4xx_ll_usb.o
                0x0000000008007f32                USB_SetCurrentMode
 *fill*         0x0000000008007f86        0x2 
 .text.USB_FlushTxFifo
                0x0000000008007f88       0x4c Drivers/STM32F4xx_HAL_Driver/Src/stm32f4xx_ll_usb.o
                0x0000000008007f88                USB_FlushTxFifo
 .text.USB_FlushRxFifo
                0x0000000008007fd4       0x44 Drivers/STM32F4xx_HAL_Driver/Src/stm32f4xx_ll_usb.o
                0x0000000008007fd4                USB_FlushRxFifo
 .text.USB_WritePacket
                0x0000000008008018       0x6a Drivers/STM32F4xx_HAL_Driver/Src/stm32f4xx_ll_usb.o
                0x0000000008008018                USB_WritePacket
 .text.USB_ReadPacket
                0x0000000008008082       0x52 Drivers/STM32F4xx_HAL_Driver/Src/stm32f4xx_ll_usb.o
                0x0000000008008082                USB_ReadPacket
 .text.USB_ReadInterrupts
                0x00000000080080d4       0x26 Drivers/STM32F4xx_HAL_Driver/Src/stm32f4xx_ll_usb.o
                0x00000000080080d4                USB_ReadInterrupts
 .text.USB_GetMode
                0x00000000080080fa       0x1c Drivers/STM32F4xx_HAL_Driver/Src/stm32f4xx_ll_usb.o
                0x00000000080080fa                USB_GetMode
 *fill*         0x0000000008008116        0x2 
 .text.USB_CoreReset
                0x0000000008008118       0x68 Drivers/STM32F4xx_HAL_Driver/Src/stm32f4xx_ll_usb.o
 .text.USB_HostInit
                0x0000000008008180      0x178 Drivers/STM32F4xx_HAL_Driver/Src/stm32f4xx_ll_usb.o
                0x0000000008008180                USB_HostInit
 .text.USB_InitFSLSPClkSel
                0x00000000080082f8       0x74 Drivers/STM32F4xx_HAL_Driver/Src/stm32f4xx_ll_usb.o
                0x00000000080082f8                USB_InitFSLSPClkSel
 .text.USB_ResetPort
                0x000000000800836c       0x54 Drivers/STM32F4xx_HAL_Driver/Src/stm32f4xx_ll_usb.o
                0x000000000800836c                USB_ResetPort
 .text.USB_DriveVbus
                0x00000000080083c0       0x72 Drivers/STM32F4xx_HAL_Driver/Src/stm32f4xx_ll_usb.o
                0x00000000080083c0                USB_DriveVbus
 .text.USB_GetHostSpeed
                0x0000000008008432       0x2e Drivers/STM32F4xx_HAL_Driver/Src/stm32f4xx_ll_usb.o
                0x0000000008008432                USB_GetHostSpeed
 .text.USB_GetCurrentFrame
                0x0000000008008460       0x22 Drivers/STM32F4xx_HAL_Driver/Src/stm32f4xx_ll_usb.o
                0x0000000008008460                USB_GetCurrentFrame
 *fill*         0x0000000008008482        0x2 
 .text.USB_HC_Init
                0x0000000008008484      0x214 Drivers/STM32F4xx_HAL_Driver/Src/stm32f4xx_ll_usb.o
                0x0000000008008484                USB_HC_Init
 .text.USB_HC_StartXfer
                0x0000000008008698      0x28c Drivers/STM32F4xx_HAL_Driver/Src/stm32f4xx_ll_usb.o
                0x0000000008008698                USB_HC_StartXfer
 .text.USB_HC_ReadInterrupt
                0x0000000008008924       0x22 Drivers/STM32F4xx_HAL_Driver/Src/stm32f4xx_ll_usb.o
                0x0000000008008924                USB_HC_ReadInterrupt
 .text.USB_HC_Halt
                0x0000000008008946      0x1fe Drivers/STM32F4xx_HAL_Driver/Src/stm32f4xx_ll_usb.o
                0x0000000008008946                USB_HC_Halt
 .text.USB_DoPing
                0x0000000008008b44       0x78 Drivers/STM32F4xx_HAL_Driver/Src/stm32f4xx_ll_usb.o
                0x0000000008008b44                USB_DoPing
 .text.USB_StopHost
                0x0000000008008bbc      0x10c Drivers/STM32F4xx_HAL_Driver/Src/stm32f4xx_ll_usb.o
                0x0000000008008bbc                USB_StopHost
 .text.MX_FATFS_Init
                0x0000000008008cc8       0x24 FATFS/App/fatfs.o
                0x0000000008008cc8                MX_FATFS_Init
 .text.get_fattime
                0x0000000008008cec       0x10 FATFS/App/fatfs.o
                0x0000000008008cec                get_fattime
 .text.USBH_initialize
                0x0000000008008cfc       0x18 FATFS/Target/usbh_diskio.o
                0x0000000008008cfc                USBH_initialize
 .text.USBH_status
                0x0000000008008d14       0x38 FATFS/Target/usbh_diskio.o
                0x0000000008008d14                USBH_status
 .text.USBH_read
                0x0000000008008d4c       0x70 FATFS/Target/usbh_diskio.o
                0x0000000008008d4c                USBH_read
 .text.USBH_write
                0x0000000008008dbc       0x84 FATFS/Target/usbh_diskio.o
                0x0000000008008dbc                USBH_write
 .text.USBH_ioctl
                0x0000000008008e40       0xd8 FATFS/Target/usbh_diskio.o
                0x0000000008008e40                USBH_ioctl
 .text.USBH_MSC_InterfaceInit
                0x0000000008008f18      0x216 Middlewares/ST/STM32_USB_Host_Library/Class/MSC/Src/usbh_msc.o
 .text.USBH_MSC_InterfaceDeInit
                0x000000000800912e       0x8c Middlewares/ST/STM32_USB_Host_Library/Class/MSC/Src/usbh_msc.o
 .text.USBH_MSC_ClassRequest
                0x00000000080091ba       0xc8 Middlewares/ST/STM32_USB_Host_Library/Class/MSC/Src/usbh_msc.o
 *fill*         0x0000000008009282        0x2 
 .text.USBH_MSC_Process
                0x0000000008009284      0x520 Middlewares/ST/STM32_USB_Host_Library/Class/MSC/Src/usbh_msc.o
 .text.USBH_MSC_SOFProcess
                0x00000000080097a4       0x16 Middlewares/ST/STM32_USB_Host_Library/Class/MSC/Src/usbh_msc.o
 .text.USBH_MSC_RdWrProcess
                0x00000000080097ba      0x194 Middlewares/ST/STM32_USB_Host_Library/Class/MSC/Src/usbh_msc.o
 .text.USBH_MSC_UnitIsReady
                0x000000000800994e       0x4c Middlewares/ST/STM32_USB_Host_Library/Class/MSC/Src/usbh_msc.o
                0x000000000800994e                USBH_MSC_UnitIsReady
 .text.USBH_MSC_GetLUNInfo
                0x000000000800999a       0x48 Middlewares/ST/STM32_USB_Host_Library/Class/MSC/Src/usbh_msc.o
                0x000000000800999a                USBH_MSC_GetLUNInfo
 .text.USBH_MSC_Read
                0x00000000080099e2       0xd2 Middlewares/ST/STM32_USB_Host_Library/Class/MSC/Src/usbh_msc.o
                0x00000000080099e2                USBH_MSC_Read
 .text.USBH_MSC_Write
                0x0000000008009ab4       0xd2 Middlewares/ST/STM32_USB_Host_Library/Class/MSC/Src/usbh_msc.o
                0x0000000008009ab4                USBH_MSC_Write
 .text.USBH_MSC_BOT_REQ_Reset
                0x0000000008009b86       0x3a Middlewares/ST/STM32_USB_Host_Library/Class/MSC/Src/usbh_msc_bot.o
                0x0000000008009b86                USBH_MSC_BOT_REQ_Reset
 .text.USBH_MSC_BOT_REQ_GetMaxLUN
                0x0000000008009bc0       0x3c Middlewares/ST/STM32_USB_Host_Library/Class/MSC/Src/usbh_msc_bot.o
                0x0000000008009bc0                USBH_MSC_BOT_REQ_GetMaxLUN
 .text.USBH_MSC_BOT_Init
                0x0000000008009bfc       0x44 Middlewares/ST/STM32_USB_Host_Library/Class/MSC/Src/usbh_msc_bot.o
                0x0000000008009bfc                USBH_MSC_BOT_Init
 .text.USBH_MSC_BOT_Process
                0x0000000008009c40      0x3a4 Middlewares/ST/STM32_USB_Host_Library/Class/MSC/Src/usbh_msc_bot.o
                0x0000000008009c40                USBH_MSC_BOT_Process
 .text.USBH_MSC_BOT_Abort
                0x0000000008009fe4       0x58 Middlewares/ST/STM32_USB_Host_Library/Class/MSC/Src/usbh_msc_bot.o
 .text.USBH_MSC_DecodeCSW
                0x000000000800a03c       0x88 Middlewares/ST/STM32_USB_Host_Library/Class/MSC/Src/usbh_msc_bot.o
 .text.USBH_MSC_SCSI_TestUnitReady
                0x000000000800a0c4       0x86 Middlewares/ST/STM32_USB_Host_Library/Class/MSC/Src/usbh_msc_scsi.o
                0x000000000800a0c4                USBH_MSC_SCSI_TestUnitReady
 .text.USBH_MSC_SCSI_ReadCapacity
                0x000000000800a14a       0xf6 Middlewares/ST/STM32_USB_Host_Library/Class/MSC/Src/usbh_msc_scsi.o
                0x000000000800a14a                USBH_MSC_SCSI_ReadCapacity
 .text.USBH_MSC_SCSI_Inquiry
                0x000000000800a240      0x14a Middlewares/ST/STM32_USB_Host_Library/Class/MSC/Src/usbh_msc_scsi.o
                0x000000000800a240                USBH_MSC_SCSI_Inquiry
 .text.USBH_MSC_SCSI_RequestSense
                0x000000000800a38a       0xf2 Middlewares/ST/STM32_USB_Host_Library/Class/MSC/Src/usbh_msc_scsi.o
                0x000000000800a38a                USBH_MSC_SCSI_RequestSense
 .text.USBH_MSC_SCSI_Write
                0x000000000800a47c       0xd6 Middlewares/ST/STM32_USB_Host_Library/Class/MSC/Src/usbh_msc_scsi.o
                0x000000000800a47c                USBH_MSC_SCSI_Write
 .text.USBH_MSC_SCSI_Read
                0x000000000800a552       0xd6 Middlewares/ST/STM32_USB_Host_Library/Class/MSC/Src/usbh_msc_scsi.o
                0x000000000800a552                USBH_MSC_SCSI_Read
 .text.USBH_Init
                0x000000000800a628       0x74 Middlewares/ST/STM32_USB_Host_Library/Core/Src/usbh_core.o
                0x000000000800a628                USBH_Init
 .text.DeInitStateMachine
                0x000000000800a69c       0xa8 Middlewares/ST/STM32_USB_Host_Library/Core/Src/usbh_core.o
 .text.USBH_RegisterClass
                0x000000000800a744       0x54 Middlewares/ST/STM32_USB_Host_Library/Core/Src/usbh_core.o
                0x000000000800a744                USBH_RegisterClass
 .text.USBH_SelectInterface
                0x000000000800a798       0x38 Middlewares/ST/STM32_USB_Host_Library/Core/Src/usbh_core.o
                0x000000000800a798                USBH_SelectInterface
 .text.USBH_FindInterface
                0x000000000800a7d0       0x8c Middlewares/ST/STM32_USB_Host_Library/Core/Src/usbh_core.o
                0x000000000800a7d0                USBH_FindInterface
 .text.USBH_Start
                0x000000000800a85c       0x20 Middlewares/ST/STM32_USB_Host_Library/Core/Src/usbh_core.o
                0x000000000800a85c                USBH_Start
 .text.USBH_Process
                0x000000000800a87c      0x3c0 Middlewares/ST/STM32_USB_Host_Library/Core/Src/usbh_core.o
                0x000000000800a87c                USBH_Process
 .text.USBH_HandleEnum
                0x000000000800ac3c      0x3c8 Middlewares/ST/STM32_USB_Host_Library/Core/Src/usbh_core.o
 .text.USBH_LL_SetTimer
                0x000000000800b004       0x1e Middlewares/ST/STM32_USB_Host_Library/Core/Src/usbh_core.o
                0x000000000800b004                USBH_LL_SetTimer
 .text.USBH_LL_IncTimer
                0x000000000800b022       0x24 Middlewares/ST/STM32_USB_Host_Library/Core/Src/usbh_core.o
                0x000000000800b022                USBH_LL_IncTimer
 .text.USBH_HandleSof
                0x000000000800b046       0x30 Middlewares/ST/STM32_USB_Host_Library/Core/Src/usbh_core.o
 .text.USBH_LL_PortEnabled
                0x000000000800b076       0x1c Middlewares/ST/STM32_USB_Host_Library/Core/Src/usbh_core.o
                0x000000000800b076                USBH_LL_PortEnabled
 .text.USBH_LL_PortDisabled
                0x000000000800b092       0x1c Middlewares/ST/STM32_USB_Host_Library/Core/Src/usbh_core.o
                0x000000000800b092                USBH_LL_PortDisabled
 .text.USBH_LL_Connect
                0x000000000800b0ae       0x2e Middlewares/ST/STM32_USB_Host_Library/Core/Src/usbh_core.o
                0x000000000800b0ae                USBH_LL_Connect
 .text.USBH_LL_Disconnect
                0x000000000800b0dc       0x48 Middlewares/ST/STM32_USB_Host_Library/Core/Src/usbh_core.o
                0x000000000800b0dc                USBH_LL_Disconnect
 .text.USBH_Get_DevDesc
                0x000000000800b124       0x50 Middlewares/ST/STM32_USB_Host_Library/Core/Src/usbh_ctlreq.o
                0x000000000800b124                USBH_Get_DevDesc
 .text.USBH_Get_CfgDesc
                0x000000000800b174       0x48 Middlewares/ST/STM32_USB_Host_Library/Core/Src/usbh_ctlreq.o
                0x000000000800b174                USBH_Get_CfgDesc
 .text.USBH_Get_StringDesc
                0x000000000800b1bc       0x56 Middlewares/ST/STM32_USB_Host_Library/Core/Src/usbh_ctlreq.o
                0x000000000800b1bc                USBH_Get_StringDesc
 .text.USBH_GetDescriptor
                0x000000000800b212       0x6a Middlewares/ST/STM32_USB_Host_Library/Core/Src/usbh_ctlreq.o
                0x000000000800b212                USBH_GetDescriptor
 .text.USBH_SetAddress
                0x000000000800b27c       0x48 Middlewares/ST/STM32_USB_Host_Library/Core/Src/usbh_ctlreq.o
                0x000000000800b27c                USBH_SetAddress
 .text.USBH_SetCfg
                0x000000000800b2c4       0x46 Middlewares/ST/STM32_USB_Host_Library/Core/Src/usbh_ctlreq.o
                0x000000000800b2c4                USBH_SetCfg
 .text.USBH_SetFeature
                0x000000000800b30a       0x48 Middlewares/ST/STM32_USB_Host_Library/Core/Src/usbh_ctlreq.o
                0x000000000800b30a                USBH_SetFeature
 .text.USBH_ClrFeature
                0x000000000800b352       0x48 Middlewares/ST/STM32_USB_Host_Library/Core/Src/usbh_ctlreq.o
                0x000000000800b352                USBH_ClrFeature
 .text.USBH_ParseDevDesc
                0x000000000800b39a       0xe0 Middlewares/ST/STM32_USB_Host_Library/Core/Src/usbh_ctlreq.o
 .text.USBH_ParseCfgDesc
                0x000000000800b47a      0x144 Middlewares/ST/STM32_USB_Host_Library/Core/Src/usbh_ctlreq.o
 .text.USBH_ParseInterfaceDesc
                0x000000000800b5be       0x5e Middlewares/ST/STM32_USB_Host_Library/Core/Src/usbh_ctlreq.o
 .text.USBH_ParseEPDesc
                0x000000000800b61c       0x5a Middlewares/ST/STM32_USB_Host_Library/Core/Src/usbh_ctlreq.o
 .text.USBH_ParseStringDesc
                0x000000000800b676       0x66 Middlewares/ST/STM32_USB_Host_Library/Core/Src/usbh_ctlreq.o
 .text.USBH_GetNextDesc
                0x000000000800b6dc       0x36 Middlewares/ST/STM32_USB_Host_Library/Core/Src/usbh_ctlreq.o
                0x000000000800b6dc                USBH_GetNextDesc
 .text.USBH_CtlReq
                0x000000000800b712       0x7a Middlewares/ST/STM32_USB_Host_Library/Core/Src/usbh_ctlreq.o
                0x000000000800b712                USBH_CtlReq
 .text.USBH_HandleControl
                0x000000000800b78c      0x2ec Middlewares/ST/STM32_USB_Host_Library/Core/Src/usbh_ctlreq.o
 .text.USBH_CtlSendSetup
                0x000000000800ba78       0x34 Middlewares/ST/STM32_USB_Host_Library/Core/Src/usbh_ioreq.o
                0x000000000800ba78                USBH_CtlSendSetup
 .text.USBH_CtlSendData
                0x000000000800baac       0x4a Middlewares/ST/STM32_USB_Host_Library/Core/Src/usbh_ioreq.o
                0x000000000800baac                USBH_CtlSendData
 .text.USBH_CtlReceiveData
                0x000000000800baf6       0x3c Middlewares/ST/STM32_USB_Host_Library/Core/Src/usbh_ioreq.o
                0x000000000800baf6                USBH_CtlReceiveData
 .text.USBH_BulkSendData
                0x000000000800bb32       0x4a Middlewares/ST/STM32_USB_Host_Library/Core/Src/usbh_ioreq.o
                0x000000000800bb32                USBH_BulkSendData
 .text.USBH_BulkReceiveData
                0x000000000800bb7c       0x3c Middlewares/ST/STM32_USB_Host_Library/Core/Src/usbh_ioreq.o
                0x000000000800bb7c                USBH_BulkReceiveData
 .text.USBH_OpenPipe
                0x000000000800bbb8       0x3e Middlewares/ST/STM32_USB_Host_Library/Core/Src/usbh_pipes.o
                0x000000000800bbb8                USBH_OpenPipe
 .text.USBH_ClosePipe
                0x000000000800bbf6       0x20 Middlewares/ST/STM32_USB_Host_Library/Core/Src/usbh_pipes.o
                0x000000000800bbf6                USBH_ClosePipe
 .text.USBH_AllocPipe
                0x000000000800bc16       0x42 Middlewares/ST/STM32_USB_Host_Library/Core/Src/usbh_pipes.o
                0x000000000800bc16                USBH_AllocPipe
 .text.USBH_FreePipe
                0x000000000800bc58       0x3c Middlewares/ST/STM32_USB_Host_Library/Core/Src/usbh_pipes.o
                0x000000000800bc58                USBH_FreePipe
 .text.USBH_GetFreePipe
                0x000000000800bc94       0x48 Middlewares/ST/STM32_USB_Host_Library/Core/Src/usbh_pipes.o
 .text.disk_status
                0x000000000800bcdc       0x34 Middlewares/Third_Party/FatFs/src/diskio.o
                0x000000000800bcdc                disk_status
 .text.disk_initialize
                0x000000000800bd10       0x4c Middlewares/Third_Party/FatFs/src/diskio.o
                0x000000000800bd10                disk_initialize
 .text.disk_read
                0x000000000800bd5c       0x40 Middlewares/Third_Party/FatFs/src/diskio.o
                0x000000000800bd5c                disk_read
 .text.disk_write
                0x000000000800bd9c       0x40 Middlewares/Third_Party/FatFs/src/diskio.o
                0x000000000800bd9c                disk_write
 .text.disk_ioctl
                0x000000000800bddc       0x3c Middlewares/Third_Party/FatFs/src/diskio.o
                0x000000000800bddc                disk_ioctl
 .text.ld_word  0x000000000800be18       0x30 Middlewares/Third_Party/FatFs/src/ff.o
 .text.ld_dword
                0x000000000800be48       0x46 Middlewares/Third_Party/FatFs/src/ff.o
 .text.st_word  0x000000000800be8e       0x36 Middlewares/Third_Party/FatFs/src/ff.o
 .text.st_dword
                0x000000000800bec4       0x58 Middlewares/Third_Party/FatFs/src/ff.o
 .text.mem_cpy  0x000000000800bf1c       0x42 Middlewares/Third_Party/FatFs/src/ff.o
 .text.mem_set  0x000000000800bf5e       0x34 Middlewares/Third_Party/FatFs/src/ff.o
 .text.mem_cmp  0x000000000800bf92       0x4e Middlewares/Third_Party/FatFs/src/ff.o
 .text.chk_chr  0x000000000800bfe0       0x36 Middlewares/Third_Party/FatFs/src/ff.o
 *fill*         0x000000000800c016        0x2 
 .text.chk_lock
                0x000000000800c018       0xb8 Middlewares/Third_Party/FatFs/src/ff.o
 .text.enq_lock
                0x000000000800c0d0       0x44 Middlewares/Third_Party/FatFs/src/ff.o
 .text.inc_lock
                0x000000000800c114      0x11c Middlewares/Third_Party/FatFs/src/ff.o
 .text.dec_lock
                0x000000000800c230       0x78 Middlewares/Third_Party/FatFs/src/ff.o
 .text.clear_lock
                0x000000000800c2a8       0x48 Middlewares/Third_Party/FatFs/src/ff.o
 .text.sync_window
                0x000000000800c2f0       0x88 Middlewares/Third_Party/FatFs/src/ff.o
 .text.move_window
                0x000000000800c378       0x5a Middlewares/Third_Party/FatFs/src/ff.o
 *fill*         0x000000000800c3d2        0x2 
 .text.sync_fs  0x000000000800c3d4       0xdc Middlewares/Third_Party/FatFs/src/ff.o
 .text.clust2sect
                0x000000000800c4b0       0x3e Middlewares/Third_Party/FatFs/src/ff.o
 .text.get_fat  0x000000000800c4ee      0x14a Middlewares/Third_Party/FatFs/src/ff.o
 .text.put_fat  0x000000000800c638      0x1ce Middlewares/Third_Party/FatFs/src/ff.o
 .text.remove_chain
                0x000000000800c806       0xca Middlewares/Third_Party/FatFs/src/ff.o
 .text.create_chain
                0x000000000800c8d0      0x130 Middlewares/Third_Party/FatFs/src/ff.o
 .text.clmt_clust
                0x000000000800ca00       0x68 Middlewares/Third_Party/FatFs/src/ff.o
 .text.dir_sdi  0x000000000800ca68       0xf6 Middlewares/Third_Party/FatFs/src/ff.o
 .text.dir_next
                0x000000000800cb5e      0x18a Middlewares/Third_Party/FatFs/src/ff.o
 .text.dir_alloc
                0x000000000800cce8       0x8e Middlewares/Third_Party/FatFs/src/ff.o
 .text.ld_clust
                0x000000000800cd76       0x3e Middlewares/Third_Party/FatFs/src/ff.o
 .text.st_clust
                0x000000000800cdb4       0x40 Middlewares/Third_Party/FatFs/src/ff.o
 .text.dir_find
                0x000000000800cdf4       0xaa Middlewares/Third_Party/FatFs/src/ff.o
 .text.dir_register
                0x000000000800ce9e       0x64 Middlewares/Third_Party/FatFs/src/ff.o
 *fill*         0x000000000800cf02        0x2 
 .text.create_name
                0x000000000800cf04      0x128 Middlewares/Third_Party/FatFs/src/ff.o
 .text.follow_path
                0x000000000800d02c       0xe2 Middlewares/Third_Party/FatFs/src/ff.o
 .text.get_ldnumber
                0x000000000800d10e       0x88 Middlewares/Third_Party/FatFs/src/ff.o
 *fill*         0x000000000800d196        0x2 
 .text.check_fs
                0x000000000800d198       0xac Middlewares/Third_Party/FatFs/src/ff.o
 .text.find_volume
                0x000000000800d244      0x498 Middlewares/Third_Party/FatFs/src/ff.o
 .text.validate
                0x000000000800d6dc       0x6a Middlewares/Third_Party/FatFs/src/ff.o
 *fill*         0x000000000800d746        0x2 
 .text.f_mount  0x000000000800d748       0x8c Middlewares/Third_Party/FatFs/src/ff.o
                0x000000000800d748                f_mount
 .text.f_open   0x000000000800d7d4      0x37c Middlewares/Third_Party/FatFs/src/ff.o
                0x000000000800d7d4                f_open
 .text.f_read   0x000000000800db50      0x27e Middlewares/Third_Party/FatFs/src/ff.o
                0x000000000800db50                f_read
 .text.f_sync   0x000000000800ddce       0xfc Middlewares/Third_Party/FatFs/src/ff.o
                0x000000000800ddce                f_sync
 .text.f_close  0x000000000800deca       0x54 Middlewares/Third_Party/FatFs/src/ff.o
                0x000000000800deca                f_close
 .text.f_lseek  0x000000000800df1e      0x412 Middlewares/Third_Party/FatFs/src/ff.o
                0x000000000800df1e                f_lseek
 .text.FATFS_LinkDriverEx
                0x000000000800e330       0x98 Middlewares/Third_Party/FatFs/src/ff_gen_drv.o
                0x000000000800e330                FATFS_LinkDriverEx
 .text.FATFS_LinkDriver
                0x000000000800e3c8       0x1e Middlewares/Third_Party/FatFs/src/ff_gen_drv.o
                0x000000000800e3c8                FATFS_LinkDriver
 *fill*         0x000000000800e3e6        0x2 
 .text.MX_USB_HOST_Init
                0x000000000800e3e8       0x4c USB_HOST/App/usb_host.o
                0x000000000800e3e8                MX_USB_HOST_Init
 .text.MX_USB_HOST_Process
                0x000000000800e434       0x14 USB_HOST/App/usb_host.o
                0x000000000800e434                MX_USB_HOST_Process
 .text.USBH_UserProcess
                0x000000000800e448       0x5c USB_HOST/App/usb_host.o
 .text.HAL_HCD_MspInit
                0x000000000800e4a4       0xc4 USB_HOST/Target/usbh_conf.o
                0x000000000800e4a4                HAL_HCD_MspInit
 .text.HAL_HCD_SOF_Callback
                0x000000000800e568       0x1c USB_HOST/Target/usbh_conf.o
                0x000000000800e568                HAL_HCD_SOF_Callback
 .text.HAL_HCD_Connect_Callback
                0x000000000800e584       0x1c USB_HOST/Target/usbh_conf.o
                0x000000000800e584                HAL_HCD_Connect_Callback
 .text.HAL_HCD_Disconnect_Callback
                0x000000000800e5a0       0x1c USB_HOST/Target/usbh_conf.o
                0x000000000800e5a0                HAL_HCD_Disconnect_Callback
 .text.HAL_HCD_HC_NotifyURBChange_Callback
                0x000000000800e5bc       0x1c USB_HOST/Target/usbh_conf.o
                0x000000000800e5bc                HAL_HCD_HC_NotifyURBChange_Callback
 .text.HAL_HCD_PortEnabled_Callback
                0x000000000800e5d8       0x1c USB_HOST/Target/usbh_conf.o
                0x000000000800e5d8                HAL_HCD_PortEnabled_Callback
 .text.HAL_HCD_PortDisabled_Callback
                0x000000000800e5f4       0x1c USB_HOST/Target/usbh_conf.o
                0x000000000800e5f4                HAL_HCD_PortDisabled_Callback
 .text.USBH_LL_Init
                0x000000000800e610       0x78 USB_HOST/Target/usbh_conf.o
                0x000000000800e610                USBH_LL_Init
 .text.USBH_LL_Start
                0x000000000800e688       0x36 USB_HOST/Target/usbh_conf.o
                0x000000000800e688                USBH_LL_Start
 .text.USBH_LL_Stop
                0x000000000800e6be       0x36 USB_HOST/Target/usbh_conf.o
                0x000000000800e6be                USBH_LL_Stop
 .text.USBH_LL_GetSpeed
                0x000000000800e6f4       0x4a USB_HOST/Target/usbh_conf.o
                0x000000000800e6f4                USBH_LL_GetSpeed
 .text.USBH_LL_ResetPort
                0x000000000800e73e       0x36 USB_HOST/Target/usbh_conf.o
                0x000000000800e73e                USBH_LL_ResetPort
 .text.USBH_LL_GetLastXferSize
                0x000000000800e774       0x26 USB_HOST/Target/usbh_conf.o
                0x000000000800e774                USBH_LL_GetLastXferSize
 .text.USBH_LL_OpenPipe
                0x000000000800e79a       0x5e USB_HOST/Target/usbh_conf.o
                0x000000000800e79a                USBH_LL_OpenPipe
 .text.USBH_LL_ClosePipe
                0x000000000800e7f8       0x3e USB_HOST/Target/usbh_conf.o
                0x000000000800e7f8                USBH_LL_ClosePipe
 .text.USBH_LL_SubmitURB
                0x000000000800e836       0x62 USB_HOST/Target/usbh_conf.o
                0x000000000800e836                USBH_LL_SubmitURB
 .text.USBH_LL_GetURBState
                0x000000000800e898       0x26 USB_HOST/Target/usbh_conf.o
                0x000000000800e898                USBH_LL_GetURBState
 .text.USBH_LL_DriverVBUS
                0x000000000800e8be       0x1c USB_HOST/Target/usbh_conf.o
                0x000000000800e8be                USBH_LL_DriverVBUS
 .text.USBH_LL_SetToggle
                0x000000000800e8da       0x66 USB_HOST/Target/usbh_conf.o
                0x000000000800e8da                USBH_LL_SetToggle
 .text.USBH_LL_GetToggle
                0x000000000800e940       0x66 USB_HOST/Target/usbh_conf.o
                0x000000000800e940                USBH_LL_GetToggle
 .text.USBH_Delay
                0x000000000800e9a6       0x16 USB_HOST/Target/usbh_conf.o
                0x000000000800e9a6                USBH_Delay
 .text.USBH_Get_USB_Status
                0x000000000800e9bc       0x58 USB_HOST/Target/usbh_conf.o
                0x000000000800e9bc                USBH_Get_USB_Status
 .text.__errno  0x000000000800ea14        0xc c:/st/stm32cubeide_1.4.0/stm32cubeide/plugins/com.st.stm32cube.ide.mcu.externaltools.gnu-tools-for-stm32.7-2018-q2-update.win32_1.5.0.202011040924/tools/bin/../lib/gcc/arm-none-eabi/7.3.1/../../../../arm-none-eabi/lib/thumb/v7e-m/fpv4-sp/hard\libc_nano.a(lib_a-errno.o)
                0x000000000800ea14                __errno
 .text.__libc_init_array
                0x000000000800ea20       0x48 c:/st/stm32cubeide_1.4.0/stm32cubeide/plugins/com.st.stm32cube.ide.mcu.externaltools.gnu-tools-for-stm32.7-2018-q2-update.win32_1.5.0.202011040924/tools/bin/../lib/gcc/arm-none-eabi/7.3.1/../../../../arm-none-eabi/lib/thumb/v7e-m/fpv4-sp/hard\libc_nano.a(lib_a-init.o)
                0x000000000800ea20                __libc_init_array
 .text.malloc   0x000000000800ea68       0x10 c:/st/stm32cubeide_1.4.0/stm32cubeide/plugins/com.st.stm32cube.ide.mcu.externaltools.gnu-tools-for-stm32.7-2018-q2-update.win32_1.5.0.202011040924/tools/bin/../lib/gcc/arm-none-eabi/7.3.1/../../../../arm-none-eabi/lib/thumb/v7e-m/fpv4-sp/hard\libc_nano.a(lib_a-malloc.o)
                0x000000000800ea68                malloc
 .text.free     0x000000000800ea78       0x10 c:/st/stm32cubeide_1.4.0/stm32cubeide/plugins/com.st.stm32cube.ide.mcu.externaltools.gnu-tools-for-stm32.7-2018-q2-update.win32_1.5.0.202011040924/tools/bin/../lib/gcc/arm-none-eabi/7.3.1/../../../../arm-none-eabi/lib/thumb/v7e-m/fpv4-sp/hard\libc_nano.a(lib_a-malloc.o)
                0x000000000800ea78                free
 .text.memcpy   0x000000000800ea88       0x16 c:/st/stm32cubeide_1.4.0/stm32cubeide/plugins/com.st.stm32cube.ide.mcu.externaltools.gnu-tools-for-stm32.7-2018-q2-update.win32_1.5.0.202011040924/tools/bin/../lib/gcc/arm-none-eabi/7.3.1/../../../../arm-none-eabi/lib/thumb/v7e-m/fpv4-sp/hard\libc_nano.a(lib_a-memcpy-stub.o)
                0x000000000800ea88                memcpy
 .text.memset   0x000000000800ea9e       0x10 c:/st/stm32cubeide_1.4.0/stm32cubeide/plugins/com.st.stm32cube.ide.mcu.externaltools.gnu-tools-for-stm32.7-2018-q2-update.win32_1.5.0.202011040924/tools/bin/../lib/gcc/arm-none-eabi/7.3.1/../../../../arm-none-eabi/lib/thumb/v7e-m/fpv4-sp/hard\libc_nano.a(lib_a-memset.o)
                0x000000000800ea9e                memset
 *fill*         0x000000000800eaae        0x2 
 .text._free_r  0x000000000800eab0       0x9c c:/st/stm32cubeide_1.4.0/stm32cubeide/plugins/com.st.stm32cube.ide.mcu.externaltools.gnu-tools-for-stm32.7-2018-q2-update.win32_1.5.0.202011040924/tools/bin/../lib/gcc/arm-none-eabi/7.3.1/../../../../arm-none-eabi/lib/thumb/v7e-m/fpv4-sp/hard\libc_nano.a(lib_a-nano-freer.o)
                0x000000000800eab0                _free_r
 .text._malloc_r
                0x000000000800eb4c       0xb4 c:/st/stm32cubeide_1.4.0/stm32cubeide/plugins/com.st.stm32cube.ide.mcu.externaltools.gnu-tools-for-stm32.7-2018-q2-update.win32_1.5.0.202011040924/tools/bin/../lib/gcc/arm-none-eabi/7.3.1/../../../../arm-none-eabi/lib/thumb/v7e-m/fpv4-sp/hard\libc_nano.a(lib_a-nano-mallocr.o)
                0x000000000800eb4c                _malloc_r
 .text._sbrk_r  0x000000000800ec00       0x20 c:/st/stm32cubeide_1.4.0/stm32cubeide/plugins/com.st.stm32cube.ide.mcu.externaltools.gnu-tools-for-stm32.7-2018-q2-update.win32_1.5.0.202011040924/tools/bin/../lib/gcc/arm-none-eabi/7.3.1/../../../../arm-none-eabi/lib/thumb/v7e-m/fpv4-sp/hard\libc_nano.a(lib_a-sbrkr.o)
                0x000000000800ec00                _sbrk_r
 .text.__malloc_lock
                0x000000000800ec20        0x2 c:/st/stm32cubeide_1.4.0/stm32cubeide/plugins/com.st.stm32cube.ide.mcu.externaltools.gnu-tools-for-stm32.7-2018-q2-update.win32_1.5.0.202011040924/tools/bin/../lib/gcc/arm-none-eabi/7.3.1/../../../../arm-none-eabi/lib/thumb/v7e-m/fpv4-sp/hard\libc_nano.a(lib_a-mlock.o)
                0x000000000800ec20                __malloc_lock
 .text.__malloc_unlock
                0x000000000800ec22        0x2 c:/st/stm32cubeide_1.4.0/stm32cubeide/plugins/com.st.stm32cube.ide.mcu.externaltools.gnu-tools-for-stm32.7-2018-q2-update.win32_1.5.0.202011040924/tools/bin/../lib/gcc/arm-none-eabi/7.3.1/../../../../arm-none-eabi/lib/thumb/v7e-m/fpv4-sp/hard\libc_nano.a(lib_a-mlock.o)
                0x000000000800ec22                __malloc_unlock
 *(.glue_7)
 .glue_7        0x000000000800ec24        0x0 linker stubs
 *(.glue_7t)
 .glue_7t       0x000000000800ec24        0x0 linker stubs
 *(.eh_frame)
 .eh_frame      0x000000000800ec24        0x0 c:/st/stm32cubeide_1.4.0/stm32cubeide/plugins/com.st.stm32cube.ide.mcu.externaltools.gnu-tools-for-stm32.7-2018-q2-update.win32_1.5.0.202011040924/tools/bin/../lib/gcc/arm-none-eabi/7.3.1/thumb/v7e-m/fpv4-sp/hard/crtbegin.o
 *(.init)
 .init          0x000000000800ec24        0x4 c:/st/stm32cubeide_1.4.0/stm32cubeide/plugins/com.st.stm32cube.ide.mcu.externaltools.gnu-tools-for-stm32.7-2018-q2-update.win32_1.5.0.202011040924/tools/bin/../lib/gcc/arm-none-eabi/7.3.1/thumb/v7e-m/fpv4-sp/hard/crti.o
                0x000000000800ec24                _init
 .init          0x000000000800ec28        0x8 c:/st/stm32cubeide_1.4.0/stm32cubeide/plugins/com.st.stm32cube.ide.mcu.externaltools.gnu-tools-for-stm32.7-2018-q2-update.win32_1.5.0.202011040924/tools/bin/../lib/gcc/arm-none-eabi/7.3.1/thumb/v7e-m/fpv4-sp/hard/crtn.o
 *(.fini)
 .fini          0x000000000800ec30        0x4 c:/st/stm32cubeide_1.4.0/stm32cubeide/plugins/com.st.stm32cube.ide.mcu.externaltools.gnu-tools-for-stm32.7-2018-q2-update.win32_1.5.0.202011040924/tools/bin/../lib/gcc/arm-none-eabi/7.3.1/thumb/v7e-m/fpv4-sp/hard/crti.o
                0x000000000800ec30                _fini
 .fini          0x000000000800ec34        0x8 c:/st/stm32cubeide_1.4.0/stm32cubeide/plugins/com.st.stm32cube.ide.mcu.externaltools.gnu-tools-for-stm32.7-2018-q2-update.win32_1.5.0.202011040924/tools/bin/../lib/gcc/arm-none-eabi/7.3.1/thumb/v7e-m/fpv4-sp/hard/crtn.o
                0x000000000800ec3c                . = ALIGN (0x4)
                0x000000000800ec3c                _etext = .

.vfp11_veneer   0x000000000800ec3c        0x0
 .vfp11_veneer  0x000000000800ec3c        0x0 linker stubs

.v4_bx          0x000000000800ec3c        0x0
 .v4_bx         0x000000000800ec3c        0x0 linker stubs

.iplt           0x000000000800ec3c        0x0
 .iplt          0x000000000800ec3c        0x0 c:/st/stm32cubeide_1.4.0/stm32cubeide/plugins/com.st.stm32cube.ide.mcu.externaltools.gnu-tools-for-stm32.7-2018-q2-update.win32_1.5.0.202011040924/tools/bin/../lib/gcc/arm-none-eabi/7.3.1/thumb/v7e-m/fpv4-sp/hard/crtbegin.o

.rodata         0x000000000800ec3c      0x188
                0x000000000800ec3c                . = ALIGN (0x4)
 *(.rodata)
 .rodata        0x000000000800ec3c       0x2a Core/Src/main.o
 *fill*         0x000000000800ec66        0x2 
 .rodata        0x000000000800ec68        0x4 Middlewares/ST/STM32_USB_Host_Library/Class/MSC/Src/usbh_msc.o
 .rodata        0x000000000800ec6c       0x44 Middlewares/Third_Party/FatFs/src/ff.o
 *(.rodata*)
 .rodata.I2SFreq
                0x000000000800ecb0       0x20 Audio/audioI2S.o
                0x000000000800ecb0                I2SFreq
 .rodata.I2SPLLN
                0x000000000800ecd0       0x20 Audio/audioI2S.o
                0x000000000800ecd0                I2SPLLN
 .rodata.I2SPLLR
                0x000000000800ecf0       0x20 Audio/audioI2S.o
                0x000000000800ecf0                I2SPLLR
 .rodata.AHBPrescTable
                0x000000000800ed10       0x10 Core/Src/system_stm32f4xx.o
                0x000000000800ed10                AHBPrescTable
 .rodata.APBPrescTable
                0x000000000800ed20        0x8 Core/Src/system_stm32f4xx.o
                0x000000000800ed20                APBPrescTable
 .rodata.flagBitshiftOffset.8784
                0x000000000800ed28        0x8 Drivers/STM32F4xx_HAL_Driver/Src/stm32f4xx_hal_dma.o
 .rodata.USBH_Driver
                0x000000000800ed30       0x14 FATFS/Target/usbh_diskio.o
                0x000000000800ed30                USBH_Driver
 .rodata.ExCvt  0x000000000800ed44       0x80 Middlewares/Third_Party/FatFs/src/ff.o
                0x000000000800edc4                . = ALIGN (0x4)

.ARM.extab      0x000000000800edc4        0x0
                0x000000000800edc4                . = ALIGN (0x4)
 *(.ARM.extab* .gnu.linkonce.armextab.*)
                0x000000000800edc4                . = ALIGN (0x4)

.ARM            0x000000000800edc4        0x8
                0x000000000800edc4                . = ALIGN (0x4)
                0x000000000800edc4                __exidx_start = .
 *(.ARM.exidx*)
 .ARM.exidx     0x000000000800edc4        0x8 c:/st/stm32cubeide_1.4.0/stm32cubeide/plugins/com.st.stm32cube.ide.mcu.externaltools.gnu-tools-for-stm32.7-2018-q2-update.win32_1.5.0.202011040924/tools/bin/../lib/gcc/arm-none-eabi/7.3.1/thumb/v7e-m/fpv4-sp/hard\libgcc.a(_udivmoddi4.o)
                0x000000000800edcc                __exidx_end = .
                0x000000000800edcc                . = ALIGN (0x4)

.rel.dyn        0x000000000800edcc        0x0
 .rel.iplt      0x000000000800edcc        0x0 c:/st/stm32cubeide_1.4.0/stm32cubeide/plugins/com.st.stm32cube.ide.mcu.externaltools.gnu-tools-for-stm32.7-2018-q2-update.win32_1.5.0.202011040924/tools/bin/../lib/gcc/arm-none-eabi/7.3.1/thumb/v7e-m/fpv4-sp/hard/crtbegin.o

.preinit_array  0x000000000800edcc        0x0
                0x000000000800edcc                . = ALIGN (0x4)
                0x000000000800edcc                PROVIDE (__preinit_array_start = .)
 *(.preinit_array*)
                0x000000000800edcc                PROVIDE (__preinit_array_end = .)
                0x000000000800edcc                . = ALIGN (0x4)

.init_array     0x000000000800edcc        0x4
                0x000000000800edcc                . = ALIGN (0x4)
                0x000000000800edcc                PROVIDE (__init_array_start = .)
 *(SORT_BY_NAME(.init_array.*))
 *(.init_array*)
 .init_array    0x000000000800edcc        0x4 c:/st/stm32cubeide_1.4.0/stm32cubeide/plugins/com.st.stm32cube.ide.mcu.externaltools.gnu-tools-for-stm32.7-2018-q2-update.win32_1.5.0.202011040924/tools/bin/../lib/gcc/arm-none-eabi/7.3.1/thumb/v7e-m/fpv4-sp/hard/crtbegin.o
                0x000000000800edd0                PROVIDE (__init_array_end = .)
                0x000000000800edd0                . = ALIGN (0x4)

.fini_array     0x000000000800edd0        0x4
                0x000000000800edd0                . = ALIGN (0x4)
                [!provide]                        PROVIDE (__fini_array_start = .)
 *(SORT_BY_NAME(.fini_array.*))
 *(.fini_array*)
 .fini_array    0x000000000800edd0        0x4 c:/st/stm32cubeide_1.4.0/stm32cubeide/plugins/com.st.stm32cube.ide.mcu.externaltools.gnu-tools-for-stm32.7-2018-q2-update.win32_1.5.0.202011040924/tools/bin/../lib/gcc/arm-none-eabi/7.3.1/thumb/v7e-m/fpv4-sp/hard/crtbegin.o
                [!provide]                        PROVIDE (__fini_array_end = .)
                0x000000000800edd4                . = ALIGN (0x4)
                0x000000000800edd4                _sidata = LOADADDR (.data)

.data           0x0000000020000000       0x90 load address 0x000000000800edd4
                0x0000000020000000                . = ALIGN (0x4)
                0x0000000020000000                _sdata = .
 *(.data)
 *(.data*)
 .data.SystemCoreClock
                0x0000000020000000        0x4 Core/Src/system_stm32f4xx.o
                0x0000000020000000                SystemCoreClock
 .data.uwTickPrio
                0x0000000020000004        0x4 Drivers/STM32F4xx_HAL_Driver/Src/stm32f4xx_hal.o
                0x0000000020000004                uwTickPrio
 .data.uwTickFreq
                0x0000000020000008        0x1 Drivers/STM32F4xx_HAL_Driver/Src/stm32f4xx_hal.o
                0x0000000020000008                uwTickFreq
 *fill*         0x0000000020000009        0x3 
 .data.USBH_msc
                0x000000002000000c       0x20 Middlewares/ST/STM32_USB_Host_Library/Class/MSC/Src/usbh_msc.o
                0x000000002000000c                USBH_msc
 .data._impure_ptr
                0x000000002000002c        0x4 c:/st/stm32cubeide_1.4.0/stm32cubeide/plugins/com.st.stm32cube.ide.mcu.externaltools.gnu-tools-for-stm32.7-2018-q2-update.win32_1.5.0.202011040924/tools/bin/../lib/gcc/arm-none-eabi/7.3.1/../../../../arm-none-eabi/lib/thumb/v7e-m/fpv4-sp/hard\libc_nano.a(lib_a-impure.o)
                0x000000002000002c                _impure_ptr
 .data.impure_data
                0x0000000020000030       0x60 c:/st/stm32cubeide_1.4.0/stm32cubeide/plugins/com.st.stm32cube.ide.mcu.externaltools.gnu-tools-for-stm32.7-2018-q2-update.win32_1.5.0.202011040924/tools/bin/../lib/gcc/arm-none-eabi/7.3.1/../../../../arm-none-eabi/lib/thumb/v7e-m/fpv4-sp/hard\libc_nano.a(lib_a-impure.o)
 *(.RamFunc)
 *(.RamFunc*)
                0x0000000020000090                . = ALIGN (0x4)
                0x0000000020000090                _edata = .

.igot.plt       0x0000000020000090        0x0 load address 0x000000000800ee64
 .igot.plt      0x0000000020000090        0x0 c:/st/stm32cubeide_1.4.0/stm32cubeide/plugins/com.st.stm32cube.ide.mcu.externaltools.gnu-tools-for-stm32.7-2018-q2-update.win32_1.5.0.202011040924/tools/bin/../lib/gcc/arm-none-eabi/7.3.1/thumb/v7e-m/fpv4-sp/hard/crtbegin.o
                0x0000000020000090                . = ALIGN (0x4)

.bss            0x0000000020000090     0x1f98 load address 0x000000000800ee64
                0x0000000020000090                _sbss = .
                0x0000000020000090                __bss_start__ = _sbss
 *(.bss)
 .bss           0x0000000020000090       0x1c c:/st/stm32cubeide_1.4.0/stm32cubeide/plugins/com.st.stm32cube.ide.mcu.externaltools.gnu-tools-for-stm32.7-2018-q2-update.win32_1.5.0.202011040924/tools/bin/../lib/gcc/arm-none-eabi/7.3.1/thumb/v7e-m/fpv4-sp/hard/crtbegin.o
 *(.bss*)
 .bss.i2cx      0x00000000200000ac       0x54 Audio/MY_CS43L22.o
 .bss.hAudioI2S
                0x0000000020000100        0x4 Audio/audioI2S.o
 .bss.wavFile   0x0000000020000104      0x230 Audio/wav_player.o
 .bss.fileLength
                0x0000000020000334        0x4 Audio/wav_player.o
 .bss.audioBuffer
                0x0000000020000338     0x1000 Audio/wav_player.o
 .bss.audioRemainSize
                0x0000000020001338        0x4 Audio/wav_player.o
 .bss.samplingFreq
                0x000000002000133c        0x4 Audio/wav_player.o
 .bss.playerReadBytes
                0x0000000020001340        0x4 Audio/wav_player.o
 .bss.isFinished
                0x0000000020001344        0x1 Audio/wav_player.o
 .bss.playerControlSM
                0x0000000020001345        0x1 Audio/wav_player.o
 *fill*         0x0000000020001346        0x2 
 .bss.__sbrk_heap_end
                0x0000000020001348        0x4 Core/Src/sysmem.o
 .bss.tmpreg.8940
                0x000000002000134c        0x4 Drivers/STM32F4xx_HAL_Driver/Src/stm32f4xx_ll_usb.o
 .bss.FatFs     0x0000000020001350        0x4 Middlewares/Third_Party/FatFs/src/ff.o
 .bss.Fsid      0x0000000020001354        0x2 Middlewares/Third_Party/FatFs/src/ff.o
 *fill*         0x0000000020001356        0x2 
 .bss.Files     0x0000000020001358       0x20 Middlewares/Third_Party/FatFs/src/ff.o
 .bss.disk      0x0000000020001378        0xc Middlewares/Third_Party/FatFs/src/ff_gen_drv.o
                0x0000000020001378                disk
 .bss.Appli_state
                0x0000000020001384        0x1 USB_HOST/App/usb_host.o
                0x0000000020001384                Appli_state
 *fill*         0x0000000020001385        0x3 
 .bss.__malloc_free_list
                0x0000000020001388        0x4 c:/st/stm32cubeide_1.4.0/stm32cubeide/plugins/com.st.stm32cube.ide.mcu.externaltools.gnu-tools-for-stm32.7-2018-q2-update.win32_1.5.0.202011040924/tools/bin/../lib/gcc/arm-none-eabi/7.3.1/../../../../arm-none-eabi/lib/thumb/v7e-m/fpv4-sp/hard\libc_nano.a(lib_a-nano-mallocr.o)
                0x0000000020001388                __malloc_free_list
 .bss.__malloc_sbrk_start
                0x000000002000138c        0x4 c:/st/stm32cubeide_1.4.0/stm32cubeide/plugins/com.st.stm32cube.ide.mcu.externaltools.gnu-tools-for-stm32.7-2018-q2-update.win32_1.5.0.202011040924/tools/bin/../lib/gcc/arm-none-eabi/7.3.1/../../../../arm-none-eabi/lib/thumb/v7e-m/fpv4-sp/hard\libc_nano.a(lib_a-nano-mallocr.o)
                0x000000002000138c                __malloc_sbrk_start
 *(COMMON)
 COMMON         0x0000000020001390      0x18c Core/Src/main.o
                0x0000000020001390                interrupcion
                0x0000000020001394                hi2c1
                0x00000000200013e8                hdma_spi3_tx
                0x0000000020001448                hadc1
                0x0000000020001490                volumen
                0x0000000020001494                htim2
                0x00000000200014d4                hi2s3
 COMMON         0x000000002000151c        0x4 Drivers/STM32F4xx_HAL_Driver/Src/stm32f4xx_hal.o
                0x000000002000151c                uwTick
 COMMON         0x0000000020001520      0x465 FATFS/App/fatfs.o
                0x0000000020001520                USBHPath
                0x0000000020001524                USBHFile
                0x0000000020001754                USBHFatFS
                0x0000000020001984                retUSBH
 *fill*         0x0000000020001985        0x3 
 COMMON         0x0000000020001988      0x3d8 USB_HOST/App/usb_host.o
                0x0000000020001988                hUsbHostFS
 COMMON         0x0000000020001d60      0x2c4 USB_HOST/Target/usbh_conf.o
                0x0000000020001d60                hhcd_USB_OTG_FS
 COMMON         0x0000000020002024        0x4 c:/st/stm32cubeide_1.4.0/stm32cubeide/plugins/com.st.stm32cube.ide.mcu.externaltools.gnu-tools-for-stm32.7-2018-q2-update.win32_1.5.0.202011040924/tools/bin/../lib/gcc/arm-none-eabi/7.3.1/../../../../arm-none-eabi/lib/thumb/v7e-m/fpv4-sp/hard\libc_nano.a(lib_a-reent.o)
                0x0000000020002024                errno
                0x0000000020002028                . = ALIGN (0x4)
                0x0000000020002028                _ebss = .
                0x0000000020002028                __bss_end__ = _ebss

._user_heap_stack
                0x0000000020002028     0x4000 load address 0x000000000800ee64
                0x0000000020002028                . = ALIGN (0x8)
                [!provide]                        PROVIDE (end = .)
                0x0000000020002028                PROVIDE (_end = .)
                0x0000000020004028                . = (. + _Min_Heap_Size)
 *fill*         0x0000000020002028     0x2000 
                0x0000000020006028                . = (. + _Min_Stack_Size)
 *fill*         0x0000000020004028     0x2000 
                0x0000000020006028                . = ALIGN (0x8)

/DISCARD/
 libc.a(*)
 libm.a(*)
 libgcc.a(*)

.ARM.attributes
                0x0000000000000000       0x30
 *(.ARM.attributes)
 .ARM.attributes
                0x0000000000000000       0x22 c:/st/stm32cubeide_1.4.0/stm32cubeide/plugins/com.st.stm32cube.ide.mcu.externaltools.gnu-tools-for-stm32.7-2018-q2-update.win32_1.5.0.202011040924/tools/bin/../lib/gcc/arm-none-eabi/7.3.1/thumb/v7e-m/fpv4-sp/hard/crti.o
 .ARM.attributes
                0x0000000000000022       0x34 c:/st/stm32cubeide_1.4.0/stm32cubeide/plugins/com.st.stm32cube.ide.mcu.externaltools.gnu-tools-for-stm32.7-2018-q2-update.win32_1.5.0.202011040924/tools/bin/../lib/gcc/arm-none-eabi/7.3.1/thumb/v7e-m/fpv4-sp/hard/crtbegin.o
 .ARM.attributes
                0x0000000000000056       0x39 Audio/MY_CS43L22.o
 .ARM.attributes
                0x000000000000008f       0x39 Audio/audioI2S.o
 .ARM.attributes
                0x00000000000000c8       0x39 Audio/wav_player.o
 .ARM.attributes
                0x0000000000000101       0x39 Core/Src/main.o
 .ARM.attributes
                0x000000000000013a       0x39 Core/Src/stm32f4xx_hal_msp.o
 .ARM.attributes
                0x0000000000000173       0x39 Core/Src/stm32f4xx_it.o
 .ARM.attributes
                0x00000000000001ac       0x39 Core/Src/sysmem.o
 .ARM.attributes
                0x00000000000001e5       0x39 Core/Src/system_stm32f4xx.o
 .ARM.attributes
                0x000000000000021e       0x21 Core/Startup/startup_stm32f407vgtx.o
 .ARM.attributes
                0x000000000000023f       0x39 Drivers/STM32F4xx_HAL_Driver/Src/stm32f4xx_hal.o
 .ARM.attributes
                0x0000000000000278       0x39 Drivers/STM32F4xx_HAL_Driver/Src/stm32f4xx_hal_adc.o
 .ARM.attributes
                0x00000000000002b1       0x39 Drivers/STM32F4xx_HAL_Driver/Src/stm32f4xx_hal_cortex.o
 .ARM.attributes
                0x00000000000002ea       0x39 Drivers/STM32F4xx_HAL_Driver/Src/stm32f4xx_hal_dma.o
 .ARM.attributes
                0x0000000000000323       0x39 Drivers/STM32F4xx_HAL_Driver/Src/stm32f4xx_hal_gpio.o
 .ARM.attributes
                0x000000000000035c       0x39 Drivers/STM32F4xx_HAL_Driver/Src/stm32f4xx_hal_hcd.o
 .ARM.attributes
                0x0000000000000395       0x39 Drivers/STM32F4xx_HAL_Driver/Src/stm32f4xx_hal_i2c.o
 .ARM.attributes
                0x00000000000003ce       0x39 Drivers/STM32F4xx_HAL_Driver/Src/stm32f4xx_hal_i2s.o
 .ARM.attributes
                0x0000000000000407       0x39 Drivers/STM32F4xx_HAL_Driver/Src/stm32f4xx_hal_i2s_ex.o
 .ARM.attributes
                0x0000000000000440       0x39 Drivers/STM32F4xx_HAL_Driver/Src/stm32f4xx_hal_rcc.o
 .ARM.attributes
                0x0000000000000479       0x39 Drivers/STM32F4xx_HAL_Driver/Src/stm32f4xx_hal_rcc_ex.o
 .ARM.attributes
                0x00000000000004b2       0x39 Drivers/STM32F4xx_HAL_Driver/Src/stm32f4xx_hal_tim.o
 .ARM.attributes
                0x00000000000004eb       0x39 Drivers/STM32F4xx_HAL_Driver/Src/stm32f4xx_hal_tim_ex.o
 .ARM.attributes
                0x0000000000000524       0x39 Drivers/STM32F4xx_HAL_Driver/Src/stm32f4xx_ll_usb.o
 .ARM.attributes
                0x000000000000055d       0x39 FATFS/App/fatfs.o
 .ARM.attributes
                0x0000000000000596       0x39 FATFS/Target/usbh_diskio.o
 .ARM.attributes
                0x00000000000005cf       0x39 Middlewares/ST/STM32_USB_Host_Library/Class/MSC/Src/usbh_msc.o
 .ARM.attributes
                0x0000000000000608       0x39 Middlewares/ST/STM32_USB_Host_Library/Class/MSC/Src/usbh_msc_bot.o
 .ARM.attributes
                0x0000000000000641       0x39 Middlewares/ST/STM32_USB_Host_Library/Class/MSC/Src/usbh_msc_scsi.o
 .ARM.attributes
                0x000000000000067a       0x39 Middlewares/ST/STM32_USB_Host_Library/Core/Src/usbh_core.o
 .ARM.attributes
                0x00000000000006b3       0x39 Middlewares/ST/STM32_USB_Host_Library/Core/Src/usbh_ctlreq.o
 .ARM.attributes
                0x00000000000006ec       0x39 Middlewares/ST/STM32_USB_Host_Library/Core/Src/usbh_ioreq.o
 .ARM.attributes
                0x0000000000000725       0x39 Middlewares/ST/STM32_USB_Host_Library/Core/Src/usbh_pipes.o
 .ARM.attributes
                0x000000000000075e       0x39 Middlewares/Third_Party/FatFs/src/diskio.o
 .ARM.attributes
                0x0000000000000797       0x39 Middlewares/Third_Party/FatFs/src/ff.o
 .ARM.attributes
                0x00000000000007d0       0x39 Middlewares/Third_Party/FatFs/src/ff_gen_drv.o
 .ARM.attributes
                0x0000000000000809       0x39 USB_HOST/App/usb_host.o
 .ARM.attributes
                0x0000000000000842       0x39 USB_HOST/Target/usbh_conf.o
 .ARM.attributes
                0x000000000000087b       0x34 c:/st/stm32cubeide_1.4.0/stm32cubeide/plugins/com.st.stm32cube.ide.mcu.externaltools.gnu-tools-for-stm32.7-2018-q2-update.win32_1.5.0.202011040924/tools/bin/../lib/gcc/arm-none-eabi/7.3.1/../../../../arm-none-eabi/lib/thumb/v7e-m/fpv4-sp/hard\libc_nano.a(lib_a-errno.o)
 .ARM.attributes
                0x00000000000008af       0x34 c:/st/stm32cubeide_1.4.0/stm32cubeide/plugins/com.st.stm32cube.ide.mcu.externaltools.gnu-tools-for-stm32.7-2018-q2-update.win32_1.5.0.202011040924/tools/bin/../lib/gcc/arm-none-eabi/7.3.1/../../../../arm-none-eabi/lib/thumb/v7e-m/fpv4-sp/hard\libc_nano.a(lib_a-impure.o)
 .ARM.attributes
                0x00000000000008e3       0x34 c:/st/stm32cubeide_1.4.0/stm32cubeide/plugins/com.st.stm32cube.ide.mcu.externaltools.gnu-tools-for-stm32.7-2018-q2-update.win32_1.5.0.202011040924/tools/bin/../lib/gcc/arm-none-eabi/7.3.1/../../../../arm-none-eabi/lib/thumb/v7e-m/fpv4-sp/hard\libc_nano.a(lib_a-init.o)
 .ARM.attributes
                0x0000000000000917       0x34 c:/st/stm32cubeide_1.4.0/stm32cubeide/plugins/com.st.stm32cube.ide.mcu.externaltools.gnu-tools-for-stm32.7-2018-q2-update.win32_1.5.0.202011040924/tools/bin/../lib/gcc/arm-none-eabi/7.3.1/../../../../arm-none-eabi/lib/thumb/v7e-m/fpv4-sp/hard\libc_nano.a(lib_a-malloc.o)
 .ARM.attributes
                0x000000000000094b       0x34 c:/st/stm32cubeide_1.4.0/stm32cubeide/plugins/com.st.stm32cube.ide.mcu.externaltools.gnu-tools-for-stm32.7-2018-q2-update.win32_1.5.0.202011040924/tools/bin/../lib/gcc/arm-none-eabi/7.3.1/../../../../arm-none-eabi/lib/thumb/v7e-m/fpv4-sp/hard\libc_nano.a(lib_a-memcpy-stub.o)
 .ARM.attributes
                0x000000000000097f       0x34 c:/st/stm32cubeide_1.4.0/stm32cubeide/plugins/com.st.stm32cube.ide.mcu.externaltools.gnu-tools-for-stm32.7-2018-q2-update.win32_1.5.0.202011040924/tools/bin/../lib/gcc/arm-none-eabi/7.3.1/../../../../arm-none-eabi/lib/thumb/v7e-m/fpv4-sp/hard\libc_nano.a(lib_a-memset.o)
 .ARM.attributes
                0x00000000000009b3       0x34 c:/st/stm32cubeide_1.4.0/stm32cubeide/plugins/com.st.stm32cube.ide.mcu.externaltools.gnu-tools-for-stm32.7-2018-q2-update.win32_1.5.0.202011040924/tools/bin/../lib/gcc/arm-none-eabi/7.3.1/../../../../arm-none-eabi/lib/thumb/v7e-m/fpv4-sp/hard\libc_nano.a(lib_a-nano-freer.o)
 .ARM.attributes
                0x00000000000009e7       0x34 c:/st/stm32cubeide_1.4.0/stm32cubeide/plugins/com.st.stm32cube.ide.mcu.externaltools.gnu-tools-for-stm32.7-2018-q2-update.win32_1.5.0.202011040924/tools/bin/../lib/gcc/arm-none-eabi/7.3.1/../../../../arm-none-eabi/lib/thumb/v7e-m/fpv4-sp/hard\libc_nano.a(lib_a-nano-mallocr.o)
 .ARM.attributes
                0x0000000000000a1b       0x34 c:/st/stm32cubeide_1.4.0/stm32cubeide/plugins/com.st.stm32cube.ide.mcu.externaltools.gnu-tools-for-stm32.7-2018-q2-update.win32_1.5.0.202011040924/tools/bin/../lib/gcc/arm-none-eabi/7.3.1/../../../../arm-none-eabi/lib/thumb/v7e-m/fpv4-sp/hard\libc_nano.a(lib_a-sbrkr.o)
 .ARM.attributes
                0x0000000000000a4f       0x34 c:/st/stm32cubeide_1.4.0/stm32cubeide/plugins/com.st.stm32cube.ide.mcu.externaltools.gnu-tools-for-stm32.7-2018-q2-update.win32_1.5.0.202011040924/tools/bin/../lib/gcc/arm-none-eabi/7.3.1/../../../../arm-none-eabi/lib/thumb/v7e-m/fpv4-sp/hard\libc_nano.a(lib_a-mlock.o)
 .ARM.attributes