Archive member included to satisfy reference by file (symbol)

c:/st/stm32cubeide_1.4.0/stm32cubeide/plugins/com.st.stm32cube.ide.mcu.externaltools.gnu-tools-for-stm32.7-2018-q2-update.win32_1.5.0.202011040924/tools/bin/../lib/gcc/arm-none-eabi/7.3.1/../../../../arm-none-eabi/lib/thumb/v7e-m/fpv4-sp/hard\libc_nano.a(lib_a-errno.o)
                              Core/Src/syscalls.o (__errno)
c:/st/stm32cubeide_1.4.0/stm32cubeide/plugins/com.st.stm32cube.ide.mcu.externaltools.gnu-tools-for-stm32.7-2018-q2-update.win32_1.5.0.202011040924/tools/bin/../lib/gcc/arm-none-eabi/7.3.1/../../../../arm-none-eabi/lib/thumb/v7e-m/fpv4-sp/hard\libc_nano.a(lib_a-exit.o)
                              c:/st/stm32cubeide_1.4.0/stm32cubeide/plugins/com.st.stm32cube.ide.mcu.externaltools.gnu-tools-for-stm32.7-2018-q2-update.win32_1.5.0.202011040924/tools/bin/../lib/gcc/arm-none-eabi/7.3.1/../../../../arm-none-eabi/lib/thumb/v7e-m/fpv4-sp/hard/crt0.o (exit)
c:/st/stm32cubeide_1.4.0/stm32cubeide/plugins/com.st.stm32cube.ide.mcu.externaltools.gnu-tools-for-stm32.7-2018-q2-update.win32_1.5.0.202011040924/tools/bin/../lib/gcc/arm-none-eabi/7.3.1/../../../../arm-none-eabi/lib/thumb/v7e-m/fpv4-sp/hard\libc_nano.a(lib_a-impure.o)
                              c:/st/stm32cubeide_1.4.0/stm32cubeide/plugins/com.st.stm32cube.ide.mcu.externaltools.gnu-tools-for-stm32.7-2018-q2-update.win32_1.5.0.202011040924/tools/bin/../lib/gcc/arm-none-eabi/7.3.1/../../../../arm-none-eabi/lib/thumb/v7e-m/fpv4-sp/hard\libc_nano.a(lib_a-exit.o) (_global_impure_ptr)
c:/st/stm32cubeide_1.4.0/stm32cubeide/plugins/com.st.stm32cube.ide.mcu.externaltools.gnu-tools-for-stm32.7-2018-q2-update.win32_1.5.0.202011040924/tools/bin/../lib/gcc/arm-none-eabi/7.3.1/../../../../arm-none-eabi/lib/thumb/v7e-m/fpv4-sp/hard\libc_nano.a(lib_a-init.o)
                              c:/st/stm32cubeide_1.4.0/stm32cubeide/plugins/com.st.stm32cube.ide.mcu.externaltools.gnu-tools-for-stm32.7-2018-q2-update.win32_1.5.0.202011040924/tools/bin/../lib/gcc/arm-none-eabi/7.3.1/../../../../arm-none-eabi/lib/thumb/v7e-m/fpv4-sp/hard/crt0.o (__libc_init_array)
c:/st/stm32cubeide_1.4.0/stm32cubeide/plugins/com.st.stm32cube.ide.mcu.externaltools.gnu-tools-for-stm32.7-2018-q2-update.win32_1.5.0.202011040924/tools/bin/../lib/gcc/arm-none-eabi/7.3.1/../../../../arm-none-eabi/lib/thumb/v7e-m/fpv4-sp/hard\libc_nano.a(lib_a-malloc.o)
                              Middlewares/ST/STM32_USB_Host_Library/Class/MSC/Src/usbh_msc.o (malloc)
c:/st/stm32cubeide_1.4.0/stm32cubeide/plugins/com.st.stm32cube.ide.mcu.externaltools.gnu-tools-for-stm32.7-2018-q2-update.win32_1.5.0.202011040924/tools/bin/../lib/gcc/arm-none-eabi/7.3.1/../../../../arm-none-eabi/lib/thumb/v7e-m/fpv4-sp/hard\libc_nano.a(lib_a-memcpy-stub.o)
                              Audio/MY_CS43L22.o (memcpy)
c:/st/stm32cubeide_1.4.0/stm32cubeide/plugins/com.st.stm32cube.ide.mcu.externaltools.gnu-tools-for-stm32.7-2018-q2-update.win32_1.5.0.202011040924/tools/bin/../lib/gcc/arm-none-eabi/7.3.1/../../../../arm-none-eabi/lib/thumb/v7e-m/fpv4-sp/hard\libc_nano.a(lib_a-memset.o)
                              c:/st/stm32cubeide_1.4.0/stm32cubeide/plugins/com.st.stm32cube.ide.mcu.externaltools.gnu-tools-for-stm32.7-2018-q2-update.win32_1.5.0.202011040924/tools/bin/../lib/gcc/arm-none-eabi/7.3.1/../../../../arm-none-eabi/lib/thumb/v7e-m/fpv4-sp/hard/crt0.o (memset)
c:/st/stm32cubeide_1.4.0/stm32cubeide/plugins/com.st.stm32cube.ide.mcu.externaltools.gnu-tools-for-stm32.7-2018-q2-update.win32_1.5.0.202011040924/tools/bin/../lib/gcc/arm-none-eabi/7.3.1/../../../../arm-none-eabi/lib/thumb/v7e-m/fpv4-sp/hard\libc_nano.a(lib_a-nano-freer.o)
                              c:/st/stm32cubeide_1.4.0/stm32cubeide/plugins/com.st.stm32cube.ide.mcu.externaltools.gnu-tools-for-stm32.7-2018-q2-update.win32_1.5.0.202011040924/tools/bin/../lib/gcc/arm-none-eabi/7.3.1/../../../../arm-none-eabi/lib/thumb/v7e-m/fpv4-sp/hard\libc_nano.a(lib_a-malloc.o) (_free_r)
c:/st/stm32cubeide_1.4.0/stm32cubeide/plugins/com.st.stm32cube.ide.mcu.externaltools.gnu-tools-for-stm32.7-2018-q2-update.win32_1.5.0.202011040924/tools/bin/../lib/gcc/arm-none-eabi/7.3.1/../../../../arm-none-eabi/lib/thumb/v7e-m/fpv4-sp/hard\libc_nano.a(lib_a-nano-mallocr.o)
                              c:/st/stm32cubeide_1.4.0/stm32cubeide/plugins/com.st.stm32cube.ide.mcu.externaltools.gnu-tools-for-stm32.7-2018-q2-update.win32_1.5.0.202011040924/tools/bin/../lib/gcc/arm-none-eabi/7.3.1/../../../../arm-none-eabi/lib/thumb/v7e-m/fpv4-sp/hard\libc_nano.a(lib_a-malloc.o) (_malloc_r)
c:/st/stm32cubeide_1.4.0/stm32cubeide/plugins/com.st.stm32cube.ide.mcu.externaltools.gnu-tools-for-stm32.7-2018-q2-update.win32_1.5.0.202011040924/tools/bin/../lib/gcc/arm-none-eabi/7.3.1/../../../../arm-none-eabi/lib/thumb/v7e-m/fpv4-sp/hard\libc_nano.a(lib_a-sbrkr.o)
[...]
Memory Configuration

Name             Origin             Length             Attributes
CCMRAM           0x0000000010000000 0x0000000000010000 xrw
RAM              0x0000000020000000 0x0000000000020000 xrw
FLASH            0x0000000008000000 0x0000000000100000 xr
*default*        0x0000000000000000 0xffffffffffffffff

Linker script and memory map

LOAD c:/st/stm32cubeide_1.4.0/stm32cubeide/plugins/com.st.stm32cube.ide.mcu.externaltools.gnu-tools-for-stm32.7-2018-q2-update.win32_1.5.0.202011040924/tools/bin/../lib/gcc/arm-none-eabi/7.3.1/thumb/v7e-m/fpv4-sp/hard/crti.o
LOAD c:/st/stm32cubeide_1.4.0/stm32cubeide/plugins/com.st.stm32cube.ide.mcu.externaltools.gnu-tools-for-stm32.7-2018-q2-update.win32_1.5.0.202011040924/tools/bin/../lib/gcc/arm-none-eabi/7.3.1/thumb/v7e-m/fpv4-sp/hard/crtbegin.o
LOAD c:/st/stm32cubeide_1.4.0/stm32cubeide/plugins/com.st.stm32cube.ide.mcu.externaltools.gnu-tools-for-stm32.7-2018-q2-update.win32_1.5.0.202011040924/tools/bin/../lib/gcc/arm-none-eabi/7.3.1/../../../../arm-none-eabi/lib/thumb/v7e-m/fpv4-sp/hard/crt0.o
LOAD Audio/MY_CS43L22.o
LOAD Audio/audioI2S.o
LOAD Audio/wav_player.o
LOAD Core/Src/main.o
LOAD Core/Src/stm32f4xx_hal_msp.o
LOAD Core/Src/stm32f4xx_it.o
LOAD Core/Src/syscalls.o
LOAD Core/Src/sysmem.o
LOAD Core/Src/system_stm32f4xx.o
LOAD Core/Startup/startup_stm32f407vgtx.o
LOAD Drivers/STM32F4xx_HAL_Driver/Src/stm32f4xx_hal.o
LOAD Drivers/STM32F4xx_HAL_Driver/Src/stm32f4xx_hal_adc.o
LOAD Drivers/STM32F4xx_HAL_Driver/Src/stm32f4xx_hal_adc_ex.o
LOAD Drivers/STM32F4xx_HAL_Driver/Src/stm32f4xx_hal_cortex.o
LOAD Drivers/STM32F4xx_HAL_Driver/Src/stm32f4xx_hal_dma.o
LOAD Drivers/STM32F4xx_HAL_Driver/Src/stm32f4xx_hal_dma_ex.o
LOAD Drivers/STM32F4xx_HAL_Driver/Src/stm32f4xx_hal_exti.o
LOAD Drivers/STM32F4xx_HAL_Driver/Src/stm32f4xx_hal_flash.o
LOAD Drivers/STM32F4xx_HAL_Driver/Src/stm32f4xx_hal_flash_ex.o
LOAD Drivers/STM32F4xx_HAL_Driver/Src/stm32f4xx_hal_flash_ramfunc.o
LOAD Drivers/STM32F4xx_HAL_Driver/Src/stm32f4xx_hal_gpio.o
LOAD Drivers/STM32F4xx_HAL_Driver/Src/stm32f4xx_hal_hcd.o
LOAD Drivers/STM32F4xx_HAL_Driver/Src/stm32f4xx_hal_i2c.o
LOAD Drivers/STM32F4xx_HAL_Driver/Src/stm32f4xx_hal_i2c_ex.o
LOAD Drivers/STM32F4xx_HAL_Driver/Src/stm32f4xx_hal_i2s.o
LOAD Drivers/STM32F4xx_HAL_Driver/Src/stm32f4xx_hal_i2s_ex.o
LOAD Drivers/STM32F4xx_HAL_Driver/Src/stm32f4xx_hal_pwr.o
LOAD Drivers/STM32F4xx_HAL_Driver/Src/stm32f4xx_hal_pwr_ex.o
LOAD Drivers/STM32F4xx_HAL_Driver/Src/stm32f4xx_hal_rcc.o
LOAD Drivers/STM32F4xx_HAL_Driver/Src/stm32f4xx_hal_rcc_ex.o
LOAD Drivers/STM32F4xx_HAL_Driver/Src/stm32f4xx_hal_tim.o
LOAD Drivers/STM32F4xx_HAL_Driver/Src/stm32f4xx_hal_tim_ex.o
LOAD Drivers/STM32F4xx_HAL_Driver/Src/stm32f4xx_ll_usb.o
LOAD FATFS/App/fatfs.o
LOAD FATFS/Target/usbh_diskio.o
LOAD Middlewares/ST/STM32_USB_Host_Library/Class/MSC/Src/usbh_msc.o
LOAD Middlewares/ST/STM32_USB_Host_Library/Class/MSC/Src/usbh_msc_bot.o
LOAD Middlewares/ST/STM32_USB_Host_Library/Class/MSC/Src/usbh_msc_scsi.o
LOAD Middlewares/ST/STM32_USB_Host_Library/Core/Src/usbh_core.o
LOAD Middlewares/ST/STM32_USB_Host_Library/Core/Src/usbh_ctlreq.o
LOAD Middlewares/ST/STM32_USB_Host_Library/Core/Src/usbh_ioreq.o
LOAD Middlewares/ST/STM32_USB_Host_Library/Core/Src/usbh_pipes.o
LOAD Middlewares/Third_Party/FatFs/src/diskio.o
LOAD Middlewares/Third_Party/FatFs/src/ff.o
LOAD Middlewares/Third_Party/FatFs/src/ff_gen_drv.o
LOAD Middlewares/Third_Party/FatFs/src/option/syscall.o
LOAD USB_HOST/App/usb_host.o
LOAD USB_HOST/Target/usbh_conf.o
START GROUP
LOAD c:/st/stm32cubeide_1.4.0/stm32cubeide/plugins/com.st.stm32cube.ide.mcu.externaltools.gnu-tools-for-stm32.7-2018-q2-update.win32_1.5.0.202011040924/tools/bin/../lib/gcc/arm-none-eabi/7.3.1/../../../../arm-none-eabi/lib/thumb/v7e-m/fpv4-sp/hard\libc_nano.a
LOAD c:/st/stm32cubeide_1.4.0/stm32cubeide/plugins/com.st.stm32cube.ide.mcu.externaltools.gnu-tools-for-stm32.7-2018-q2-update.win32_1.5.0.202011040924/tools/bin/../lib/gcc/arm-none-eabi/7.3.1/../../../../arm-none-eabi/lib/thumb/v7e-m/fpv4-sp/hard\libm.a
END GROUP
START GROUP
LOAD c:/st/stm32cubeide_1.4.0/stm32cubeide/plugins/com.st.stm32cube.ide.mcu.externaltools.gnu-tools-for-stm32.7-2018-q2-update.win32_1.5.0.202011040924/tools/bin/../lib/gcc/arm-none-eabi/7.3.1/thumb/v7e-m/fpv4-sp/hard\libgcc.a
LOAD c:/st/stm32cubeide_1.4.0/stm32cubeide/plugins/com.st.stm32cube.ide.mcu.externaltools.gnu-tools-for-stm32.7-2018-q2-update.win32_1.5.0.202011040924/tools/bin/../lib/gcc/arm-none-eabi/7.3.1/../../../../arm-none-eabi/lib/thumb/v7e-m/fpv4-sp/hard\libc_nano.a
END GROUP
START GROUP
LOAD c:/st/stm32cubeide_1.4.0/stm32cubeide/plugins/com.st.stm32cube.ide.mcu.externaltools.gnu-tools-for-stm32.7-2018-q2-update.win32_1.5.0.202011040924/tools/bin/../lib/gcc/arm-none-eabi/7.3.1/thumb/v7e-m/fpv4-sp/hard\libgcc.a
LOAD c:/st/stm32cubeide_1.4.0/stm32cubeide/plugins/com.st.stm32cube.ide.mcu.externaltools.gnu-tools-for-stm32.7-2018-q2-update.win32_1.5.0.202011040924/tools/bin/../lib/gcc/arm-none-eabi/7.3.1/../../../../arm-none-eabi/lib/thumb/v7e-m/fpv4-sp/hard\libc_nano.a
LOAD c:/st/stm32cubeide_1.4.0/stm32cubeide/plugins/com.st.stm32cube.ide.mcu.externaltools.gnu-tools-for-stm32.7-2018-q2-update.win32_1.5.0.202011040924/tools/bin/../lib/gcc/arm-none-eabi/7.3.1/../../../../arm-none-eabi/lib/thumb/v7e-m/fpv4-sp/hard\libnosys.a
END GROUP
START GROUP
LOAD c:/st/stm32cubeide_1.4.0/stm32cubeide/plugins/com.st.stm32cube.ide.mcu.externaltools.gnu-tools-for-stm32.7-2018-q2-update.win32_1.5.0.202011040924/tools/bin/../lib/gcc/arm-none-eabi/7.3.1/thumb/v7e-m/fpv4-sp/hard\libgcc.a
LOAD c:/st/stm32cubeide_1.4.0/stm32cubeide/plugins/com.st.stm32cube.ide.mcu.externaltools.gnu-tools-for-stm32.7-2018-q2-update.win32_1.5.0.202011040924/tools/bin/../lib/gcc/arm-none-eabi/7.3.1/../../../../arm-none-eabi/lib/thumb/v7e-m/fpv4-sp/hard\libc_nano.a
LOAD c:/st/stm32cubeide_1.4.0/stm32cubeide/plugins/com.st.stm32cube.ide.mcu.externaltools.gnu-tools-for-stm32.7-2018-q2-update.win32_1.5.0.202011040924/tools/bin/../lib/gcc/arm-none-eabi/7.3.1/../../../../arm-none-eabi/lib/thumb/v7e-m/fpv4-sp/hard\libnosys.a
END GROUP
LOAD c:/st/stm32cubeide_1.4.0/stm32cubeide/plugins/com.st.stm32cube.ide.mcu.externaltools.gnu-tools-for-stm32.7-2018-q2-update.win32_1.5.0.202011040924/tools/bin/../lib/gcc/arm-none-eabi/7.3.1/thumb/v7e-m/fpv4-sp/hard/crtend.o
LOAD c:/st/stm32cubeide_1.4.0/stm32cubeide/plugins/com.st.stm32cube.ide.mcu.externaltools.gnu-tools-for-stm32.7-2018-q2-update.win32_1.5.0.202011040924/tools/bin/../lib/gcc/arm-none-eabi/7.3.1/thumb/v7e-m/fpv4-sp/hard/crtn.o
                0x0000000020020000                _estack = (ORIGIN (RAM) + LENGTH (RAM))
                0x0000000000002000                _Min_Heap_Size = 0x2000
                0x0000000000002000                _Min_Stack_Size = 0x2000

.isr_vector     0x0000000008000000      0x188
                0x0000000008000000                . = ALIGN (0x4)
 *(.isr_vector)
 .isr_vector    0x0000000008000000      0x188 Core/Startup/startup_stm32f407vgtx.o
                0x0000000008000000                g_pfnVectors
                0x0000000008000188                . = ALIGN (0x4)

.text           0x0000000008000188     0xe088
                0x0000000008000188                . = ALIGN (0x4)
 *(.text)
 .text          0x0000000008000188       0x40 c:/st/stm32cubeide_1.4.0/stm32cubeide/plugins/com.st.stm32cube.ide.mcu.externaltools.gnu-tools-for-stm32.7-2018-q2-update.win32_1.5.0.202011040924/tools/bin/../lib/gcc/arm-none-eabi/7.3.1/thumb/v7e-m/fpv4-sp/hard/crtbegin.o
 .text          0x00000000080001c8       0x30 c:/st/stm32cubeide_1.4.0/stm32cubeide/plugins/com.st.stm32cube.ide.mcu.externaltools.gnu-tools-for-stm32.7-2018-q2-update.win32_1.5.0.202011040924/tools/bin/../lib/gcc/arm-none-eabi/7.3.1/thumb/v7e-m/fpv4-sp/hard\libgcc.a(_aeabi_uldivmod.o)
                0x00000000080001c8                __aeabi_uldivmod
 .text          0x00000000080001f8      0x2cc c:/st/stm32cubeide_1.4.0/stm32cubeide/plugins/com.st.stm32cube.ide.mcu.externaltools.gnu-tools-for-stm32.7-2018-q2-update.win32_1.5.0.202011040924/tools/bin/../lib/gcc/arm-none-eabi/7.3.1/thumb/v7e-m/fpv4-sp/hard\libgcc.a(_udivmoddi4.o)
                0x00000000080001f8                __udivmoddi4
 .text          0x00000000080004c4        0x4 c:/st/stm32cubeide_1.4.0/stm32cubeide/plugins/com.st.stm32cube.ide.mcu.externaltools.gnu-tools-for-stm32.7-2018-q2-update.win32_1.5.0.202011040924/tools/bin/../lib/gcc/arm-none-eabi/7.3.1/thumb/v7e-m/fpv4-sp/hard\libgcc.a(_dvmd_tls.o)
                0x00000000080004c4                __aeabi_idiv0
                0x00000000080004c4                __aeabi_ldiv0
 *(.text*)
 .text.write_register
                0x00000000080004c8       0x34 Audio/MY_CS43L22.o
 .text.read_register
                0x00000000080004fc       0x40 Audio/MY_CS43L22.o
 .text.CS43_Init
                0x000000000800053c      0x20c Audio/MY_CS43L22.o
                0x000000000800053c                CS43_Init
 .text.CS43_Enable_RightLeft
                0x0000000008000748       0x94 Audio/MY_CS43L22.o
                0x0000000008000748                CS43_Enable_RightLeft
 .text.CS43_SetVolume
                0x00000000080007dc       0x36 Audio/MY_CS43L22.o
                0x00000000080007dc                CS43_SetVolume
 .text.CS43_SetMute
                0x0000000008000812       0x7e Audio/MY_CS43L22.o
                0x0000000008000812                CS43_SetMute
 .text.CS43_Start
                0x0000000008000890       0x98 Audio/MY_CS43L22.o
                0x0000000008000890                CS43_Start
 .text.CS43_Stop
                0x0000000008000928       0x34 Audio/MY_CS43L22.o
                0x0000000008000928                CS43_Stop
 .text.audioI2S_pllClockConfig
                0x000000000800095c       0x98 Audio/audioI2S.o
 .text.I2S3_freqUpdate
                0x00000000080009f4       0x88 Audio/audioI2S.o
 .text.audioI2S_setHandle
                0x0000000008000a7c       0x20 Audio/audioI2S.o
                0x0000000008000a7c                audioI2S_setHandle
 .text.audioI2S_init
                0x0000000008000a9c       0x1e Audio/audioI2S.o
                0x0000000008000a9c                audioI2S_init
 *fill*         0x0000000008000aba        0x2 
 .text.audioI2S_play
                0x0000000008000abc       0x3c Audio/audioI2S.o
                0x0000000008000abc                audioI2S_play
 .text.audioI2S_pause
                0x0000000008000af8       0x1c Audio/audioI2S.o
                0x0000000008000af8                audioI2S_pause
 .text.audioI2S_resume
                0x0000000008000b14       0x1c Audio/audioI2S.o
                0x0000000008000b14                audioI2S_resume
 .text.audioI2S_stop
                0x0000000008000b30       0x1c Audio/audioI2S.o
                0x0000000008000b30                audioI2S_stop
 .text.HAL_I2S_TxCpltCallback
                0x0000000008000b4c       0x24 Audio/audioI2S.o
                0x0000000008000b4c                HAL_I2S_TxCpltCallback
 .text.HAL_I2S_TxHalfCpltCallback
                0x0000000008000b70       0x24 Audio/audioI2S.o
                0x0000000008000b70                HAL_I2S_TxHalfCpltCallback
 .text.wavPlayer_reset
                0x0000000008000b94       0x24 Audio/wav_player.o
 .text.wavPlayer_fileSelect
                0x0000000008000bb8       0x54 Audio/wav_player.o
                0x0000000008000bb8                wavPlayer_fileSelect
 .text.wavPlayer_play
                0x0000000008000c0c       0x64 Audio/wav_player.o
                0x0000000008000c0c                wavPlayer_play
 .text.wavPlayer_process
                0x0000000008000c70       0xe4 Audio/wav_player.o
                0x0000000008000c70                wavPlayer_process
 .text.wavPlayer_stop
                0x0000000008000d54       0x18 Audio/wav_player.o
                0x0000000008000d54                wavPlayer_stop
 .text.wavPlayer_pause
                0x0000000008000d6c        0xc Audio/wav_player.o
                0x0000000008000d6c                wavPlayer_pause
 .text.wavPlayer_resume
                0x0000000008000d78        0xc Audio/wav_player.o
                0x0000000008000d78                wavPlayer_resume
 .text.wavPlayer_isFinished
                0x0000000008000d84       0x18 Audio/wav_player.o
                0x0000000008000d84                wavPlayer_isFinished
 .text.audioI2S_halfTransfer_Callback
                0x0000000008000d9c       0x18 Audio/wav_player.o
                0x0000000008000d9c                audioI2S_halfTransfer_Callback
 .text.audioI2S_fullTransfer_Callback
                0x0000000008000db4       0x18 Audio/wav_player.o
                0x0000000008000db4                audioI2S_fullTransfer_Callback
 .text.main     0x0000000008000dcc      0x22c Core/Src/main.o
                0x0000000008000dcc                main
 .text.SystemClock_Config
                0x0000000008000ff8      0x104 Core/Src/main.o
                0x0000000008000ff8                SystemClock_Config
 .text.MX_ADC1_Init
                0x00000000080010fc       0xa8 Core/Src/main.o
 .text.MX_I2C1_Init
                0x00000000080011a4       0x5c Core/Src/main.o
 .text.MX_I2S3_Init
                0x0000000008001200       0x5c Core/Src/main.o
 .text.MX_DMA_Init
                0x000000000800125c       0x40 Core/Src/main.o
 .text.MX_GPIO_Init
                0x000000000800129c      0x124 Core/Src/main.o
 .text.Error_Handler
                0x00000000080013c0        0xe Core/Src/main.o
                0x00000000080013c0                Error_Handler
 *fill*         0x00000000080013ce        0x2 
 .text.HAL_MspInit
                0x00000000080013d0       0x50 Core/Src/stm32f4xx_hal_msp.o
                0x00000000080013d0                HAL_MspInit
 .text.HAL_ADC_MspInit
                0x0000000008001420       0x88 Core/Src/stm32f4xx_hal_msp.o
                0x0000000008001420                HAL_ADC_MspInit
 .text.HAL_I2C_MspInit
                0x00000000080014a8       0x90 Core/Src/stm32f4xx_hal_msp.o
                0x00000000080014a8                HAL_I2C_MspInit
 .text.HAL_I2S_MspInit
                0x0000000008001538      0x14c Core/Src/stm32f4xx_hal_msp.o
                0x0000000008001538                HAL_I2S_MspInit
 .text.NMI_Handler
                0x0000000008001684        0x6 Core/Src/stm32f4xx_it.o
                0x0000000008001684                NMI_Handler
 .text.HardFault_Handler
                0x000000000800168a        0x6 Core/Src/stm32f4xx_it.o
                0x000000000800168a                HardFault_Handler
 .text.MemManage_Handler
                0x0000000008001690        0x6 Core/Src/stm32f4xx_it.o
                0x0000000008001690                MemManage_Handler
 .text.BusFault_Handler
                0x0000000008001696        0x6 Core/Src/stm32f4xx_it.o
                0x0000000008001696                BusFault_Handler
 .text.UsageFault_Handler
                0x000000000800169c        0x6 Core/Src/stm32f4xx_it.o
                0x000000000800169c                UsageFault_Handler
 .text.SVC_Handler
                0x00000000080016a2        0xe Core/Src/stm32f4xx_it.o
                0x00000000080016a2                SVC_Handler
 .text.DebugMon_Handler
                0x00000000080016b0        0xe Core/Src/stm32f4xx_it.o
                0x00000000080016b0                DebugMon_Handler
 .text.PendSV_Handler
                0x00000000080016be        0xe Core/Src/stm32f4xx_it.o
                0x00000000080016be                PendSV_Handler
 .text.SysTick_Handler
                0x00000000080016cc        0xc Core/Src/stm32f4xx_it.o
                0x00000000080016cc                SysTick_Handler
 .text.DMA1_Stream5_IRQHandler
                0x00000000080016d8       0x14 Core/Src/stm32f4xx_it.o
                0x00000000080016d8                DMA1_Stream5_IRQHandler
 .text.OTG_FS_IRQHandler
                0x00000000080016ec       0x14 Core/Src/stm32f4xx_it.o
                0x00000000080016ec                OTG_FS_IRQHandler
 .text._sbrk    0x0000000008001700       0x6c Core/Src/sysmem.o
                0x0000000008001700                _sbrk
 .text.SystemInit
                0x000000000800176c       0x2c Core/Src/system_stm32f4xx.o
                0x000000000800176c                SystemInit
 .text.Reset_Handler
                0x0000000008001798       0x50 Core/Startup/startup_stm32f407vgtx.o
                0x0000000008001798                Reset_Handler
 .text.Default_Handler
                0x00000000080017e8        0x2 Core/Startup/startup_stm32f407vgtx.o
                0x00000000080017e8                RTC_Alarm_IRQHandler
                0x00000000080017e8                HASH_RNG_IRQHandler
                0x00000000080017e8                EXTI2_IRQHandler
                0x00000000080017e8                TIM8_CC_IRQHandler
                0x00000000080017e8                TIM1_CC_IRQHandler
                0x00000000080017e8                DMA2_Stream5_IRQHandler
                0x00000000080017e8                PVD_IRQHandler
                0x00000000080017e8                SDIO_IRQHandler
                0x00000000080017e8                TAMP_STAMP_IRQHandler
                0x00000000080017e8                CAN2_RX1_IRQHandler
                0x00000000080017e8                EXTI3_IRQHandler
                0x00000000080017e8                TIM8_TRG_COM_TIM14_IRQHandler
                0x00000000080017e8                TIM1_UP_TIM10_IRQHandler
                0x00000000080017e8                TIM8_UP_TIM13_IRQHandler
                0x00000000080017e8                I2C3_ER_IRQHandler
                0x00000000080017e8                EXTI0_IRQHandler
                0x00000000080017e8                I2C2_EV_IRQHandler
                0x00000000080017e8                DMA1_Stream2_IRQHandler
                0x00000000080017e8                CAN1_RX0_IRQHandler
                0x00000000080017e8                FPU_IRQHandler
                0x00000000080017e8                OTG_HS_WKUP_IRQHandler
                0x00000000080017e8                CAN2_SCE_IRQHandler
                0x00000000080017e8                DMA2_Stream2_IRQHandler
                0x00000000080017e8                SPI1_IRQHandler
                0x00000000080017e8                TIM6_DAC_IRQHandler
                0x00000000080017e8                TIM1_BRK_TIM9_IRQHandler
                0x00000000080017e8                DCMI_IRQHandler
                0x00000000080017e8                CAN2_RX0_IRQHandler
                0x00000000080017e8                DMA2_Stream3_IRQHandler
                0x00000000080017e8                USART6_IRQHandler
                0x00000000080017e8                USART3_IRQHandler
                0x00000000080017e8                CAN1_RX1_IRQHandler
                0x00000000080017e8                UART5_IRQHandler
                0x00000000080017e8                DMA2_Stream0_IRQHandler
                0x00000000080017e8                TIM4_IRQHandler
                0x00000000080017e8                I2C1_EV_IRQHandler
                0x00000000080017e8                DMA1_Stream6_IRQHandler
                0x00000000080017e8                DMA1_Stream1_IRQHandler
                0x00000000080017e8                UART4_IRQHandler
                0x00000000080017e8                TIM3_IRQHandler
                0x00000000080017e8                RCC_IRQHandler
                0x00000000080017e8                TIM8_BRK_TIM12_IRQHandler
                0x00000000080017e8                Default_Handler
                0x00000000080017e8                EXTI15_10_IRQHandler
                0x00000000080017e8                ADC_IRQHandler
                0x00000000080017e8                DMA1_Stream7_IRQHandler
                0x00000000080017e8                TIM7_IRQHandler
                0x00000000080017e8                CAN2_TX_IRQHandler
                0x00000000080017e8                TIM5_IRQHandler
                0x00000000080017e8                DMA2_Stream7_IRQHandler
                0x00000000080017e8                I2C3_EV_IRQHandler
                0x00000000080017e8                EXTI9_5_IRQHandler
                0x00000000080017e8                RTC_WKUP_IRQHandler
                0x00000000080017e8                ETH_WKUP_IRQHandler
                0x00000000080017e8                SPI2_IRQHandler
                0x00000000080017e8                OTG_HS_EP1_IN_IRQHandler
                0x00000000080017e8                DMA1_Stream0_IRQHandler
                0x00000000080017e8                CAN1_TX_IRQHandler
                0x00000000080017e8                EXTI4_IRQHandler
                0x00000000080017e8                FSMC_IRQHandler
                0x00000000080017e8                ETH_IRQHandler
                0x00000000080017e8                OTG_HS_EP1_OUT_IRQHandler
                0x00000000080017e8                WWDG_IRQHandler
                0x00000000080017e8                TIM2_IRQHandler
                0x00000000080017e8                OTG_FS_WKUP_IRQHandler
                0x00000000080017e8                TIM1_TRG_COM_TIM11_IRQHandler
                0x00000000080017e8                OTG_HS_IRQHandler
                0x00000000080017e8                EXTI1_IRQHandler
                0x00000000080017e8                USART2_IRQHandler
                0x00000000080017e8                I2C2_ER_IRQHandler
                0x00000000080017e8                DMA2_Stream1_IRQHandler
                0x00000000080017e8                CAN1_SCE_IRQHandler
                0x00000000080017e8                FLASH_IRQHandler
                0x00000000080017e8                DMA2_Stream4_IRQHandler
                0x00000000080017e8                USART1_IRQHandler
                0x00000000080017e8                SPI3_IRQHandler
                0x00000000080017e8                DMA1_Stream4_IRQHandler
                0x00000000080017e8                I2C1_ER_IRQHandler
                0x00000000080017e8                DMA2_Stream6_IRQHandler
                0x00000000080017e8                DMA1_Stream3_IRQHandler
 *fill*         0x00000000080017ea        0x2 
 .text.HAL_Init
                0x00000000080017ec       0x44 Drivers/STM32F4xx_HAL_Driver/Src/stm32f4xx_hal.o
                0x00000000080017ec                HAL_Init
 .text.HAL_InitTick
                0x0000000008001830       0x60 Drivers/STM32F4xx_HAL_Driver/Src/stm32f4xx_hal.o
                0x0000000008001830                HAL_InitTick
 .text.HAL_IncTick
                0x0000000008001890       0x28 Drivers/STM32F4xx_HAL_Driver/Src/stm32f4xx_hal.o
                0x0000000008001890                HAL_IncTick
 .text.HAL_GetTick
                0x00000000080018b8       0x18 Drivers/STM32F4xx_HAL_Driver/Src/stm32f4xx_hal.o
                0x00000000080018b8                HAL_GetTick
 .text.HAL_Delay
                0x00000000080018d0       0x44 Drivers/STM32F4xx_HAL_Driver/Src/stm32f4xx_hal.o
                0x00000000080018d0                HAL_Delay
 .text.HAL_ADC_Init
                0x0000000008001914       0x86 Drivers/STM32F4xx_HAL_Driver/Src/stm32f4xx_hal_adc.o
                0x0000000008001914                HAL_ADC_Init
 *fill*         0x000000000800199a        0x2 
 .text.HAL_ADC_Start
                0x000000000800199c      0x18c Drivers/STM32F4xx_HAL_Driver/Src/stm32f4xx_hal_adc.o
                0x000000000800199c                HAL_ADC_Start
 .text.HAL_ADC_Stop
                0x0000000008001b28       0x66 Drivers/STM32F4xx_HAL_Driver/Src/stm32f4xx_hal_adc.o
                0x0000000008001b28                HAL_ADC_Stop
 .text.HAL_ADC_PollForConversion
                0x0000000008001b8e      0x108 Drivers/STM32F4xx_HAL_Driver/Src/stm32f4xx_hal_adc.o
                0x0000000008001b8e                HAL_ADC_PollForConversion
 .text.HAL_ADC_GetValue
                0x0000000008001c96       0x1a Drivers/STM32F4xx_HAL_Driver/Src/stm32f4xx_hal_adc.o
                0x0000000008001c96                HAL_ADC_GetValue
 .text.HAL_ADC_ConfigChannel
                0x0000000008001cb0      0x244 Drivers/STM32F4xx_HAL_Driver/Src/stm32f4xx_hal_adc.o
                0x0000000008001cb0                HAL_ADC_ConfigChannel
 .text.ADC_Init
                0x0000000008001ef4      0x1f8 Drivers/STM32F4xx_HAL_Driver/Src/stm32f4xx_hal_adc.o
 .text.__NVIC_SetPriorityGrouping
                0x00000000080020ec       0x48 Drivers/STM32F4xx_HAL_Driver/Src/stm32f4xx_hal_cortex.o
 .text.__NVIC_GetPriorityGrouping
                0x0000000008002134       0x1c Drivers/STM32F4xx_HAL_Driver/Src/stm32f4xx_hal_cortex.o
 .text.__NVIC_EnableIRQ
                0x0000000008002150       0x3c Drivers/STM32F4xx_HAL_Driver/Src/stm32f4xx_hal_cortex.o
 .text.__NVIC_SetPriority
                0x000000000800218c       0x54 Drivers/STM32F4xx_HAL_Driver/Src/stm32f4xx_hal_cortex.o
 .text.NVIC_EncodePriority
                0x00000000080021e0       0x66 Drivers/STM32F4xx_HAL_Driver/Src/stm32f4xx_hal_cortex.o
 *fill*         0x0000000008002246        0x2 
 .text.SysTick_Config
                0x0000000008002248       0x44 Drivers/STM32F4xx_HAL_Driver/Src/stm32f4xx_hal_cortex.o
 .text.HAL_NVIC_SetPriorityGrouping
                0x000000000800228c       0x16 Drivers/STM32F4xx_HAL_Driver/Src/stm32f4xx_hal_cortex.o
                0x000000000800228c                HAL_NVIC_SetPriorityGrouping
 .text.HAL_NVIC_SetPriority
                0x00000000080022a2       0x38 Drivers/STM32F4xx_HAL_Driver/Src/stm32f4xx_hal_cortex.o
                0x00000000080022a2                HAL_NVIC_SetPriority
 .text.HAL_NVIC_EnableIRQ
                0x00000000080022da       0x1c Drivers/STM32F4xx_HAL_Driver/Src/stm32f4xx_hal_cortex.o
                0x00000000080022da                HAL_NVIC_EnableIRQ
 .text.HAL_SYSTICK_Config
                0x00000000080022f6       0x18 Drivers/STM32F4xx_HAL_Driver/Src/stm32f4xx_hal_cortex.o
                0x00000000080022f6                HAL_SYSTICK_Config
 *fill*         0x000000000800230e        0x2 
 .text.HAL_DMA_Init
                0x0000000008002310      0x15c Drivers/STM32F4xx_HAL_Driver/Src/stm32f4xx_hal_dma.o
                0x0000000008002310                HAL_DMA_Init
 .text.HAL_DMA_Start_IT
                0x000000000800246c       0xb0 Drivers/STM32F4xx_HAL_Driver/Src/stm32f4xx_hal_dma.o
                0x000000000800246c                HAL_DMA_Start_IT
 .text.HAL_DMA_Abort
                0x000000000800251c       0xe0 Drivers/STM32F4xx_HAL_Driver/Src/stm32f4xx_hal_dma.o
                0x000000000800251c                HAL_DMA_Abort
 .text.HAL_DMA_IRQHandler
                0x00000000080025fc      0x314 Drivers/STM32F4xx_HAL_Driver/Src/stm32f4xx_hal_dma.o
                0x00000000080025fc                HAL_DMA_IRQHandler
 .text.DMA_SetConfig
                0x0000000008002910       0x5c Drivers/STM32F4xx_HAL_Driver/Src/stm32f4xx_hal_dma.o
 .text.DMA_CalcBaseAndBitshift
                0x000000000800296c       0x6c Drivers/STM32F4xx_HAL_Driver/Src/stm32f4xx_hal_dma.o
 .text.DMA_CheckFifoParam
                0x00000000080029d8       0xf4 Drivers/STM32F4xx_HAL_Driver/Src/stm32f4xx_hal_dma.o
 .text.HAL_GPIO_Init
                0x0000000008002acc      0x334 Drivers/STM32F4xx_HAL_Driver/Src/stm32f4xx_hal_gpio.o
                0x0000000008002acc                HAL_GPIO_Init
 .text.HAL_GPIO_ReadPin
                0x0000000008002e00       0x30 Drivers/STM32F4xx_HAL_Driver/Src/stm32f4xx_hal_gpio.o
                0x0000000008002e00                HAL_GPIO_ReadPin
 .text.HAL_GPIO_WritePin
                0x0000000008002e30       0x32 Drivers/STM32F4xx_HAL_Driver/Src/stm32f4xx_hal_gpio.o
                0x0000000008002e30                HAL_GPIO_WritePin
 .text.HAL_HCD_Init
                0x0000000008002e62       0xc4 Drivers/STM32F4xx_HAL_Driver/Src/stm32f4xx_hal_hcd.o
                0x0000000008002e62                HAL_HCD_Init
 .text.HAL_HCD_HC_Init
                0x0000000008002f26      0x130 Drivers/STM32F4xx_HAL_Driver/Src/stm32f4xx_hal_hcd.o
                0x0000000008002f26                HAL_HCD_HC_Init
 .text.HAL_HCD_HC_Halt
                0x0000000008003056       0x46 Drivers/STM32F4xx_HAL_Driver/Src/stm32f4xx_hal_hcd.o
                0x0000000008003056                HAL_HCD_HC_Halt
 .text.HAL_HCD_HC_SubmitRequest
                0x000000000800309c      0x2e4 Drivers/STM32F4xx_HAL_Driver/Src/stm32f4xx_hal_hcd.o
                0x000000000800309c                HAL_HCD_HC_SubmitRequest
 .text.HAL_HCD_IRQHandler
                0x0000000008003380      0x208 Drivers/STM32F4xx_HAL_Driver/Src/stm32f4xx_hal_hcd.o
                0x0000000008003380                HAL_HCD_IRQHandler
 .text.HAL_HCD_Start
                0x0000000008003588       0x46 Drivers/STM32F4xx_HAL_Driver/Src/stm32f4xx_hal_hcd.o
                0x0000000008003588                HAL_HCD_Start
 .text.HAL_HCD_Stop
                0x00000000080035ce       0x3a Drivers/STM32F4xx_HAL_Driver/Src/stm32f4xx_hal_hcd.o
                0x00000000080035ce                HAL_HCD_Stop
 .text.HAL_HCD_ResetPort
                0x0000000008003608       0x1c Drivers/STM32F4xx_HAL_Driver/Src/stm32f4xx_hal_hcd.o
                0x0000000008003608                HAL_HCD_ResetPort
 .text.HAL_HCD_HC_GetURBState
                0x0000000008003624       0x2a Drivers/STM32F4xx_HAL_Driver/Src/stm32f4xx_hal_hcd.o
                0x0000000008003624                HAL_HCD_HC_GetURBState
 .text.HAL_HCD_HC_GetXferCount
                0x000000000800364e       0x2a Drivers/STM32F4xx_HAL_Driver/Src/stm32f4xx_hal_hcd.o
                0x000000000800364e                HAL_HCD_HC_GetXferCount
 .text.HAL_HCD_GetCurrentFrame
                0x0000000008003678       0x1c Drivers/STM32F4xx_HAL_Driver/Src/stm32f4xx_hal_hcd.o
                0x0000000008003678                HAL_HCD_GetCurrentFrame
 .text.HAL_HCD_GetCurrentSpeed
                0x0000000008003694       0x1c Drivers/STM32F4xx_HAL_Driver/Src/stm32f4xx_hal_hcd.o
                0x0000000008003694                HAL_HCD_GetCurrentSpeed
 .text.HCD_HC_IN_IRQHandler
                0x00000000080036b0      0x86a Drivers/STM32F4xx_HAL_Driver/Src/stm32f4xx_hal_hcd.o
 .text.HCD_HC_OUT_IRQHandler
                0x0000000008003f1a      0x6ea Drivers/STM32F4xx_HAL_Driver/Src/stm32f4xx_hal_hcd.o
 .text.HCD_RXQLVL_IRQHandler
                0x0000000008004604      0x158 Drivers/STM32F4xx_HAL_Driver/Src/stm32f4xx_hal_hcd.o
 .text.HCD_Port_IRQHandler
                0x000000000800475c       0xe6 Drivers/STM32F4xx_HAL_Driver/Src/stm32f4xx_hal_hcd.o
 *fill*         0x0000000008004842        0x2 
 .text.HAL_I2C_Init
                0x0000000008004844      0x270 Drivers/STM32F4xx_HAL_Driver/Src/stm32f4xx_hal_i2c.o
                0x0000000008004844                HAL_I2C_Init
 .text.HAL_I2C_Master_Transmit
                0x0000000008004ab4      0x1fc Drivers/STM32F4xx_HAL_Driver/Src/stm32f4xx_hal_i2c.o
                0x0000000008004ab4                HAL_I2C_Master_Transmit
 .text.HAL_I2C_Master_Receive
                0x0000000008004cb0      0x44c Drivers/STM32F4xx_HAL_Driver/Src/stm32f4xx_hal_i2c.o
                0x0000000008004cb0                HAL_I2C_Master_Receive
 .text.I2C_MasterRequestWrite
                0x00000000080050fc      0x104 Drivers/STM32F4xx_HAL_Driver/Src/stm32f4xx_hal_i2c.o
 .text.I2C_MasterRequestRead
                0x0000000008005200      0x19c Drivers/STM32F4xx_HAL_Driver/Src/stm32f4xx_hal_i2c.o
 .text.I2C_WaitOnFlagUntilTimeout
                0x000000000800539c       0xae Drivers/STM32F4xx_HAL_Driver/Src/stm32f4xx_hal_i2c.o
 .text.I2C_WaitOnMasterAddressFlagUntilTimeout
                0x000000000800544a       0xfe Drivers/STM32F4xx_HAL_Driver/Src/stm32f4xx_hal_i2c.o
 .text.I2C_WaitOnTXEFlagUntilTimeout
                0x0000000008005548       0x82 Drivers/STM32F4xx_HAL_Driver/Src/stm32f4xx_hal_i2c.o
 .text.I2C_WaitOnBTFFlagUntilTimeout
                0x00000000080055ca       0x82 Drivers/STM32F4xx_HAL_Driver/Src/stm32f4xx_hal_i2c.o
 .text.I2C_WaitOnRXNEFlagUntilTimeout
                0x000000000800564c       0xac Drivers/STM32F4xx_HAL_Driver/Src/stm32f4xx_hal_i2c.o
 .text.I2C_IsAcknowledgeFailed
                0x00000000080056f8       0x5e Drivers/STM32F4xx_HAL_Driver/Src/stm32f4xx_hal_i2c.o
 *fill*         0x0000000008005756        0x2 
 .text.HAL_I2S_Init
                0x0000000008005758      0x280 Drivers/STM32F4xx_HAL_Driver/Src/stm32f4xx_hal_i2s.o
                0x0000000008005758                HAL_I2S_Init
 .text.HAL_I2S_Transmit_DMA
                0x00000000080059d8      0x150 Drivers/STM32F4xx_HAL_Driver/Src/stm32f4xx_hal_i2s.o
                0x00000000080059d8                HAL_I2S_Transmit_DMA
 .text.HAL_I2S_DMAPause
                0x0000000008005b28       0xc4 Drivers/STM32F4xx_HAL_Driver/Src/stm32f4xx_hal_i2s.o
                0x0000000008005b28                HAL_I2S_DMAPause
 .text.HAL_I2S_DMAResume
                0x0000000008005bec      0x128 Drivers/STM32F4xx_HAL_Driver/Src/stm32f4xx_hal_i2s.o
                0x0000000008005bec                HAL_I2S_DMAResume
 .text.HAL_I2S_DMAStop
                0x0000000008005d14      0x3b4 Drivers/STM32F4xx_HAL_Driver/Src/stm32f4xx_hal_i2s.o
                0x0000000008005d14                HAL_I2S_DMAStop
 .text.HAL_I2S_RxCpltCallback
                0x00000000080060c8       0x14 Drivers/STM32F4xx_HAL_Driver/Src/stm32f4xx_hal_i2s.o
                0x00000000080060c8                HAL_I2S_RxCpltCallback
 .text.HAL_I2S_ErrorCallback
                0x00000000080060dc       0x14 Drivers/STM32F4xx_HAL_Driver/Src/stm32f4xx_hal_i2s.o
                0x00000000080060dc                HAL_I2S_ErrorCallback
 .text.I2S_DMATxCplt
                0x00000000080060f0       0x42 Drivers/STM32F4xx_HAL_Driver/Src/stm32f4xx_hal_i2s.o
 .text.I2S_DMATxHalfCplt
                0x0000000008006132       0x1c Drivers/STM32F4xx_HAL_Driver/Src/stm32f4xx_hal_i2s.o
 .text.I2S_DMAError
                0x000000000800614e       0x4c Drivers/STM32F4xx_HAL_Driver/Src/stm32f4xx_hal_i2s.o
 .text.I2S_Transmit_IT
                0x000000000800619a       0x5c Drivers/STM32F4xx_HAL_Driver/Src/stm32f4xx_hal_i2s.o
 .text.I2S_Receive_IT
                0x00000000080061f6       0x5e Drivers/STM32F4xx_HAL_Driver/Src/stm32f4xx_hal_i2s.o
 .text.I2S_IRQHandler
                0x0000000008006254      0x114 Drivers/STM32F4xx_HAL_Driver/Src/stm32f4xx_hal_i2s.o
 .text.I2S_WaitFlagStateUntilTimeout
                0x0000000008006368       0x72 Drivers/STM32F4xx_HAL_Driver/Src/stm32f4xx_hal_i2s.o
 *fill*         0x00000000080063da        0x2 
 .text.HAL_I2SEx_FullDuplex_IRQHandler
                0x00000000080063dc      0x2a8 Drivers/STM32F4xx_HAL_Driver/Src/stm32f4xx_hal_i2s_ex.o
                0x00000000080063dc                HAL_I2SEx_FullDuplex_IRQHandler
 .text.HAL_I2SEx_TxRxCpltCallback
                0x0000000008006684       0x14 Drivers/STM32F4xx_HAL_Driver/Src/stm32f4xx_hal_i2s_ex.o
                0x0000000008006684                HAL_I2SEx_TxRxCpltCallback
 .text.I2SEx_TxISR_I2S
                0x0000000008006698       0x62 Drivers/STM32F4xx_HAL_Driver/Src/stm32f4xx_hal_i2s_ex.o
 *fill*         0x00000000080066fa        0x2 
 .text.I2SEx_TxISR_I2SExt
                0x00000000080066fc       0x98 Drivers/STM32F4xx_HAL_Driver/Src/stm32f4xx_hal_i2s_ex.o
 .text.I2SEx_RxISR_I2S
                0x0000000008006794       0x64 Drivers/STM32F4xx_HAL_Driver/Src/stm32f4xx_hal_i2s_ex.o
 .text.I2SEx_RxISR_I2SExt
                0x00000000080067f8       0x98 Drivers/STM32F4xx_HAL_Driver/Src/stm32f4xx_hal_i2s_ex.o
 .text.HAL_RCC_OscConfig
                0x0000000008006890      0x4e0 Drivers/STM32F4xx_HAL_Driver/Src/stm32f4xx_hal_rcc.o
                0x0000000008006890                HAL_RCC_OscConfig
 .text.HAL_RCC_ClockConfig
                0x0000000008006d70      0x1cc Drivers/STM32F4xx_HAL_Driver/Src/stm32f4xx_hal_rcc.o
                0x0000000008006d70                HAL_RCC_ClockConfig
 .text.HAL_RCC_GetSysClockFreq
                0x0000000008006f3c      0x1b0 Drivers/STM32F4xx_HAL_Driver/Src/stm32f4xx_hal_rcc.o
                0x0000000008006f3c                HAL_RCC_GetSysClockFreq
 .text.HAL_RCC_GetHCLKFreq
                0x00000000080070ec       0x18 Drivers/STM32F4xx_HAL_Driver/Src/stm32f4xx_hal_rcc.o
                0x00000000080070ec                HAL_RCC_GetHCLKFreq
 .text.HAL_RCC_GetPCLK1Freq
                0x0000000008007104       0x28 Drivers/STM32F4xx_HAL_Driver/Src/stm32f4xx_hal_rcc.o
                0x0000000008007104                HAL_RCC_GetPCLK1Freq
 .text.HAL_RCCEx_PeriphCLKConfig
                0x000000000800712c      0x1c4 Drivers/STM32F4xx_HAL_Driver/Src/stm32f4xx_hal_rcc_ex.o
                0x000000000800712c                HAL_RCCEx_PeriphCLKConfig
 .text.HAL_RCCEx_GetPeriphCLKConfig
                0x00000000080072f0       0x58 Drivers/STM32F4xx_HAL_Driver/Src/stm32f4xx_hal_rcc_ex.o
                0x00000000080072f0                HAL_RCCEx_GetPeriphCLKConfig
 .text.HAL_RCCEx_GetPeriphCLKFreq
                0x0000000008007348       0xb8 Drivers/STM32F4xx_HAL_Driver/Src/stm32f4xx_hal_rcc_ex.o
                0x0000000008007348                HAL_RCCEx_GetPeriphCLKFreq
 .text.USB_CoreInit
                0x0000000008007400       0xc2 Drivers/STM32F4xx_HAL_Driver/Src/stm32f4xx_ll_usb.o
                0x0000000008007400                USB_CoreInit
 .text.USB_EnableGlobalInt
                0x00000000080074c2       0x22 Drivers/STM32F4xx_HAL_Driver/Src/stm32f4xx_ll_usb.o
                0x00000000080074c2                USB_EnableGlobalInt
 .text.USB_DisableGlobalInt
                0x00000000080074e4       0x22 Drivers/STM32F4xx_HAL_Driver/Src/stm32f4xx_ll_usb.o
                0x00000000080074e4                USB_DisableGlobalInt
 .text.USB_SetCurrentMode
                0x0000000008007506       0x54 Drivers/STM32F4xx_HAL_Driver/Src/stm32f4xx_ll_usb.o
                0x0000000008007506                USB_SetCurrentMode
 *fill*         0x000000000800755a        0x2 
 .text.USB_FlushTxFifo
                0x000000000800755c       0x4c Drivers/STM32F4xx_HAL_Driver/Src/stm32f4xx_ll_usb.o
                0x000000000800755c                USB_FlushTxFifo
 .text.USB_FlushRxFifo
                0x00000000080075a8       0x44 Drivers/STM32F4xx_HAL_Driver/Src/stm32f4xx_ll_usb.o
                0x00000000080075a8                USB_FlushRxFifo
 .text.USB_WritePacket
                0x00000000080075ec       0x6a Drivers/STM32F4xx_HAL_Driver/Src/stm32f4xx_ll_usb.o
                0x00000000080075ec                USB_WritePacket
 .text.USB_ReadPacket
                0x0000000008007656       0x52 Drivers/STM32F4xx_HAL_Driver/Src/stm32f4xx_ll_usb.o
                0x0000000008007656                USB_ReadPacket
 .text.USB_ReadInterrupts
                0x00000000080076a8       0x26 Drivers/STM32F4xx_HAL_Driver/Src/stm32f4xx_ll_usb.o
                0x00000000080076a8                USB_ReadInterrupts
 .text.USB_GetMode
                0x00000000080076ce       0x1c Drivers/STM32F4xx_HAL_Driver/Src/stm32f4xx_ll_usb.o
                0x00000000080076ce                USB_GetMode
 *fill*         0x00000000080076ea        0x2 
 .text.USB_CoreReset
                0x00000000080076ec       0x68 Drivers/STM32F4xx_HAL_Driver/Src/stm32f4xx_ll_usb.o
 .text.USB_HostInit
                0x0000000008007754      0x178 Drivers/STM32F4xx_HAL_Driver/Src/stm32f4xx_ll_usb.o
                0x0000000008007754                USB_HostInit
 .text.USB_InitFSLSPClkSel
                0x00000000080078cc       0x74 Drivers/STM32F4xx_HAL_Driver/Src/stm32f4xx_ll_usb.o
                0x00000000080078cc                USB_InitFSLSPClkSel
 .text.USB_ResetPort
                0x0000000008007940       0x54 Drivers/STM32F4xx_HAL_Driver/Src/stm32f4xx_ll_usb.o
                0x0000000008007940                USB_ResetPort
 .text.USB_DriveVbus
                0x0000000008007994       0x72 Drivers/STM32F4xx_HAL_Driver/Src/stm32f4xx_ll_usb.o
                0x0000000008007994                USB_DriveVbus
 .text.USB_GetHostSpeed
                0x0000000008007a06       0x2e Drivers/STM32F4xx_HAL_Driver/Src/stm32f4xx_ll_usb.o
                0x0000000008007a06                USB_GetHostSpeed
 .text.USB_GetCurrentFrame
                0x0000000008007a34       0x22 Drivers/STM32F4xx_HAL_Driver/Src/stm32f4xx_ll_usb.o
                0x0000000008007a34                USB_GetCurrentFrame
 *fill*         0x0000000008007a56        0x2 
 .text.USB_HC_Init
                0x0000000008007a58      0x214 Drivers/STM32F4xx_HAL_Driver/Src/stm32f4xx_ll_usb.o
                0x0000000008007a58                USB_HC_Init
 .text.USB_HC_StartXfer
                0x0000000008007c6c      0x28c Drivers/STM32F4xx_HAL_Driver/Src/stm32f4xx_ll_usb.o
                0x0000000008007c6c                USB_HC_StartXfer
 .text.USB_HC_ReadInterrupt
                0x0000000008007ef8       0x22 Drivers/STM32F4xx_HAL_Driver/Src/stm32f4xx_ll_usb.o
                0x0000000008007ef8                USB_HC_ReadInterrupt
 .text.USB_HC_Halt
                0x0000000008007f1a      0x1fe Drivers/STM32F4xx_HAL_Driver/Src/stm32f4xx_ll_usb.o
                0x0000000008007f1a                USB_HC_Halt
 .text.USB_DoPing
                0x0000000008008118       0x78 Drivers/STM32F4xx_HAL_Driver/Src/stm32f4xx_ll_usb.o
                0x0000000008008118                USB_DoPing
 .text.USB_StopHost
                0x0000000008008190      0x10c Drivers/STM32F4xx_HAL_Driver/Src/stm32f4xx_ll_usb.o
                0x0000000008008190                USB_StopHost
 .text.MX_FATFS_Init
                0x000000000800829c       0x24 FATFS/App/fatfs.o
                0x000000000800829c                MX_FATFS_Init
 .text.get_fattime
                0x00000000080082c0       0x10 FATFS/App/fatfs.o
                0x00000000080082c0                get_fattime
 .text.USBH_initialize
                0x00000000080082d0       0x18 FATFS/Target/usbh_diskio.o
                0x00000000080082d0                USBH_initialize
 .text.USBH_status
                0x00000000080082e8       0x38 FATFS/Target/usbh_diskio.o
                0x00000000080082e8                USBH_status
 .text.USBH_read
                0x0000000008008320       0x70 FATFS/Target/usbh_diskio.o
                0x0000000008008320                USBH_read
 .text.USBH_write
                0x0000000008008390       0x84 FATFS/Target/usbh_diskio.o
                0x0000000008008390                USBH_write
 .text.USBH_ioctl
                0x0000000008008414       0xd8 FATFS/Target/usbh_diskio.o
                0x0000000008008414                USBH_ioctl
 .text.USBH_MSC_InterfaceInit
                0x00000000080084ec      0x216 Middlewares/ST/STM32_USB_Host_Library/Class/MSC/Src/usbh_msc.o
 .text.USBH_MSC_InterfaceDeInit
                0x0000000008008702       0x8c Middlewares/ST/STM32_USB_Host_Library/Class/MSC/Src/usbh_msc.o
 .text.USBH_MSC_ClassRequest
                0x000000000800878e       0xc8 Middlewares/ST/STM32_USB_Host_Library/Class/MSC/Src/usbh_msc.o
 *fill*         0x0000000008008856        0x2 
 .text.USBH_MSC_Process
                0x0000000008008858      0x520 Middlewares/ST/STM32_USB_Host_Library/Class/MSC/Src/usbh_msc.o
 .text.USBH_MSC_SOFProcess
                0x0000000008008d78       0x16 Middlewares/ST/STM32_USB_Host_Library/Class/MSC/Src/usbh_msc.o
 .text.USBH_MSC_RdWrProcess
                0x0000000008008d8e      0x194 Middlewares/ST/STM32_USB_Host_Library/Class/MSC/Src/usbh_msc.o
 .text.USBH_MSC_UnitIsReady
                0x0000000008008f22       0x4c Middlewares/ST/STM32_USB_Host_Library/Class/MSC/Src/usbh_msc.o
                0x0000000008008f22                USBH_MSC_UnitIsReady
 .text.USBH_MSC_GetLUNInfo
                0x0000000008008f6e       0x48 Middlewares/ST/STM32_USB_Host_Library/Class/MSC/Src/usbh_msc.o
                0x0000000008008f6e                USBH_MSC_GetLUNInfo
 .text.USBH_MSC_Read
                0x0000000008008fb6       0xd2 Middlewares/ST/STM32_USB_Host_Library/Class/MSC/Src/usbh_msc.o
                0x0000000008008fb6                USBH_MSC_Read
 .text.USBH_MSC_Write
                0x0000000008009088       0xd2 Middlewares/ST/STM32_USB_Host_Library/Class/MSC/Src/usbh_msc.o
                0x0000000008009088                USBH_MSC_Write
 .text.USBH_MSC_BOT_REQ_Reset
                0x000000000800915a       0x3a Middlewares/ST/STM32_USB_Host_Library/Class/MSC/Src/usbh_msc_bot.o
                0x000000000800915a                USBH_MSC_BOT_REQ_Reset
 .text.USBH_MSC_BOT_REQ_GetMaxLUN
                0x0000000008009194       0x3c Middlewares/ST/STM32_USB_Host_Library/Class/MSC/Src/usbh_msc_bot.o
                0x0000000008009194                USBH_MSC_BOT_REQ_GetMaxLUN
 .text.USBH_MSC_BOT_Init
                0x00000000080091d0       0x44 Middlewares/ST/STM32_USB_Host_Library/Class/MSC/Src/usbh_msc_bot.o
                0x00000000080091d0                USBH_MSC_BOT_Init
 .text.USBH_MSC_BOT_Process
                0x0000000008009214      0x3a4 Middlewares/ST/STM32_USB_Host_Library/Class/MSC/Src/usbh_msc_bot.o
                0x0000000008009214                USBH_MSC_BOT_Process
 .text.USBH_MSC_BOT_Abort
                0x00000000080095b8       0x58 Middlewares/ST/STM32_USB_Host_Library/Class/MSC/Src/usbh_msc_bot.o
 .text.USBH_MSC_DecodeCSW
                0x0000000008009610       0x88 Middlewares/ST/STM32_USB_Host_Library/Class/MSC/Src/usbh_msc_bot.o
 .text.USBH_MSC_SCSI_TestUnitReady
                0x0000000008009698       0x86 Middlewares/ST/STM32_USB_Host_Library/Class/MSC/Src/usbh_msc_scsi.o
                0x0000000008009698                USBH_MSC_SCSI_TestUnitReady
 .text.USBH_MSC_SCSI_ReadCapacity
                0x000000000800971e       0xf6 Middlewares/ST/STM32_USB_Host_Library/Class/MSC/Src/usbh_msc_scsi.o
                0x000000000800971e                USBH_MSC_SCSI_ReadCapacity
 .text.USBH_MSC_SCSI_Inquiry
                0x0000000008009814      0x14a Middlewares/ST/STM32_USB_Host_Library/Class/MSC/Src/usbh_msc_scsi.o
                0x0000000008009814                USBH_MSC_SCSI_Inquiry
 .text.USBH_MSC_SCSI_RequestSense
                0x000000000800995e       0xf2 Middlewares/ST/STM32_USB_Host_Library/Class/MSC/Src/usbh_msc_scsi.o
                0x000000000800995e                USBH_MSC_SCSI_RequestSense
 .text.USBH_MSC_SCSI_Write
                0x0000000008009a50       0xd6 Middlewares/ST/STM32_USB_Host_Library/Class/MSC/Src/usbh_msc_scsi.o
                0x0000000008009a50                USBH_MSC_SCSI_Write
 .text.USBH_MSC_SCSI_Read
                0x0000000008009b26       0xd6 Middlewares/ST/STM32_USB_Host_Library/Class/MSC/Src/usbh_msc_scsi.o
                0x0000000008009b26                USBH_MSC_SCSI_Read
 .text.USBH_Init
                0x0000000008009bfc       0x74 Middlewares/ST/STM32_USB_Host_Library/Core/Src/usbh_core.o
                0x0000000008009bfc                USBH_Init
 .text.DeInitStateMachine
                0x0000000008009c70       0xa8 Middlewares/ST/STM32_USB_Host_Library/Core/Src/usbh_core.o
 .text.USBH_RegisterClass
                0x0000000008009d18       0x54 Middlewares/ST/STM32_USB_Host_Library/Core/Src/usbh_core.o
                0x0000000008009d18                USBH_RegisterClass
 .text.USBH_SelectInterface
                0x0000000008009d6c       0x38 Middlewares/ST/STM32_USB_Host_Library/Core/Src/usbh_core.o
                0x0000000008009d6c                USBH_SelectInterface
 .text.USBH_FindInterface
                0x0000000008009da4       0x8c Middlewares/ST/STM32_USB_Host_Library/Core/Src/usbh_core.o
                0x0000000008009da4                USBH_FindInterface
 .text.USBH_Start
                0x0000000008009e30       0x20 Middlewares/ST/STM32_USB_Host_Library/Core/Src/usbh_core.o
                0x0000000008009e30                USBH_Start
 .text.USBH_Process
                0x0000000008009e50      0x3c0 Middlewares/ST/STM32_USB_Host_Library/Core/Src/usbh_core.o
                0x0000000008009e50                USBH_Process
 .text.USBH_HandleEnum
                0x000000000800a210      0x3c8 Middlewares/ST/STM32_USB_Host_Library/Core/Src/usbh_core.o
 .text.USBH_LL_SetTimer
                0x000000000800a5d8       0x1e Middlewares/ST/STM32_USB_Host_Library/Core/Src/usbh_core.o
                0x000000000800a5d8                USBH_LL_SetTimer
 .text.USBH_LL_IncTimer
                0x000000000800a5f6       0x24 Middlewares/ST/STM32_USB_Host_Library/Core/Src/usbh_core.o
                0x000000000800a5f6                USBH_LL_IncTimer
 .text.USBH_HandleSof
                0x000000000800a61a       0x30 Middlewares/ST/STM32_USB_Host_Library/Core/Src/usbh_core.o
 .text.USBH_LL_PortEnabled
                0x000000000800a64a       0x1c Middlewares/ST/STM32_USB_Host_Library/Core/Src/usbh_core.o
                0x000000000800a64a                USBH_LL_PortEnabled
 .text.USBH_LL_PortDisabled
                0x000000000800a666       0x1c Middlewares/ST/STM32_USB_Host_Library/Core/Src/usbh_core.o
                0x000000000800a666                USBH_LL_PortDisabled
 .text.USBH_LL_Connect
                0x000000000800a682       0x2e Middlewares/ST/STM32_USB_Host_Library/Core/Src/usbh_core.o
                0x000000000800a682                USBH_LL_Connect
 .text.USBH_LL_Disconnect
                0x000000000800a6b0       0x48 Middlewares/ST/STM32_USB_Host_Library/Core/Src/usbh_core.o
                0x000000000800a6b0                USBH_LL_Disconnect
 .text.USBH_Get_DevDesc
                0x000000000800a6f8       0x50 Middlewares/ST/STM32_USB_Host_Library/Core/Src/usbh_ctlreq.o
                0x000000000800a6f8                USBH_Get_DevDesc
 .text.USBH_Get_CfgDesc
                0x000000000800a748       0x48 Middlewares/ST/STM32_USB_Host_Library/Core/Src/usbh_ctlreq.o
                0x000000000800a748                USBH_Get_CfgDesc
 .text.USBH_Get_StringDesc
                0x000000000800a790       0x56 Middlewares/ST/STM32_USB_Host_Library/Core/Src/usbh_ctlreq.o
                0x000000000800a790                USBH_Get_StringDesc
 .text.USBH_GetDescriptor
                0x000000000800a7e6       0x6a Middlewares/ST/STM32_USB_Host_Library/Core/Src/usbh_ctlreq.o
                0x000000000800a7e6                USBH_GetDescriptor
 .text.USBH_SetAddress
                0x000000000800a850       0x48 Middlewares/ST/STM32_USB_Host_Library/Core/Src/usbh_ctlreq.o
                0x000000000800a850                USBH_SetAddress
 .text.USBH_SetCfg
                0x000000000800a898       0x46 Middlewares/ST/STM32_USB_Host_Library/Core/Src/usbh_ctlreq.o
                0x000000000800a898                USBH_SetCfg
 .text.USBH_SetFeature
                0x000000000800a8de       0x48 Middlewares/ST/STM32_USB_Host_Library/Core/Src/usbh_ctlreq.o
                0x000000000800a8de                USBH_SetFeature
 .text.USBH_ClrFeature
                0x000000000800a926       0x48 Middlewares/ST/STM32_USB_Host_Library/Core/Src/usbh_ctlreq.o
                0x000000000800a926                USBH_ClrFeature
 .text.USBH_ParseDevDesc
                0x000000000800a96e       0xe0 Middlewares/ST/STM32_USB_Host_Library/Core/Src/usbh_ctlreq.o
 .text.USBH_ParseCfgDesc
                0x000000000800aa4e      0x144 Middlewares/ST/STM32_USB_Host_Library/Core/Src/usbh_ctlreq.o
 .text.USBH_ParseInterfaceDesc
                0x000000000800ab92       0x5e Middlewares/ST/STM32_USB_Host_Library/Core/Src/usbh_ctlreq.o
 .text.USBH_ParseEPDesc
                0x000000000800abf0       0x5a Middlewares/ST/STM32_USB_Host_Library/Core/Src/usbh_ctlreq.o
 .text.USBH_ParseStringDesc
                0x000000000800ac4a       0x66 Middlewares/ST/STM32_USB_Host_Library/Core/Src/usbh_ctlreq.o
 .text.USBH_GetNextDesc
                0x000000000800acb0       0x36 Middlewares/ST/STM32_USB_Host_Library/Core/Src/usbh_ctlreq.o
                0x000000000800acb0                USBH_GetNextDesc
 .text.USBH_CtlReq
                0x000000000800ace6       0x7a Middlewares/ST/STM32_USB_Host_Library/Core/Src/usbh_ctlreq.o
                0x000000000800ace6                USBH_CtlReq
 .text.USBH_HandleControl
                0x000000000800ad60      0x2ec Middlewares/ST/STM32_USB_Host_Library/Core/Src/usbh_ctlreq.o
 .text.USBH_CtlSendSetup
                0x000000000800b04c       0x34 Middlewares/ST/STM32_USB_Host_Library/Core/Src/usbh_ioreq.o
                0x000000000800b04c                USBH_CtlSendSetup
 .text.USBH_CtlSendData
                0x000000000800b080       0x4a Middlewares/ST/STM32_USB_Host_Library/Core/Src/usbh_ioreq.o
                0x000000000800b080                USBH_CtlSendData
 .text.USBH_CtlReceiveData
                0x000000000800b0ca       0x3c Middlewares/ST/STM32_USB_Host_Library/Core/Src/usbh_ioreq.o
                0x000000000800b0ca                USBH_CtlReceiveData
 .text.USBH_BulkSendData
                0x000000000800b106       0x4a Middlewares/ST/STM32_USB_Host_Library/Core/Src/usbh_ioreq.o
                0x000000000800b106                USBH_BulkSendData
 .text.USBH_BulkReceiveData
                0x000000000800b150       0x3c Middlewares/ST/STM32_USB_Host_Library/Core/Src/usbh_ioreq.o
                0x000000000800b150                USBH_BulkReceiveData
 .text.USBH_OpenPipe
                0x000000000800b18c       0x3e Middlewares/ST/STM32_USB_Host_Library/Core/Src/usbh_pipes.o
                0x000000000800b18c                USBH_OpenPipe
 .text.USBH_ClosePipe
                0x000000000800b1ca       0x20 Middlewares/ST/STM32_USB_Host_Library/Core/Src/usbh_pipes.o
                0x000000000800b1ca                USBH_ClosePipe
 .text.USBH_AllocPipe
                0x000000000800b1ea       0x42 Middlewares/ST/STM32_USB_Host_Library/Core/Src/usbh_pipes.o
                0x000000000800b1ea                USBH_AllocPipe
 .text.USBH_FreePipe
                0x000000000800b22c       0x3c Middlewares/ST/STM32_USB_Host_Library/Core/Src/usbh_pipes.o
                0x000000000800b22c                USBH_FreePipe
 .text.USBH_GetFreePipe
                0x000000000800b268       0x48 Middlewares/ST/STM32_USB_Host_Library/Core/Src/usbh_pipes.o
 .text.disk_status
                0x000000000800b2b0       0x34 Middlewares/Third_Party/FatFs/src/diskio.o
                0x000000000800b2b0                disk_status
 .text.disk_initialize
                0x000000000800b2e4       0x4c Middlewares/Third_Party/FatFs/src/diskio.o
                0x000000000800b2e4                disk_initialize
 .text.disk_read
                0x000000000800b330       0x40 Middlewares/Third_Party/FatFs/src/diskio.o
                0x000000000800b330                disk_read
 .text.disk_write
                0x000000000800b370       0x40 Middlewares/Third_Party/FatFs/src/diskio.o
                0x000000000800b370                disk_write
 .text.disk_ioctl
                0x000000000800b3b0       0x3c Middlewares/Third_Party/FatFs/src/diskio.o
                0x000000000800b3b0                disk_ioctl
 .text.ld_word  0x000000000800b3ec       0x30 Middlewares/Third_Party/FatFs/src/ff.o
 .text.ld_dword
                0x000000000800b41c       0x46 Middlewares/Third_Party/FatFs/src/ff.o
 .text.st_word  0x000000000800b462       0x36 Middlewares/Third_Party/FatFs/src/ff.o
 .text.st_dword
                0x000000000800b498       0x58 Middlewares/Third_Party/FatFs/src/ff.o
 .text.mem_cpy  0x000000000800b4f0       0x42 Middlewares/Third_Party/FatFs/src/ff.o
 .text.mem_set  0x000000000800b532       0x34 Middlewares/Third_Party/FatFs/src/ff.o
 .text.mem_cmp  0x000000000800b566       0x4e Middlewares/Third_Party/FatFs/src/ff.o
 .text.chk_chr  0x000000000800b5b4       0x36 Middlewares/Third_Party/FatFs/src/ff.o
 *fill*         0x000000000800b5ea        0x2 
 .text.chk_lock
                0x000000000800b5ec       0xb8 Middlewares/Third_Party/FatFs/src/ff.o
 .text.enq_lock
                0x000000000800b6a4       0x44 Middlewares/Third_Party/FatFs/src/ff.o
 .text.inc_lock
                0x000000000800b6e8      0x11c Middlewares/Third_Party/FatFs/src/ff.o
 .text.dec_lock
                0x000000000800b804       0x78 Middlewares/Third_Party/FatFs/src/ff.o
 .text.clear_lock
                0x000000000800b87c       0x48 Middlewares/Third_Party/FatFs/src/ff.o
 .text.sync_window
                0x000000000800b8c4       0x88 Middlewares/Third_Party/FatFs/src/ff.o
 .text.move_window
                0x000000000800b94c       0x5a Middlewares/Third_Party/FatFs/src/ff.o
 *fill*         0x000000000800b9a6        0x2 
 .text.sync_fs  0x000000000800b9a8       0xdc Middlewares/Third_Party/FatFs/src/ff.o
 .text.clust2sect
                0x000000000800ba84       0x3e Middlewares/Third_Party/FatFs/src/ff.o
 .text.get_fat  0x000000000800bac2      0x14a Middlewares/Third_Party/FatFs/src/ff.o
 .text.put_fat  0x000000000800bc0c      0x1ce Middlewares/Third_Party/FatFs/src/ff.o
 .text.remove_chain
                0x000000000800bdda       0xca Middlewares/Third_Party/FatFs/src/ff.o
 .text.create_chain
                0x000000000800bea4      0x130 Middlewares/Third_Party/FatFs/src/ff.o
 .text.clmt_clust
                0x000000000800bfd4       0x68 Middlewares/Third_Party/FatFs/src/ff.o
 .text.dir_sdi  0x000000000800c03c       0xf6 Middlewares/Third_Party/FatFs/src/ff.o
 .text.dir_next
                0x000000000800c132      0x18a Middlewares/Third_Party/FatFs/src/ff.o
 .text.dir_alloc
                0x000000000800c2bc       0x8e Middlewares/Third_Party/FatFs/src/ff.o
 .text.ld_clust
                0x000000000800c34a       0x3e Middlewares/Third_Party/FatFs/src/ff.o
 .text.st_clust
                0x000000000800c388       0x40 Middlewares/Third_Party/FatFs/src/ff.o
 .text.dir_find
                0x000000000800c3c8       0xaa Middlewares/Third_Party/FatFs/src/ff.o
 .text.dir_register
                0x000000000800c472       0x64 Middlewares/Third_Party/FatFs/src/ff.o
 *fill*         0x000000000800c4d6        0x2 
 .text.create_name
                0x000000000800c4d8      0x128 Middlewares/Third_Party/FatFs/src/ff.o
 .text.follow_path
                0x000000000800c600       0xe2 Middlewares/Third_Party/FatFs/src/ff.o
 .text.get_ldnumber
                0x000000000800c6e2       0x88 Middlewares/Third_Party/FatFs/src/ff.o
 *fill*         0x000000000800c76a        0x2 
 .text.check_fs
                0x000000000800c76c       0xac Middlewares/Third_Party/FatFs/src/ff.o
 .text.find_volume
                0x000000000800c818      0x498 Middlewares/Third_Party/FatFs/src/ff.o
 .text.validate
                0x000000000800ccb0       0x6a Middlewares/Third_Party/FatFs/src/ff.o
 *fill*         0x000000000800cd1a        0x2 
 .text.f_mount  0x000000000800cd1c       0x8c Middlewares/Third_Party/FatFs/src/ff.o
                0x000000000800cd1c                f_mount
 .text.f_open   0x000000000800cda8      0x37c Middlewares/Third_Party/FatFs/src/ff.o
                0x000000000800cda8                f_open
 .text.f_read   0x000000000800d124      0x27e Middlewares/Third_Party/FatFs/src/ff.o
                0x000000000800d124                f_read
 .text.f_sync   0x000000000800d3a2       0xfc Middlewares/Third_Party/FatFs/src/ff.o
                0x000000000800d3a2                f_sync
 .text.f_close  0x000000000800d49e       0x54 Middlewares/Third_Party/FatFs/src/ff.o
                0x000000000800d49e                f_close
 .text.f_lseek  0x000000000800d4f2      0x412 Middlewares/Third_Party/FatFs/src/ff.o
                0x000000000800d4f2                f_lseek
 .text.FATFS_LinkDriverEx
                0x000000000800d904       0x98 Middlewares/Third_Party/FatFs/src/ff_gen_drv.o
                0x000000000800d904                FATFS_LinkDriverEx
 .text.FATFS_LinkDriver
                0x000000000800d99c       0x1e Middlewares/Third_Party/FatFs/src/ff_gen_drv.o
                0x000000000800d99c                FATFS_LinkDriver
 *fill*         0x000000000800d9ba        0x2 
 .text.MX_USB_HOST_Init
                0x000000000800d9bc       0x4c USB_HOST/App/usb_host.o
                0x000000000800d9bc                MX_USB_HOST_Init
 .text.MX_USB_HOST_Process
                0x000000000800da08       0x14 USB_HOST/App/usb_host.o
                0x000000000800da08                MX_USB_HOST_Process
 .text.USBH_UserProcess
                0x000000000800da1c       0x5c USB_HOST/App/usb_host.o
 .text.HAL_HCD_MspInit
                0x000000000800da78       0xc4 USB_HOST/Target/usbh_conf.o
                0x000000000800da78                HAL_HCD_MspInit
 .text.HAL_HCD_SOF_Callback
                0x000000000800db3c       0x1c USB_HOST/Target/usbh_conf.o
                0x000000000800db3c                HAL_HCD_SOF_Callback
 .text.HAL_HCD_Connect_Callback
                0x000000000800db58       0x1c USB_HOST/Target/usbh_conf.o
                0x000000000800db58                HAL_HCD_Connect_Callback
 .text.HAL_HCD_Disconnect_Callback
                0x000000000800db74       0x1c USB_HOST/Target/usbh_conf.o
                0x000000000800db74                HAL_HCD_Disconnect_Callback
 .text.HAL_HCD_HC_NotifyURBChange_Callback
                0x000000000800db90       0x1c USB_HOST/Target/usbh_conf.o
                0x000000000800db90                HAL_HCD_HC_NotifyURBChange_Callback
 .text.HAL_HCD_PortEnabled_Callback
                0x000000000800dbac       0x1c USB_HOST/Target/usbh_conf.o
                0x000000000800dbac                HAL_HCD_PortEnabled_Callback
 .text.HAL_HCD_PortDisabled_Callback
                0x000000000800dbc8       0x1c USB_HOST/Target/usbh_conf.o
                0x000000000800dbc8                HAL_HCD_PortDisabled_Callback
 .text.USBH_LL_Init
                0x000000000800dbe4       0x78 USB_HOST/Target/usbh_conf.o
                0x000000000800dbe4                USBH_LL_Init
 .text.USBH_LL_Start
                0x000000000800dc5c       0x36 USB_HOST/Target/usbh_conf.o
                0x000000000800dc5c                USBH_LL_Start
 .text.USBH_LL_Stop
                0x000000000800dc92       0x36 USB_HOST/Target/usbh_conf.o
                0x000000000800dc92                USBH_LL_Stop
 .text.USBH_LL_GetSpeed
                0x000000000800dcc8       0x4a USB_HOST/Target/usbh_conf.o
                0x000000000800dcc8                USBH_LL_GetSpeed
 .text.USBH_LL_ResetPort
                0x000000000800dd12       0x36 USB_HOST/Target/usbh_conf.o
                0x000000000800dd12                USBH_LL_ResetPort
 .text.USBH_LL_GetLastXferSize
                0x000000000800dd48       0x26 USB_HOST/Target/usbh_conf.o
                0x000000000800dd48                USBH_LL_GetLastXferSize
 .text.USBH_LL_OpenPipe
                0x000000000800dd6e       0x5e USB_HOST/Target/usbh_conf.o
                0x000000000800dd6e                USBH_LL_OpenPipe
 .text.USBH_LL_ClosePipe
                0x000000000800ddcc       0x3e USB_HOST/Target/usbh_conf.o
                0x000000000800ddcc                USBH_LL_ClosePipe
 .text.USBH_LL_SubmitURB
                0x000000000800de0a       0x62 USB_HOST/Target/usbh_conf.o
                0x000000000800de0a                USBH_LL_SubmitURB
 .text.USBH_LL_GetURBState
                0x000000000800de6c       0x26 USB_HOST/Target/usbh_conf.o
                0x000000000800de6c                USBH_LL_GetURBState
 .text.USBH_LL_DriverVBUS
                0x000000000800de92       0x1c USB_HOST/Target/usbh_conf.o
                0x000000000800de92                USBH_LL_DriverVBUS
 .text.USBH_LL_SetToggle
                0x000000000800deae       0x66 USB_HOST/Target/usbh_conf.o
                0x000000000800deae                USBH_LL_SetToggle
 .text.USBH_LL_GetToggle
                0x000000000800df14       0x66 USB_HOST/Target/usbh_conf.o
                0x000000000800df14                USBH_LL_GetToggle
 .text.USBH_Delay
                0x000000000800df7a       0x16 USB_HOST/Target/usbh_conf.o
                0x000000000800df7a                USBH_Delay
 .text.USBH_Get_USB_Status
                0x000000000800df90       0x58 USB_HOST/Target/usbh_conf.o
                0x000000000800df90                USBH_Get_USB_Status
 .text.__errno  0x000000000800dfe8        0xc c:/st/stm32cubeide_1.4.0/stm32cubeide/plugins/com.st.stm32cube.ide.mcu.externaltools.gnu-tools-for-stm32.7-2018-q2-update.win32_1.5.0.202011040924/tools/bin/../lib/gcc/arm-none-eabi/7.3.1/../../../../arm-none-eabi/lib/thumb/v7e-m/fpv4-sp/hard\libc_nano.a(lib_a-errno.o)
                0x000000000800dfe8                __errno
 .text.__libc_init_array
                0x000000000800dff4       0x48 c:/st/stm32cubeide_1.4.0/stm32cubeide/plugins/com.st.stm32cube.ide.mcu.externaltools.gnu-tools-for-stm32.7-2018-q2-update.win32_1.5.0.202011040924/tools/bin/../lib/gcc/arm-none-eabi/7.3.1/../../../../arm-none-eabi/lib/thumb/v7e-m/fpv4-sp/hard\libc_nano.a(lib_a-init.o)
                0x000000000800dff4                __libc_init_array
 .text.malloc   0x000000000800e03c       0x10 c:/st/stm32cubeide_1.4.0/stm32cubeide/plugins/com.st.stm32cube.ide.mcu.externaltools.gnu-tools-for-stm32.7-2018-q2-update.win32_1.5.0.202011040924/tools/bin/../lib/gcc/arm-none-eabi/7.3.1/../../../../arm-none-eabi/lib/thumb/v7e-m/fpv4-sp/hard\libc_nano.a(lib_a-malloc.o)
                0x000000000800e03c                malloc
 .text.free     0x000000000800e04c       0x10 c:/st/stm32cubeide_1.4.0/stm32cubeide/plugins/com.st.stm32cube.ide.mcu.externaltools.gnu-tools-for-stm32.7-2018-q2-update.win32_1.5.0.202011040924/tools/bin/../lib/gcc/arm-none-eabi/7.3.1/../../../../arm-none-eabi/lib/thumb/v7e-m/fpv4-sp/hard\libc_nano.a(lib_a-malloc.o)
                0x000000000800e04c                free
 .text.memcpy   0x000000000800e05c       0x16 c:/st/stm32cubeide_1.4.0/stm32cubeide/plugins/com.st.stm32cube.ide.mcu.externaltools.gnu-tools-for-stm32.7-2018-q2-update.win32_1.5.0.202011040924/tools/bin/../lib/gcc/arm-none-eabi/7.3.1/../../../../arm-none-eabi/lib/thumb/v7e-m/fpv4-sp/hard\libc_nano.a(lib_a-memcpy-stub.o)
                0x000000000800e05c                memcpy
 .text.memset   0x000000000800e072       0x10 c:/st/stm32cubeide_1.4.0/stm32cubeide/plugins/com.st.stm32cube.ide.mcu.externaltools.gnu-tools-for-stm32.7-2018-q2-update.win32_1.5.0.202011040924/tools/bin/../lib/gcc/arm-none-eabi/7.3.1/../../../../arm-none-eabi/lib/thumb/v7e-m/fpv4-sp/hard\libc_nano.a(lib_a-memset.o)
                0x000000000800e072                memset
 *fill*         0x000000000800e082        0x2 
 .text._free_r  0x000000000800e084       0x9c c:/st/stm32cubeide_1.4.0/stm32cubeide/plugins/com.st.stm32cube.ide.mcu.externaltools.gnu-tools-for-stm32.7-2018-q2-update.win32_1.5.0.202011040924/tools/bin/../lib/gcc/arm-none-eabi/7.3.1/../../../../arm-none-eabi/lib/thumb/v7e-m/fpv4-sp/hard\libc_nano.a(lib_a-nano-freer.o)
                0x000000000800e084                _free_r
 .text._malloc_r
                0x000000000800e120       0xb4 c:/st/stm32cubeide_1.4.0/stm32cubeide/plugins/com.st.stm32cube.ide.mcu.externaltools.gnu-tools-for-stm32.7-2018-q2-update.win32_1.5.0.202011040924/tools/bin/../lib/gcc/arm-none-eabi/7.3.1/../../../../arm-none-eabi/lib/thumb/v7e-m/fpv4-sp/hard\libc_nano.a(lib_a-nano-mallocr.o)
                0x000000000800e120                _malloc_r
 .text._sbrk_r  0x000000000800e1d4       0x20 c:/st/stm32cubeide_1.4.0/stm32cubeide/plugins/com.st.stm32cube.ide.mcu.externaltools.gnu-tools-for-stm32.7-2018-q2-update.win32_1.5.0.202011040924/tools/bin/../lib/gcc/arm-none-eabi/7.3.1/../../../../arm-none-eabi/lib/thumb/v7e-m/fpv4-sp/hard\libc_nano.a(lib_a-sbrkr.o)
                0x000000000800e1d4                _sbrk_r
 .text.__malloc_lock
                0x000000000800e1f4        0x2 c:/st/stm32cubeide_1.4.0/stm32cubeide/plugins/com.st.stm32cube.ide.mcu.externaltools.gnu-tools-for-stm32.7-2018-q2-update.win32_1.5.0.202011040924/tools/bin/../lib/gcc/arm-none-eabi/7.3.1/../../../../arm-none-eabi/lib/thumb/v7e-m/fpv4-sp/hard\libc_nano.a(lib_a-mlock.o)
                0x000000000800e1f4                __malloc_lock
 .text.__malloc_unlock
                0x000000000800e1f6        0x2 c:/st/stm32cubeide_1.4.0/stm32cubeide/plugins/com.st.stm32cube.ide.mcu.externaltools.gnu-tools-for-stm32.7-2018-q2-update.win32_1.5.0.202011040924/tools/bin/../lib/gcc/arm-none-eabi/7.3.1/../../../../arm-none-eabi/lib/thumb/v7e-m/fpv4-sp/hard\libc_nano.a(lib_a-mlock.o)
                0x000000000800e1f6                __malloc_unlock
 *(.glue_7)
 .glue_7        0x000000000800e1f8        0x0 linker stubs
 *(.glue_7t)
 .glue_7t       0x000000000800e1f8        0x0 linker stubs
 *(.eh_frame)
 .eh_frame      0x000000000800e1f8        0x0 c:/st/stm32cubeide_1.4.0/stm32cubeide/plugins/com.st.stm32cube.ide.mcu.externaltools.gnu-tools-for-stm32.7-2018-q2-update.win32_1.5.0.202011040924/tools/bin/../lib/gcc/arm-none-eabi/7.3.1/thumb/v7e-m/fpv4-sp/hard/crtbegin.o
 *(.init)
 .init          0x000000000800e1f8        0x4 c:/st/stm32cubeide_1.4.0/stm32cubeide/plugins/com.st.stm32cube.ide.mcu.externaltools.gnu-tools-for-stm32.7-2018-q2-update.win32_1.5.0.202011040924/tools/bin/../lib/gcc/arm-none-eabi/7.3.1/thumb/v7e-m/fpv4-sp/hard/crti.o
                0x000000000800e1f8                _init
 .init          0x000000000800e1fc        0x8 c:/st/stm32cubeide_1.4.0/stm32cubeide/plugins/com.st.stm32cube.ide.mcu.externaltools.gnu-tools-for-stm32.7-2018-q2-update.win32_1.5.0.202011040924/tools/bin/../lib/gcc/arm-none-eabi/7.3.1/thumb/v7e-m/fpv4-sp/hard/crtn.o
 *(.fini)
 .fini          0x000000000800e204        0x4 c:/st/stm32cubeide_1.4.0/stm32cubeide/plugins/com.st.stm32cube.ide.mcu.externaltools.gnu-tools-for-stm32.7-2018-q2-update.win32_1.5.0.202011040924/tools/bin/../lib/gcc/arm-none-eabi/7.3.1/thumb/v7e-m/fpv4-sp/hard/crti.o
                0x000000000800e204                _fini
 .fini          0x000000000800e208        0x8 c:/st/stm32cubeide_1.4.0/stm32cubeide/plugins/com.st.stm32cube.ide.mcu.externaltools.gnu-tools-for-stm32.7-2018-q2-update.win32_1.5.0.202011040924/tools/bin/../lib/gcc/arm-none-eabi/7.3.1/thumb/v7e-m/fpv4-sp/hard/crtn.o
                0x000000000800e210                . = ALIGN (0x4)
                0x000000000800e210                _etext = .

.vfp11_veneer   0x000000000800e210        0x0
 .vfp11_veneer  0x000000000800e210        0x0 linker stubs

.v4_bx          0x000000000800e210        0x0
 .v4_bx         0x000000000800e210        0x0 linker stubs

.iplt           0x000000000800e210        0x0
 .iplt          0x000000000800e210        0x0 c:/st/stm32cubeide_1.4.0/stm32cubeide/plugins/com.st.stm32cube.ide.mcu.externaltools.gnu-tools-for-stm32.7-2018-q2-update.win32_1.5.0.202011040924/tools/bin/../lib/gcc/arm-none-eabi/7.3.1/thumb/v7e-m/fpv4-sp/hard/crtbegin.o

.rodata         0x000000000800e210      0x16c
                0x000000000800e210                . = ALIGN (0x4)
 *(.rodata)
 .rodata        0x000000000800e210        0xf Core/Src/main.o
 *fill*         0x000000000800e21f        0x1 
 .rodata        0x000000000800e220        0x4 Middlewares/ST/STM32_USB_Host_Library/Class/MSC/Src/usbh_msc.o
 .rodata        0x000000000800e224       0x44 Middlewares/Third_Party/FatFs/src/ff.o
 *(.rodata*)
 .rodata.I2SFreq
                0x000000000800e268       0x20 Audio/audioI2S.o
                0x000000000800e268                I2SFreq
 .rodata.I2SPLLN
                0x000000000800e288       0x20 Audio/audioI2S.o
                0x000000000800e288                I2SPLLN
 .rodata.I2SPLLR
                0x000000000800e2a8       0x20 Audio/audioI2S.o
                0x000000000800e2a8                I2SPLLR
 .rodata.AHBPrescTable
                0x000000000800e2c8       0x10 Core/Src/system_stm32f4xx.o
                0x000000000800e2c8                AHBPrescTable
 .rodata.APBPrescTable
                0x000000000800e2d8        0x8 Core/Src/system_stm32f4xx.o
                0x000000000800e2d8                APBPrescTable
 .rodata.flagBitshiftOffset.8291
                0x000000000800e2e0        0x8 Drivers/STM32F4xx_HAL_Driver/Src/stm32f4xx_hal_dma.o
 .rodata.USBH_Driver
                0x000000000800e2e8       0x14 FATFS/Target/usbh_diskio.o
                0x000000000800e2e8                USBH_Driver
 .rodata.ExCvt  0x000000000800e2fc       0x80 Middlewares/Third_Party/FatFs/src/ff.o
                0x000000000800e37c                . = ALIGN (0x4)

.ARM.extab      0x000000000800e37c        0x0
                0x000000000800e37c                . = ALIGN (0x4)
 *(.ARM.extab* .gnu.linkonce.armextab.*)
                0x000000000800e37c                . = ALIGN (0x4)

.ARM            0x000000000800e37c        0x8
                0x000000000800e37c                . = ALIGN (0x4)
                0x000000000800e37c                __exidx_start = .
 *(.ARM.exidx*)
 .ARM.exidx     0x000000000800e37c        0x8 c:/st/stm32cubeide_1.4.0/stm32cubeide/plugins/com.st.stm32cube.ide.mcu.externaltools.gnu-tools-for-stm32.7-2018-q2-update.win32_1.5.0.202011040924/tools/bin/../lib/gcc/arm-none-eabi/7.3.1/thumb/v7e-m/fpv4-sp/hard\libgcc.a(_udivmoddi4.o)
                0x000000000800e384                __exidx_end = .
                0x000000000800e384                . = ALIGN (0x4)

.rel.dyn        0x000000000800e384        0x0
 .rel.iplt      0x000000000800e384        0x0 c:/st/stm32cubeide_1.4.0/stm32cubeide/plugins/com.st.stm32cube.ide.mcu.externaltools.gnu-tools-for-stm32.7-2018-q2-update.win32_1.5.0.202011040924/tools/bin/../lib/gcc/arm-none-eabi/7.3.1/thumb/v7e-m/fpv4-sp/hard/crtbegin.o

.preinit_array  0x000000000800e384        0x0
                0x000000000800e384                . = ALIGN (0x4)
                0x000000000800e384                PROVIDE (__preinit_array_start = .)
 *(.preinit_array*)
                0x000000000800e384                PROVIDE (__preinit_array_end = .)
                0x000000000800e384                . = ALIGN (0x4)

.init_array     0x000000000800e384        0x4
                0x000000000800e384                . = ALIGN (0x4)
                0x000000000800e384                PROVIDE (__init_array_start = .)
 *(SORT_BY_NAME(.init_array.*))
 *(.init_array*)
 .init_array    0x000000000800e384        0x4 c:/st/stm32cubeide_1.4.0/stm32cubeide/plugins/com.st.stm32cube.ide.mcu.externaltools.gnu-tools-for-stm32.7-2018-q2-update.win32_1.5.0.202011040924/tools/bin/../lib/gcc/arm-none-eabi/7.3.1/thumb/v7e-m/fpv4-sp/hard/crtbegin.o
                0x000000000800e388                PROVIDE (__init_array_end = .)
                0x000000000800e388                . = ALIGN (0x4)

.fini_array     0x000000000800e388        0x4
                0x000000000800e388                . = ALIGN (0x4)
                [!provide]                        PROVIDE (__fini_array_start = .)
 *(SORT_BY_NAME(.fini_array.*))
 *(.fini_array*)
 .fini_array    0x000000000800e388        0x4 c:/st/stm32cubeide_1.4.0/stm32cubeide/plugins/com.st.stm32cube.ide.mcu.externaltools.gnu-tools-for-stm32.7-2018-q2-update.win32_1.5.0.202011040924/tools/bin/../lib/gcc/arm-none-eabi/7.3.1/thumb/v7e-m/fpv4-sp/hard/crtbegin.o
                [!provide]                        PROVIDE (__fini_array_end = .)
                0x000000000800e38c                . = ALIGN (0x4)
                0x000000000800e38c                _sidata = LOADADDR (.data)

.data           0x0000000020000000       0x90 load address 0x000000000800e38c
                0x0000000020000000                . = ALIGN (0x4)
                0x0000000020000000                _sdata = .
 *(.data)
 *(.data*)
 .data.SystemCoreClock
                0x0000000020000000        0x4 Core/Src/system_stm32f4xx.o
                0x0000000020000000                SystemCoreClock
 .data.uwTickPrio
                0x0000000020000004        0x4 Drivers/STM32F4xx_HAL_Driver/Src/stm32f4xx_hal.o
                0x0000000020000004                uwTickPrio
 .data.uwTickFreq
                0x0000000020000008        0x1 Drivers/STM32F4xx_HAL_Driver/Src/stm32f4xx_hal.o
                0x0000000020000008                uwTickFreq
 *fill*         0x0000000020000009        0x3 
 .data.USBH_msc
                0x000000002000000c       0x20 Middlewares/ST/STM32_USB_Host_Library/Class/MSC/Src/usbh_msc.o
                0x000000002000000c                USBH_msc
 .data._impure_ptr
                0x000000002000002c        0x4 c:/st/stm32cubeide_1.4.0/stm32cubeide/plugins/com.st.stm32cube.ide.mcu.externaltools.gnu-tools-for-stm32.7-2018-q2-update.win32_1.5.0.202011040924/tools/bin/../lib/gcc/arm-none-eabi/7.3.1/../../../../arm-none-eabi/lib/thumb/v7e-m/fpv4-sp/hard\libc_nano.a(lib_a-impure.o)
                0x000000002000002c                _impure_ptr
 .data.impure_data
                0x0000000020000030       0x60 c:/st/stm32cubeide_1.4.0/stm32cubeide/plugins/com.st.stm32cube.ide.mcu.externaltools.gnu-tools-for-stm32.7-2018-q2-update.win32_1.5.0.202011040924/tools/bin/../lib/gcc/arm-none-eabi/7.3.1/../../../../arm-none-eabi/lib/thumb/v7e-m/fpv4-sp/hard\libc_nano.a(lib_a-impure.o)
 *(.RamFunc)
 *(.RamFunc*)
                0x0000000020000090                . = ALIGN (0x4)
                0x0000000020000090                _edata = .

.igot.plt       0x0000000020000090        0x0 load address 0x000000000800e41c
 .igot.plt      0x0000000020000090        0x0 c:/st/stm32cubeide_1.4.0/stm32cubeide/plugins/com.st.stm32cube.ide.mcu.externaltools.gnu-tools-for-stm32.7-2018-q2-update.win32_1.5.0.202011040924/tools/bin/../lib/gcc/arm-none-eabi/7.3.1/thumb/v7e-m/fpv4-sp/hard/crtbegin.o
                0x0000000020000090                . = ALIGN (0x4)

.bss            0x0000000020000090     0x1f54 load address 0x000000000800e41c
                0x0000000020000090                _sbss = .
                0x0000000020000090                __bss_start__ = _sbss
 *(.bss)
 .bss           0x0000000020000090       0x1c c:/st/stm32cubeide_1.4.0/stm32cubeide/plugins/com.st.stm32cube.ide.mcu.externaltools.gnu-tools-for-stm32.7-2018-q2-update.win32_1.5.0.202011040924/tools/bin/../lib/gcc/arm-none-eabi/7.3.1/thumb/v7e-m/fpv4-sp/hard/crtbegin.o
 *(.bss*)
 .bss.i2cx      0x00000000200000ac       0x54 Audio/MY_CS43L22.o
 .bss.hAudioI2S
                0x0000000020000100        0x4 Audio/audioI2S.o
 .bss.wavFile   0x0000000020000104      0x230 Audio/wav_player.o
 .bss.fileLength
                0x0000000020000334        0x4 Audio/wav_player.o
 .bss.audioBuffer
                0x0000000020000338     0x1000 Audio/wav_player.o
 .bss.audioRemainSize
                0x0000000020001338        0x4 Audio/wav_player.o
 .bss.samplingFreq
                0x000000002000133c        0x4 Audio/wav_player.o
 .bss.playerReadBytes
                0x0000000020001340        0x4 Audio/wav_player.o
 .bss.isFinished
                0x0000000020001344        0x1 Audio/wav_player.o
 .bss.playerControlSM
                0x0000000020001345        0x1 Audio/wav_player.o
 *fill*         0x0000000020001346        0x2 
 .bss.__sbrk_heap_end
                0x0000000020001348        0x4 Core/Src/sysmem.o
 .bss.tmpreg.8447
                0x000000002000134c        0x4 Drivers/STM32F4xx_HAL_Driver/Src/stm32f4xx_ll_usb.o
 .bss.FatFs     0x0000000020001350        0x4 Middlewares/Third_Party/FatFs/src/ff.o
 .bss.Fsid      0x0000000020001354        0x2 Middlewares/Third_Party/FatFs/src/ff.o
 *fill*         0x0000000020001356        0x2 
 .bss.Files     0x0000000020001358       0x20 Middlewares/Third_Party/FatFs/src/ff.o
 .bss.disk      0x0000000020001378        0xc Middlewares/Third_Party/FatFs/src/ff_gen_drv.o
                0x0000000020001378                disk
 .bss.Appli_state
                0x0000000020001384        0x1 USB_HOST/App/usb_host.o
                0x0000000020001384                Appli_state
 *fill*         0x0000000020001385        0x3 
 .bss.__malloc_free_list
                0x0000000020001388        0x4 c:/st/stm32cubeide_1.4.0/stm32cubeide/plugins/com.st.stm32cube.ide.mcu.externaltools.gnu-tools-for-stm32.7-2018-q2-update.win32_1.5.0.202011040924/tools/bin/../lib/gcc/arm-none-eabi/7.3.1/../../../../arm-none-eabi/lib/thumb/v7e-m/fpv4-sp/hard\libc_nano.a(lib_a-nano-mallocr.o)
                0x0000000020001388                __malloc_free_list
 .bss.__malloc_sbrk_start
                0x000000002000138c        0x4 c:/st/stm32cubeide_1.4.0/stm32cubeide/plugins/com.st.stm32cube.ide.mcu.externaltools.gnu-tools-for-stm32.7-2018-q2-update.win32_1.5.0.202011040924/tools/bin/../lib/gcc/arm-none-eabi/7.3.1/../../../../arm-none-eabi/lib/thumb/v7e-m/fpv4-sp/hard\libc_nano.a(lib_a-nano-mallocr.o)
                0x000000002000138c                __malloc_sbrk_start
 *(COMMON)
 COMMON         0x0000000020001390      0x148 Core/Src/main.o
                0x0000000020001390                hi2c1
                0x00000000200013e4                hdma_spi3_tx
                0x0000000020001444                hadc1
                0x000000002000148c                volumen
                0x0000000020001490                hi2s3
 COMMON         0x00000000200014d8        0x4 Drivers/STM32F4xx_HAL_Driver/Src/stm32f4xx_hal.o
                0x00000000200014d8                uwTick
 COMMON         0x00000000200014dc      0x465 FATFS/App/fatfs.o
                0x00000000200014dc                USBHPath
                0x00000000200014e0                USBHFile
                0x0000000020001710                USBHFatFS
                0x0000000020001940                retUSBH
 *fill*         0x0000000020001941        0x3 
 COMMON         0x0000000020001944      0x3d8 USB_HOST/App/usb_host.o
                0x0000000020001944                hUsbHostFS
 COMMON         0x0000000020001d1c      0x2c4 USB_HOST/Target/usbh_conf.o
                0x0000000020001d1c                hhcd_USB_OTG_FS
 COMMON         0x0000000020001fe0        0x4 c:/st/stm32cubeide_1.4.0/stm32cubeide/plugins/com.st.stm32cube.ide.mcu.externaltools.gnu-tools-for-stm32.7-2018-q2-update.win32_1.5.0.202011040924/tools/bin/../lib/gcc/arm-none-eabi/7.3.1/../../../../arm-none-eabi/lib/thumb/v7e-m/fpv4-sp/hard\libc_nano.a(lib_a-reent.o)
                0x0000000020001fe0                errno
                0x0000000020001fe4                . = ALIGN (0x4)
                0x0000000020001fe4                _ebss = .
                0x0000000020001fe4                __bss_end__ = _ebss

._user_heap_stack
                0x0000000020001fe4     0x4004 load address 0x000000000800e41c
                0x0000000020001fe8                . = ALIGN (0x8)
 *fill*         0x0000000020001fe4        0x4 
                [!provide]                        PROVIDE (end = .)
                0x0000000020001fe8                PROVIDE (_end = .)
                0x0000000020003fe8                . = (. + _Min_Heap_Size)
 *fill*         0x0000000020001fe8     0x2000 
                0x0000000020005fe8                . = (. + _Min_Stack_Size)
 *fill*         0x0000000020003fe8     0x2000 
                0x0000000020005fe8                . = ALIGN (0x8)

/DISCARD/
 libc.a(*)
 libm.a(*)
 libgcc.a(*)

.ARM.attributes
                0x0000000000000000       0x30
 *(.ARM.attributes)
 .ARM.attributes
                0x0000000000000000       0x22 c:/st/stm32cubeide_1.4.0/stm32cubeide/plugins/com.st.stm32cube.ide.mcu.externaltools.gnu-tools-for-stm32.7-2018-q2-update.win32_1.5.0.202011040924/tools/bin/../lib/gcc/arm-none-eabi/7.3.1/thumb/v7e-m/fpv4-sp/hard/crti.o
 .ARM.attributes
                0x0000000000000022       0x34 c:/st/stm32cubeide_1.4.0/stm32cubeide/plugins/com.st.stm32cube.ide.mcu.externaltools.gnu-tools-for-stm32.7-2018-q2-update.win32_1.5.0.202011040924/tools/bin/../lib/gcc/arm-none-eabi/7.3.1/thumb/v7e-m/fpv4-sp/hard/crtbegin.o
 .ARM.attributes
                0x0000000000000056       0x39 Audio/MY_CS43L22.o
 .ARM.attributes
                0x000000000000008f       0x39 Audio/audioI2S.o
 .ARM.attributes
                0x00000000000000c8       0x39 Audio/wav_player.o
 .ARM.attributes
                0x0000000000000101       0x39 Core/Src/main.o
 .ARM.attributes
                0x000000000000013a       0x39 Core/Src/stm32f4xx_hal_msp.o
 .ARM.attributes
                0x0000000000000173       0x39 Core/Src/stm32f4xx_it.o
 .ARM.attributes
                0x00000000000001ac       0x39 Core/Src/sysmem.o
 .ARM.attributes
                0x00000000000001e5       0x39 Core/Src/system_stm32f4xx.o
 .ARM.attributes
                0x000000000000021e       0x21 Core/Startup/startup_stm32f407vgtx.o
 .ARM.attributes
                0x000000000000023f       0x39 Drivers/STM32F4xx_HAL_Driver/Src/stm32f4xx_hal.o
 .ARM.attributes
                0x0000000000000278       0x39 Drivers/STM32F4xx_HAL_Driver/Src/stm32f4xx_hal_adc.o
 .ARM.attributes
                0x00000000000002b1       0x39 Drivers/STM32F4xx_HAL_Driver/Src/stm32f4xx_hal_cortex.o
 .ARM.attributes
                0x00000000000002ea       0x39 Drivers/STM32F4xx_HAL_Driver/Src/stm32f4xx_hal_dma.o
 .ARM.attributes
                0x0000000000000323       0x39 Drivers/STM32F4xx_HAL_Driver/Src/stm32f4xx_hal_gpio.o
 .ARM.attributes
                0x000000000000035c       0x39 Drivers/STM32F4xx_HAL_Driver/Src/stm32f4xx_hal_hcd.o
 .ARM.attributes
                0x0000000000000395       0x39 Drivers/STM32F4xx_HAL_Driver/Src/stm32f4xx_hal_i2c.o
 .ARM.attributes
                0x00000000000003ce       0x39 Drivers/STM32F4xx_HAL_Driver/Src/stm32f4xx_hal_i2s.o
 .ARM.attributes
                0x0000000000000407       0x39 Drivers/STM32F4xx_HAL_Driver/Src/stm32f4xx_hal_i2s_ex.o
 .ARM.attributes
                0x0000000000000440       0x39 Drivers/STM32F4xx_HAL_Driver/Src/stm32f4xx_hal_rcc.o
 .ARM.attributes
                0x0000000000000479       0x39 Drivers/STM32F4xx_HAL_Driver/Src/stm32f4xx_hal_rcc_ex.o
 .ARM.attributes
                0x00000000000004b2       0x39 Drivers/STM32F4xx_HAL_Driver/Src/stm32f4xx_ll_usb.o
 .ARM.attributes
                0x00000000000004eb       0x39 FATFS/App/fatfs.o
 .ARM.attributes
                0x0000000000000524       0x39 FATFS/Target/usbh_diskio.o
 .ARM.attributes
                0x000000000000055d       0x39 Middlewares/ST/STM32_USB_Host_Library/Class/MSC/Src/usbh_msc.o
 .ARM.attributes
                0x0000000000000596       0x39 Middlewares/ST/STM32_USB_Host_Library/Class/MSC/Src/usbh_msc_bot.o
 .ARM.attributes
                0x00000000000005cf       0x39 Middlewares/ST/STM32_USB_Host_Library/Class/MSC/Src/usbh_msc_scsi.o
 .ARM.attributes
                0x0000000000000608       0x39 Middlewares/ST/STM32_USB_Host_Library/Core/Src/usbh_core.o
 .ARM.attributes
                0x0000000000000641       0x39 Middlewares/ST/STM32_USB_Host_Library/Core/Src/usbh_ctlreq.o
 .ARM.attributes
                0x000000000000067a       0x39 Middlewares/ST/STM32_USB_Host_Library/Core/Src/usbh_ioreq.o
 .ARM.attributes
                0x00000000000006b3       0x39 Middlewares/ST/STM32_USB_Host_Library/Core/Src/usbh_pipes.o
 .ARM.attributes
                0x00000000000006ec       0x39 Middlewares/Third_Party/FatFs/src/diskio.o
 .ARM.attributes
                0x0000000000000725       0x39 Middlewares/Third_Party/FatFs/src/ff.o
 .ARM.attributes
                0x000000000000075e       0x39 Middlewares/Third_Party/FatFs/src/ff_gen_drv.o
 .ARM.attributes
                0x0000000000000797       0x39 USB_HOST/App/usb_host.o
 .ARM.attributes
                0x00000000000007d0       0x39 USB_HOST/Target/usbh_conf.o
 .ARM.attributes
                0x0000000000000809       0x34 c:/st/stm32cubeide_1.4.0/stm32cubeide/plugins/com.st.stm32cube.ide.mcu.externaltools.gnu-tools-for-stm32.7-2018-q2-update.win32_1.5.0.202011040924/tools/bin/../lib/gcc/arm-none-eabi/7.3.1/../../../../arm-none-eabi/lib/thumb/v7e-m/fpv4-sp/hard\libc_nano.a(lib_a-errno.o)
 .ARM.attributes
                0x000000000000083d       0x34 c:/st/stm32cubeide_1.4.0/stm32cubeide/plugins/com.st.stm32cube.ide.mcu.externaltools.gnu-tools-for-stm32.7-2018-q2-update.win32_1.5.0.202011040924/tools/bin/../lib/gcc/arm-none-eabi/7.3.1/../../../../arm-none-eabi/lib/thumb/v7e-m/fpv4-sp/hard\libc_nano.a(lib_a-impure.o)
 .ARM.attributes
                0x0000000000000871       0x34 c:/st/stm32cubeide_1.4.0/stm32cubeide/plugins/com.st.stm32cube.ide.mcu.externaltools.gnu-tools-for-stm32.7-2018-q2-update.win32_1.5.0.202011040924/tools/bin/../lib/gcc/arm-none-eabi/7.3.1/../../../../arm-none-eabi/lib/thumb/v7e-m/fpv4-sp/hard\libc_nano.a(lib_a-init.o)
 .ARM.attributes
                0x00000000000008a5       0x34 c:/st/stm32cubeide_1.4.0/stm32cubeide/plugins/com.st.stm32cube.ide.mcu.externaltools.gnu-tools-for-stm32.7-2018-q2-update.win32_1.5.0.202011040924/tools/bin/../lib/gcc/arm-none-eabi/7.3.1/../../../../arm-none-eabi/lib/thumb/v7e-m/fpv4-sp/hard\libc_nano.a(lib_a-malloc.o)
 .ARM.attributes
                0x00000000000008d9       0x34 c:/st/stm32cubeide_1.4.0/stm32cubeide/plugins/com.st.stm32cube.ide.mcu.externaltools.gnu-tools-for-stm32.7-2018-q2-update.win32_1.5.0.202011040924/tools/bin/../lib/gcc/arm-none-eabi/7.3.1/../../../../arm-none-eabi/lib/thumb/v7e-m/fpv4-sp/hard\libc_nano.a(lib_a-memcpy-stub.o)
 .ARM.attributes
                0x000000000000090d       0x34 c:/st/stm32cubeide_1.4.0/stm32cubeide/plugins/com.st.stm32cube.ide.mcu.externaltools.gnu-tools-for-stm32.7-2018-q2-update.win32_1.5.0.202011040924/tools/bin/../lib/gcc/arm-none-eabi/7.3.1/../../../../arm-none-eabi/lib/thumb/v7e-m/fpv4-sp/hard\libc_nano.a(lib_a-memset.o)
 .ARM.attributes
                0x0000000000000941       0x34 c:/st/stm32cubeide_1.4.0/stm32cubeide/plugins/com.st.stm32cube.ide.mcu.externaltools.gnu-tools-for-stm32.7-2018-q2-update.win32_1.5.0.202011040924/tools/bin/../lib/gcc/arm-none-eabi/7.3.1/../../../../arm-none-eabi/lib/thumb/v7e-m/fpv4-sp/hard\libc_nano.a(lib_a-nano-freer.o)
 .ARM.attributes
                0x0000000000000975       0x34 c:/st/stm32cubeide_1.4.0/stm32cubeide/plugins/com.st.stm32cube.ide.mcu.externaltools.gnu-tools-for-stm32.7-2018-q2-update.win32_1.5.0.202011040924/tools/bin/../lib/gcc/arm-none-eabi/7.3.1/../../../../arm-none-eabi/lib/thumb/v7e-m/fpv4-sp/hard\libc_nano.a(lib_a-nano-mallocr.o)
 .ARM.attributes
                0x00000000000009a9       0x34 c:/st/stm32cubeide_1.4.0/stm32cubeide/plugins/com.st.stm32cube.ide.mcu.externaltools.gnu-tools-for-stm32.7-2018-q2-update.win32_1.5.0.202011040924/tools/bin/../lib/gcc/arm-none-eabi/7.3.1/../../../../arm-none-eabi/lib/thumb/v7e-m/fpv4-sp/hard\libc_nano.a(lib_a-sbrkr.o)
 .ARM.attributes
                0x00000000000009dd       0x34 c:/st/stm32cubeide_1.4.0/stm32cubeide/plugins/com.st.stm32cube.ide.mcu.externaltools.gnu-tools-for-stm32.7-2018-q2-update.win32_1.5.0.202011040924/tools/bin/../lib/gcc/arm-none-eabi/7.3.1/../../../../arm-none-eabi/lib/thumb/v7e-m/fpv4-sp/hard\libc_nano.a(lib_a-mlock.o)
 .ARM.attributes
                0x0000000000000a11       0x34 c:/st/stm32cubeide_1.4.0/stm32cubeide/plugins/com.st.stm32cube.ide.mcu.externaltools.gnu-tools-for-stm32.7-2018-q2-update.win32_1.5.0.202011040924/tools/bin/../lib/gcc/arm-none-eabi/7.3.1/../../../../arm-none-eabi/lib/thumb/v7e-m/fpv4-sp/hard\libc_nano.a(lib_a-reent.o)
 .ARM.attributes
                0x0000000000000a45       0x22 c:/st/stm32cubeide_1.4.0/stm32cubeide/plugins/com.st.stm32cube.ide.mcu.externaltools.gnu-tools-for-stm32.7-2018-q2-update.win32_1.5.0.202011040924/tools/bin/../lib/gcc/arm-none-eabi/7.3.1/thumb/v7e-m/fpv4-sp/hard\libgcc.a(_aeabi_uldivmod.o)
 .ARM.attributes
                0x0000000000000a67       0x34 c:/st/stm32cubeide_1.4.0/stm32cubeide/plugins/com.st.stm32cube.ide.mcu.externaltools.gnu-tools-for-stm32.7-2018-q2-update.win32_1.5.0.202011040924/tools/bin/../lib/gcc/arm-none-eabi/7.3.1/thumb/v7e-m/fpv4-sp/hard\libgcc.a(_udivmoddi4.o)
 .ARM.attributes
                0x0000000000000a9b       0x22 c:/st/stm32cubeide_1.4.0/stm32cubeide/plugins/com.st.stm32cube.ide.mcu.externaltools.gnu-tools-for-stm32.7-2018-q2-update.win32_1.5.0.202011040924/tools/bin/../lib/gcc/arm-none-eabi/7.3.1/thumb/v7e-m/fpv4-sp/hard\libgcc.a(_dvmd_tls.o)
 .ARM.attributes
                0x0000000000000abd       0x22 c:/st/stm32cubeide_1.4.0/stm32cubeide/plugins/com.st.stm32cube.ide.mcu.externaltools.gnu-tools-for-stm32.7-2018-q2-update.win32_1.5.0.202011040924/tools/bin/../lib/gcc/arm-none-eabi/7.3.1/thumb/v7e-m/fpv4-sp/hard/crtn.o
OUTPUT(WAV.elf elf32-littlearm)

.debug_info     0x0000000000000000    0x286b0
 .debug_info    0x0000000000000000      0xb3f Audio/MY_CS43L22.o
 .debug_info    0x0000000000000b3f      0x8fb Audio/audioI2S.o
 .debug_info    0x000000000000143a     0x1847 Audio/wav_player.o
 .debug_info    0x0000000000002c81     0x2823 Core/Src/main.o
 .debug_info    0x00000000000054a4      0xfab Core/Src/stm32f4xx_hal_msp.o
 .debug_info    0x000000000000644f      0x8f6 Core/Src/stm32f4xx_it.o
 .debug_info    0x0000000000006d45      0x985 Core/Src/sysmem.o
 .debug_info    0x00000000000076ca      0x554 Core/Src/system_stm32f4xx.o
 .debug_info    0x0000000000007c1e       0x22 Core/Startup/startup_stm32f407vgtx.o
 .debug_info    0x0000000000007c40      0x945 Drivers/STM32F4xx_HAL_Driver/Src/stm32f4xx_hal.o
 .debug_info    0x0000000000008585      0xcee Drivers/STM32F4xx_HAL_Driver/Src/stm32f4xx_hal_adc.o
 .debug_info    0x0000000000009273      0xe28 Drivers/STM32F4xx_HAL_Driver/Src/stm32f4xx_hal_cortex.o
 .debug_info    0x000000000000a09b      0x968 Drivers/STM32F4xx_HAL_Driver/Src/stm32f4xx_hal_dma.o
 .debug_info    0x000000000000aa03      0x7b5 Drivers/STM32F4xx_HAL_Driver/Src/stm32f4xx_hal_gpio.o
 .debug_info    0x000000000000b1b8      0xe5f Drivers/STM32F4xx_HAL_Driver/Src/stm32f4xx_hal_hcd.o
 .debug_info    0x000000000000c017     0x2426 Drivers/STM32F4xx_HAL_Driver/Src/stm32f4xx_hal_i2c.o
 .debug_info    0x000000000000e43d      0xe5e Drivers/STM32F4xx_HAL_Driver/Src/stm32f4xx_hal_i2s.o
 .debug_info    0x000000000000f29b      0xb76 Drivers/STM32F4xx_HAL_Driver/Src/stm32f4xx_hal_i2s_ex.o
 .debug_info    0x000000000000fe11      0x904 Drivers/STM32F4xx_HAL_Driver/Src/stm32f4xx_hal_rcc.o
 .debug_info    0x0000000000010715      0x5ae Drivers/STM32F4xx_HAL_Driver/Src/stm32f4xx_hal_rcc_ex.o
 .debug_info    0x0000000000010cc3     0x18dd Drivers/STM32F4xx_HAL_Driver/Src/stm32f4xx_ll_usb.o
 .debug_info    0x00000000000125a0     0x15b4 FATFS/App/fatfs.o
 .debug_info    0x0000000000013b54     0x16a9 FATFS/Target/usbh_diskio.o
 .debug_info    0x00000000000151fd     0x1b22 Middlewares/ST/STM32_USB_Host_Library/Class/MSC/Src/usbh_msc.o
 .debug_info    0x0000000000016d1f     0x193b Middlewares/ST/STM32_USB_Host_Library/Class/MSC/Src/usbh_msc_bot.o
 .debug_info    0x000000000001865a     0x1997 Middlewares/ST/STM32_USB_Host_Library/Class/MSC/Src/usbh_msc_scsi.o
 .debug_info    0x0000000000019ff1     0x16b2 Middlewares/ST/STM32_USB_Host_Library/Core/Src/usbh_core.o
 .debug_info    0x000000000001b6a3     0x1772 Middlewares/ST/STM32_USB_Host_Library/Core/Src/usbh_ctlreq.o
 .debug_info    0x000000000001ce15     0x14df Middlewares/ST/STM32_USB_Host_Library/Core/Src/usbh_ioreq.o